Archive member included because of file (symbol)

c:/isis/application/toolchain/bin/../lib/gcc/arm-none-eabi/4.7.4/../../../../arm-none-eabi/lib\libc_s.a(lib_a-vfprintf_float.o)
                              (_printf_float)
c:/isis/application/toolchain/bin/../lib/gcc/arm-none-eabi/4.7.4/../../../../arm-none-eabi/lib\libc_s.a(lib_a-vfprintf_i.o)
                              c:/isis/application/toolchain/bin/../lib/gcc/arm-none-eabi/4.7.4/../../../../arm-none-eabi/lib\libc_s.a(lib_a-vfprintf_float.o) (_printf_common)
c:/isis/application/toolchain/bin/../lib/gcc/arm-none-eabi/4.7.4/../../../../arm-none-eabi/lib\libc_s.a(lib_a-vfscanf_float.o)
                              (_scanf_float)
c:/isis/application/toolchain/bin/../lib/gcc/arm-none-eabi/4.7.4/../../../../arm-none-eabi/lib\libc_s.a(lib_a-dtoa.o)
                              c:/isis/application/toolchain/bin/../lib/gcc/arm-none-eabi/4.7.4/../../../../arm-none-eabi/lib\libc_s.a(lib_a-vfprintf_float.o) (_dtoa_r)
c:/isis/application/toolchain/bin/../lib/gcc/arm-none-eabi/4.7.4/../../../../arm-none-eabi/lib\libc_s.a(lib_a-locale.o)
                              c:/isis/application/toolchain/bin/../lib/gcc/arm-none-eabi/4.7.4/../../../../arm-none-eabi/lib\libc_s.a(lib_a-vfprintf_float.o) (_localeconv_r)
c:/isis/application/toolchain/bin/../lib/gcc/arm-none-eabi/4.7.4/../../../../arm-none-eabi/lib\libc_s.a(lib_a-malloc.o)
                              c:/isis/application/toolchain/bin/../lib/gcc/arm-none-eabi/4.7.4/../../../../arm-none-eabi/lib\libc_s.a(lib_a-dtoa.o) (malloc)
c:/isis/application/toolchain/bin/../lib/gcc/arm-none-eabi/4.7.4/../../../../arm-none-eabi/lib\libc_s.a(lib_a-mallocr.o)
                              c:/isis/application/toolchain/bin/../lib/gcc/arm-none-eabi/4.7.4/../../../../arm-none-eabi/lib\libc_s.a(lib_a-malloc.o) (_malloc_r)
c:/isis/application/toolchain/bin/../lib/gcc/arm-none-eabi/4.7.4/../../../../arm-none-eabi/lib\libc_s.a(lib_a-memcpy.o)
                              c:/isis/application/toolchain/bin/../lib/gcc/arm-none-eabi/4.7.4/../../../../arm-none-eabi/lib\libc_s.a(lib_a-dtoa.o) (memcpy)
c:/isis/application/toolchain/bin/../lib/gcc/arm-none-eabi/4.7.4/../../../../arm-none-eabi/lib\libc_s.a(lib_a-mprec.o)
                              c:/isis/application/toolchain/bin/../lib/gcc/arm-none-eabi/4.7.4/../../../../arm-none-eabi/lib\libc_s.a(lib_a-dtoa.o) (_Balloc)
c:/isis/application/toolchain/bin/../lib/gcc/arm-none-eabi/4.7.4/../../../../arm-none-eabi/lib\libc_s.a(lib_a-s_fpclassify.o)
                              c:/isis/application/toolchain/bin/../lib/gcc/arm-none-eabi/4.7.4/../../../../arm-none-eabi/lib\libc_s.a(lib_a-vfprintf_float.o) (__fpclassifyd)
c:/isis/application/toolchain/bin/../lib/gcc/arm-none-eabi/4.7.4/../../../../arm-none-eabi/lib\libc_s.a(lib_a-sbrkr.o)
                              c:/isis/application/toolchain/bin/../lib/gcc/arm-none-eabi/4.7.4/../../../../arm-none-eabi/lib\libc_s.a(lib_a-mallocr.o) (_sbrk_r)
c:/isis/application/toolchain/bin/../lib/gcc/arm-none-eabi/4.7.4/../../../../arm-none-eabi/lib\libc_s.a(lib_a-sf_nan.o)
                              c:/isis/application/toolchain/bin/../lib/gcc/arm-none-eabi/4.7.4/../../../../arm-none-eabi/lib\libc_s.a(lib_a-vfscanf_float.o) (nanf)
c:/isis/application/toolchain/bin/../lib/gcc/arm-none-eabi/4.7.4/../../../../arm-none-eabi/lib\libc_s.a(lib_a-sprintf.o)
                              c:/isis/application/toolchain/bin/../lib/gcc/arm-none-eabi/4.7.4/../../../../arm-none-eabi/lib\libc_s.a(lib_a-vfscanf_float.o) (sprintf)
c:/isis/application/toolchain/bin/../lib/gcc/arm-none-eabi/4.7.4/../../../../arm-none-eabi/lib\libc_s.a(lib_a-strcmp.o)
                              c:/isis/application/toolchain/bin/../lib/gcc/arm-none-eabi/4.7.4/../../../../arm-none-eabi/lib\libc_s.a(lib_a-locale.o) (strcmp)
c:/isis/application/toolchain/bin/../lib/gcc/arm-none-eabi/4.7.4/../../../../arm-none-eabi/lib\libc_s.a(lib_a-strlen.o)
                              c:/isis/application/toolchain/bin/../lib/gcc/arm-none-eabi/4.7.4/../../../../arm-none-eabi/lib\libc_s.a(lib_a-vfprintf_float.o) (strlen)
c:/isis/application/toolchain/bin/../lib/gcc/arm-none-eabi/4.7.4/../../../../arm-none-eabi/lib\libc_s.a(lib_a-strtod.o)
                              c:/isis/application/toolchain/bin/../lib/gcc/arm-none-eabi/4.7.4/../../../../arm-none-eabi/lib\libc_s.a(lib_a-vfscanf_float.o) (_strtod_r)
c:/isis/application/toolchain/bin/../lib/gcc/arm-none-eabi/4.7.4/../../../../arm-none-eabi/lib\libc_s.a(lib_a-strtol.o)
                              c:/isis/application/toolchain/bin/../lib/gcc/arm-none-eabi/4.7.4/../../../../arm-none-eabi/lib\libc_s.a(lib_a-vfscanf_float.o) (_strtol_r)
c:/isis/application/toolchain/bin/../lib/gcc/arm-none-eabi/4.7.4/../../../../arm-none-eabi/lib\libc_s.a(lib_a-svfprintf.o)
                              c:/isis/application/toolchain/bin/../lib/gcc/arm-none-eabi/4.7.4/../../../../arm-none-eabi/lib\libc_s.a(lib_a-sprintf.o) (_svfprintf_r)
[...]
Memory Configuration

Name             Origin             Length             Attributes
sram0            0x00200000         0x00004000         w !xr
sram1            0x00300000         0x00004000         w !xr
sdram            0x20000000         0x02000000         w !xr
*default*        0x00000000         0xffffffff

Linker script and memory map

LOAD c:/isis/application/toolchain/bin/../lib/gcc/arm-none-eabi/4.7.4/../../../../arm-none-eabi/lib\libc_s.a
LOAD ./src/TestingDemos/CommandsTestingDemo.o
LOAD ./src/TestingDemos/EpsTestingDemo.o
LOAD ./src/TestingDemos/FileSystemTestingDemo.o
LOAD ./src/TestingDemos/MainTest.o
LOAD ./src/TestingDemos/MaintenanceTestingDemo.o
LOAD ./src/TestingDemos/TelemetryTestingDemo.o
LOAD ./src/TestingDemos/TrxvuTestingDemo.o
LOAD ./src/SubSystemModules/PowerManagment/EPS.o
LOAD ./src/SubSystemModules/PowerManagment/EPSOperationModes.o
LOAD ./src/SubSystemModules/Maintenance/Maintenance.o
LOAD ./src/SubSystemModules/Housekepping/TelemetryCollector.o
LOAD ./src/SubSystemModules/Communication/SubsystemCommands/EPS_Commands.o
LOAD ./src/SubSystemModules/Communication/SubsystemCommands/FS_Commands.o
LOAD ./src/SubSystemModules/Communication/SubsystemCommands/Maintanence_Commands.o
LOAD ./src/SubSystemModules/Communication/SubsystemCommands/TRXVU_Commands.o
LOAD ./src/SubSystemModules/Communication/AckHandler.o
LOAD ./src/SubSystemModules/Communication/ActUponCommand.o
LOAD ./src/SubSystemModules/Communication/Beacon.o
LOAD ./src/SubSystemModules/Communication/CommandDictionary.o
LOAD ./src/SubSystemModules/Communication/SatCommandHandler.o
LOAD ./src/SubSystemModules/Communication/SatDataTx.o
LOAD ./src/SubSystemModules/Communication/TRXVU.o
LOAD ./src/InitSystem.o
LOAD ./src/TLM_management.o
LOAD ./src/main.o
LOAD C:/ISIS/workspace/Taibeh/25.3.2020/25.3.2020/GlobusSatProject/..//hal/hal/lib\libHALD.a
LOAD C:/ISIS/workspace/Taibeh/25.3.2020/25.3.2020/GlobusSatProject/..//hal/hcc/lib\libHCCD.a
LOAD C:/ISIS/workspace/Taibeh/25.3.2020/25.3.2020/GlobusSatProject/..//satellite-subsystems/satellite-subsystems/lib\libSatelliteSubsystemsD.a
LOAD C:/ISIS/workspace/Taibeh/25.3.2020/25.3.2020/GlobusSatProject/..//hal/freertos/lib\libFreeRTOSD.a
LOAD C:/ISIS/workspace/Taibeh/25.3.2020/25.3.2020/GlobusSatProject/..//hal/at91/lib\libAt91D.a
START GROUP
LOAD c:/isis/application/toolchain/bin/../lib/gcc/arm-none-eabi/4.7.4\libgcc.a
LOAD c:/isis/application/toolchain/bin/../lib/gcc/arm-none-eabi/4.7.4/../../../../arm-none-eabi/lib\libc_s.a
END GROUP

.fixed          0x20000000    0x2dec0
                0x20000000                . = ALIGN (0x4)
                0x20000000                _sfixed = .
 *(.startup)
 .startup       0x20000000      0x134 C:/ISIS/workspace/Taibeh/25.3.2020/25.3.2020/GlobusSatProject/..//hal/at91/lib\libAt91D.a(board_cstartup.o)
                0x20000000                entry
 *(.text)
 .text          0x20000134       0x64 C:/ISIS/workspace/Taibeh/25.3.2020/25.3.2020/GlobusSatProject/..//hal/at91/lib\libAt91D.a(cp15_asm.o)
                0x20000134                _readControlRegister
                0x20000140                _writeControlRegister
                0x20000148                _waitForInterrupt
                0x20000154                _writeTTB
                0x2000015c                _writeDomain
                0x20000164                _writeITLBLockdown
                0x2000016c                _prefetchICacheLine
                0x20000174                _flushDCache
                0x20000180                _flushWriteBuffer
                0x2000018c                _invalidateIDTLBs
 .text          0x20000198      0x114 c:/isis/application/toolchain/bin/../lib/gcc/arm-none-eabi/4.7.4\libgcc.a(_udivsi3.o)
                0x20000198                __aeabi_uidiv
                0x20000198                __udivsi3
                0x2000028c                __aeabi_uidivmod
 .text          0x200002ac      0x148 c:/isis/application/toolchain/bin/../lib/gcc/arm-none-eabi/4.7.4\libgcc.a(_divsi3.o)
                0x200002ac                __divsi3
                0x200002ac                __aeabi_idiv
                0x200003d4                __aeabi_idivmod
 .text          0x200003f4        0x4 c:/isis/application/toolchain/bin/../lib/gcc/arm-none-eabi/4.7.4\libgcc.a(_dvmd_tls.o)
                0x200003f4                __aeabi_idiv0
                0x200003f4                __aeabi_ldiv0
 .text          0x200003f8      0x41c c:/isis/application/toolchain/bin/../lib/gcc/arm-none-eabi/4.7.4\libgcc.a(_arm_addsubdf3.o)
                0x200003f8                __aeabi_drsub
                0x20000400                __aeabi_dsub
                0x20000400                __subdf3
                0x20000404                __aeabi_dadd
                0x20000404                __adddf3
                0x20000714                __floatunsidf
                0x20000714                __aeabi_ui2d
                0x20000738                __floatsidf
                0x20000738                __aeabi_i2d
                0x20000760                __aeabi_f2d
                0x20000760                __extendsfdf2
                0x200007a0                __floatundidf
                0x200007a0                __aeabi_ul2d
                0x200007b4                __floatdidf
                0x200007b4                __aeabi_l2d
 .text          0x20000814      0x49c c:/isis/application/toolchain/bin/../lib/gcc/arm-none-eabi/4.7.4\libgcc.a(_arm_muldivdf3.o)
                0x20000814                __aeabi_dmul
                0x20000814                __muldf3
                0x20000aa4                __divdf3
                0x20000aa4                __aeabi_ddiv
 .text          0x20000cb0      0x144 c:/isis/application/toolchain/bin/../lib/gcc/arm-none-eabi/4.7.4\libgcc.a(_arm_cmpdf2.o)
                0x20000cb0                __gtdf2
                0x20000cb0                __gedf2
                0x20000cb8                __ltdf2
                0x20000cb8                __ledf2
                0x20000cc0                __nedf2
                0x20000cc0                __eqdf2
                0x20000cc0                __cmpdf2
                0x20000d48                __aeabi_cdrcmple
                0x20000d64                __aeabi_cdcmpeq
                0x20000d64                __aeabi_cdcmple
                0x20000d7c                __aeabi_dcmpeq
                0x20000d94                __aeabi_dcmplt
                0x20000dac                __aeabi_dcmple
                0x20000dc4                __aeabi_dcmpge
                0x20000ddc                __aeabi_dcmpgt
 .text          0x20000df4       0x5c c:/isis/application/toolchain/bin/../lib/gcc/arm-none-eabi/4.7.4\libgcc.a(_arm_fixdfsi.o)
                0x20000df4                __aeabi_d2iz
                0x20000df4                __fixdfsi
 .text          0x20000e50       0x54 c:/isis/application/toolchain/bin/../lib/gcc/arm-none-eabi/4.7.4\libgcc.a(_arm_fixunsdfsi.o)
                0x20000e50                __aeabi_d2uiz
                0x20000e50                __fixunsdfsi
 .text          0x20000ea4       0xa0 c:/isis/application/toolchain/bin/../lib/gcc/arm-none-eabi/4.7.4\libgcc.a(_arm_truncdfsf2.o)
                0x20000ea4                __truncdfsf2
                0x20000ea4                __aeabi_d2f
 .text          0x20000f44      0x2ac c:/isis/application/toolchain/bin/../lib/gcc/arm-none-eabi/4.7.4\libgcc.a(_arm_addsubsf3.o)
                0x20000f44                __aeabi_frsub
                0x20000f4c                __subsf3
                0x20000f4c                __aeabi_fsub
                0x20000f50                __aeabi_fadd
                0x20000f50                __addsf3
                0x2000110c                __aeabi_ui2f
                0x2000110c                __floatunsisf
                0x20001114                __aeabi_i2f
                0x20001114                __floatsisf
                0x20001134                __aeabi_ul2f
                0x20001134                __floatundisf
                0x20001144                __aeabi_l2f
                0x20001144                __floatdisf
 .text          0x200011f0      0x2f8 c:/isis/application/toolchain/bin/../lib/gcc/arm-none-eabi/4.7.4\libgcc.a(_arm_muldivsf3.o)
                0x200011f0                __mulsf3
                0x200011f0                __aeabi_fmul
                0x20001388                __aeabi_fdiv
                0x20001388                __divsf3
 .text          0x200014e8      0x114 c:/isis/application/toolchain/bin/../lib/gcc/arm-none-eabi/4.7.4\libgcc.a(_arm_cmpsf2.o)
                0x200014e8                __gesf2
                0x200014e8                __gtsf2
                0x200014f0                __lesf2
                0x200014f0                __ltsf2
                0x200014f8                __nesf2
                0x200014f8                __eqsf2
                0x200014f8                __cmpsf2
                0x2000155c                __aeabi_cfrcmple
                0x2000156c                __aeabi_cfcmpeq
                0x2000156c                __aeabi_cfcmple
                0x20001584                __aeabi_fcmpeq
                0x2000159c                __aeabi_fcmplt
                0x200015b4                __aeabi_fcmple
                0x200015cc                __aeabi_fcmpge
                0x200015e4                __aeabi_fcmpgt
 .text          0x200015fc       0x54 c:/isis/application/toolchain/bin/../lib/gcc/arm-none-eabi/4.7.4\libgcc.a(_arm_fixunssfsi.o)
                0x200015fc                __fixunssfsi
                0x200015fc                __aeabi_f2uiz
 *(.text*)
 .text.__cvt    0x20001650      0x138 c:/isis/application/toolchain/bin/../lib/gcc/arm-none-eabi/4.7.4/../../../../arm-none-eabi/lib\libc_s.a(lib_a-vfprintf_float.o)
                0x20001650                __cvt
 .text.__exponent
                0x20001788       0xa8 c:/isis/application/toolchain/bin/../lib/gcc/arm-none-eabi/4.7.4/../../../../arm-none-eabi/lib\libc_s.a(lib_a-vfprintf_float.o)
                0x20001788                __exponent
 .text._printf_float
                0x20001830      0x7dc c:/isis/application/toolchain/bin/../lib/gcc/arm-none-eabi/4.7.4/../../../../arm-none-eabi/lib\libc_s.a(lib_a-vfprintf_float.o)
                0x20001830                _printf_float
 .text._printf_common
                0x2000200c      0x174 c:/isis/application/toolchain/bin/../lib/gcc/arm-none-eabi/4.7.4/../../../../arm-none-eabi/lib\libc_s.a(lib_a-vfprintf_i.o)
                0x2000200c                _printf_common
 .text._printf_i
                0x20002180      0x3c4 c:/isis/application/toolchain/bin/../lib/gcc/arm-none-eabi/4.7.4/../../../../arm-none-eabi/lib\libc_s.a(lib_a-vfprintf_i.o)
                0x20002180                _printf_i
 .text._scanf_float
                0x20002544      0x5f4 c:/isis/application/toolchain/bin/../lib/gcc/arm-none-eabi/4.7.4/../../../../arm-none-eabi/lib\libc_s.a(lib_a-vfscanf_float.o)
                0x20002544                _scanf_float
 .text.quorem   0x20002b38      0x1ac c:/isis/application/toolchain/bin/../lib/gcc/arm-none-eabi/4.7.4/../../../../arm-none-eabi/lib\libc_s.a(lib_a-dtoa.o)
 .text._dtoa_r  0x20002ce4     0x1268 c:/isis/application/toolchain/bin/../lib/gcc/arm-none-eabi/4.7.4/../../../../arm-none-eabi/lib\libc_s.a(lib_a-dtoa.o)
                0x20002ce4                _dtoa_r
 .text._localeconv_r
                0x20003f4c        0xc c:/isis/application/toolchain/bin/../lib/gcc/arm-none-eabi/4.7.4/../../../../arm-none-eabi/lib\libc_s.a(lib_a-locale.o)
                0x20003f4c                _localeconv_r
 .text.malloc   0x20003f58       0x20 c:/isis/application/toolchain/bin/../lib/gcc/arm-none-eabi/4.7.4/../../../../arm-none-eabi/lib\libc_s.a(lib_a-malloc.o)
                0x20003f58                malloc
 .text.free     0x20003f78       0x20 c:/isis/application/toolchain/bin/../lib/gcc/arm-none-eabi/4.7.4/../../../../arm-none-eabi/lib\libc_s.a(lib_a-malloc.o)
                0x20003f78                free
 .text._malloc_r
                0x20003f98       0xfc c:/isis/application/toolchain/bin/../lib/gcc/arm-none-eabi/4.7.4/../../../../arm-none-eabi/lib\libc_s.a(lib_a-mallocr.o)
                0x20003f98                _malloc_r
 .text.memcpy   0x20004094       0x20 c:/isis/application/toolchain/bin/../lib/gcc/arm-none-eabi/4.7.4/../../../../arm-none-eabi/lib\libc_s.a(lib_a-memcpy.o)
                0x20004094                memcpy
 .text._Balloc  0x200040b4       0xcc c:/isis/application/toolchain/bin/../lib/gcc/arm-none-eabi/4.7.4/../../../../arm-none-eabi/lib\libc_s.a(lib_a-mprec.o)
                0x200040b4                _Balloc
 .text._Bfree   0x20004180       0x5c c:/isis/application/toolchain/bin/../lib/gcc/arm-none-eabi/4.7.4/../../../../arm-none-eabi/lib\libc_s.a(lib_a-mprec.o)
                0x20004180                _Bfree
 .text.__multadd
                0x200041dc       0xbc c:/isis/application/toolchain/bin/../lib/gcc/arm-none-eabi/4.7.4/../../../../arm-none-eabi/lib\libc_s.a(lib_a-mprec.o)
                0x200041dc                __multadd
 .text.__s2b    0x20004298       0xd8 c:/isis/application/toolchain/bin/../lib/gcc/arm-none-eabi/4.7.4/../../../../arm-none-eabi/lib\libc_s.a(lib_a-mprec.o)
                0x20004298                __s2b
 .text.__hi0bits
                0x20004370       0x58 c:/isis/application/toolchain/bin/../lib/gcc/arm-none-eabi/4.7.4/../../../../arm-none-eabi/lib\libc_s.a(lib_a-mprec.o)
                0x20004370                __hi0bits
 .text.__lo0bits
                0x200043c8       0x94 c:/isis/application/toolchain/bin/../lib/gcc/arm-none-eabi/4.7.4/../../../../arm-none-eabi/lib\libc_s.a(lib_a-mprec.o)
                0x200043c8                __lo0bits
 .text.__i2b    0x2000445c       0x24 c:/isis/application/toolchain/bin/../lib/gcc/arm-none-eabi/4.7.4/../../../../arm-none-eabi/lib\libc_s.a(lib_a-mprec.o)
                0x2000445c                __i2b
 .text.__multiply
                0x20004480      0x1ac c:/isis/application/toolchain/bin/../lib/gcc/arm-none-eabi/4.7.4/../../../../arm-none-eabi/lib\libc_s.a(lib_a-mprec.o)
                0x20004480                __multiply
 .text.__pow5mult
                0x2000462c      0x10c c:/isis/application/toolchain/bin/../lib/gcc/arm-none-eabi/4.7.4/../../../../arm-none-eabi/lib\libc_s.a(lib_a-mprec.o)
                0x2000462c                __pow5mult
 .text.__lshift
                0x20004738       0xf0 c:/isis/application/toolchain/bin/../lib/gcc/arm-none-eabi/4.7.4/../../../../arm-none-eabi/lib\libc_s.a(lib_a-mprec.o)
                0x20004738                __lshift
 .text.__mcmp   0x20004828       0x60 c:/isis/application/toolchain/bin/../lib/gcc/arm-none-eabi/4.7.4/../../../../arm-none-eabi/lib\libc_s.a(lib_a-mprec.o)
                0x20004828                __mcmp
 .text.__mdiff  0x20004888      0x128 c:/isis/application/toolchain/bin/../lib/gcc/arm-none-eabi/4.7.4/../../../../arm-none-eabi/lib\libc_s.a(lib_a-mprec.o)
                0x20004888                __mdiff
 .text.__ulp    0x200049b0       0x5c c:/isis/application/toolchain/bin/../lib/gcc/arm-none-eabi/4.7.4/../../../../arm-none-eabi/lib\libc_s.a(lib_a-mprec.o)
                0x200049b0                __ulp
 .text.__b2d    0x20004a0c       0xc8 c:/isis/application/toolchain/bin/../lib/gcc/arm-none-eabi/4.7.4/../../../../arm-none-eabi/lib\libc_s.a(lib_a-mprec.o)
                0x20004a0c                __b2d
 .text.__d2b    0x20004ad4       0xfc c:/isis/application/toolchain/bin/../lib/gcc/arm-none-eabi/4.7.4/../../../../arm-none-eabi/lib\libc_s.a(lib_a-mprec.o)
                0x20004ad4                __d2b
 .text.__ratio  0x20004bd0       0x70 c:/isis/application/toolchain/bin/../lib/gcc/arm-none-eabi/4.7.4/../../../../arm-none-eabi/lib\libc_s.a(lib_a-mprec.o)
                0x20004bd0                __ratio
 .text.__copybits
                0x20004c40       0x4c c:/isis/application/toolchain/bin/../lib/gcc/arm-none-eabi/4.7.4/../../../../arm-none-eabi/lib\libc_s.a(lib_a-mprec.o)
                0x20004c40                __copybits
 .text.__any_on
                0x20004c8c       0x7c c:/isis/application/toolchain/bin/../lib/gcc/arm-none-eabi/4.7.4/../../../../arm-none-eabi/lib\libc_s.a(lib_a-mprec.o)
                0x20004c8c                __any_on
 .text.__fpclassifyd
                0x20004d08       0x6c c:/isis/application/toolchain/bin/../lib/gcc/arm-none-eabi/4.7.4/../../../../arm-none-eabi/lib\libc_s.a(lib_a-s_fpclassify.o)
                0x20004d08                __fpclassifyd
 .text._sbrk_r  0x20004d74       0x3c c:/isis/application/toolchain/bin/../lib/gcc/arm-none-eabi/4.7.4/../../../../arm-none-eabi/lib\libc_s.a(lib_a-sbrkr.o)
                0x20004d74                _sbrk_r
 .text.nanf     0x20004db0        0xc c:/isis/application/toolchain/bin/../lib/gcc/arm-none-eabi/4.7.4/../../../../arm-none-eabi/lib\libc_s.a(lib_a-sf_nan.o)
                0x20004db0                nanf
 .text.sprintf  0x20004dbc       0x6c c:/isis/application/toolchain/bin/../lib/gcc/arm-none-eabi/4.7.4/../../../../arm-none-eabi/lib\libc_s.a(lib_a-sprintf.o)
                0x20004dbc                siprintf
                0x20004dbc                sprintf
 .text.strcmp   0x20004e28       0x1c c:/isis/application/toolchain/bin/../lib/gcc/arm-none-eabi/4.7.4/../../../../arm-none-eabi/lib\libc_s.a(lib_a-strcmp.o)
                0x20004e28                strcmp
 .text.strlen   0x20004e44       0x1c c:/isis/application/toolchain/bin/../lib/gcc/arm-none-eabi/4.7.4/../../../../arm-none-eabi/lib\libc_s.a(lib_a-strlen.o)
                0x20004e44                strlen
 .text.match    0x20004e60       0x54 c:/isis/application/toolchain/bin/../lib/gcc/arm-none-eabi/4.7.4/../../../../arm-none-eabi/lib\libc_s.a(lib_a-strtod.o)
 .text._strtod_r
                0x20004eb4     0x1168 c:/isis/application/toolchain/bin/../lib/gcc/arm-none-eabi/4.7.4/../../../../arm-none-eabi/lib\libc_s.a(lib_a-strtod.o)
                0x20004eb4                _strtod_r
 .text._strtol_r
                0x2000601c      0x1b8 c:/isis/application/toolchain/bin/../lib/gcc/arm-none-eabi/4.7.4/../../../../arm-none-eabi/lib\libc_s.a(lib_a-strtol.o)
                0x2000601c                _strtol_r
 .text.__ssputc_r
                0x200061d4      0x10c c:/isis/application/toolchain/bin/../lib/gcc/arm-none-eabi/4.7.4/../../../../arm-none-eabi/lib\libc_s.a(lib_a-svfprintf.o)
                0x200061d4                __ssputc_r
 .text._svfprintf_r
                0x200062e0      0x328 c:/isis/application/toolchain/bin/../lib/gcc/arm-none-eabi/4.7.4/../../../../arm-none-eabi/lib\libc_s.a(lib_a-svfprintf.o)
                0x200062e0                _svfiprintf_r
                0x200062e0                _svfprintf_r
 .text._calloc_r
                0x20006608       0x2c c:/isis/application/toolchain/bin/../lib/gcc/arm-none-eabi/4.7.4/../../../../arm-none-eabi/lib\libc_s.a(lib_a-callocr.o)
                0x20006608                _calloc_r
 .text._free_r  0x20006634      0x108 c:/isis/application/toolchain/bin/../lib/gcc/arm-none-eabi/4.7.4/../../../../arm-none-eabi/lib\libc_s.a(lib_a-freer.o)
                0x20006634                _free_r
 .text.rshift   0x2000673c       0xb0 c:/isis/application/toolchain/bin/../lib/gcc/arm-none-eabi/4.7.4/../../../../arm-none-eabi/lib\libc_s.a(lib_a-gdtoa-gethex.o)
 .text.htinit.constprop.0
                0x200067ec       0x34 c:/isis/application/toolchain/bin/../lib/gcc/arm-none-eabi/4.7.4/../../../../arm-none-eabi/lib\libc_s.a(lib_a-gdtoa-gethex.o)
 .text.__hexdig_init
                0x20006820       0x38 c:/isis/application/toolchain/bin/../lib/gcc/arm-none-eabi/4.7.4/../../../../arm-none-eabi/lib\libc_s.a(lib_a-gdtoa-gethex.o)
                0x20006820                __hexdig_init
 .text.__gethex
                0x20006858      0x6cc c:/isis/application/toolchain/bin/../lib/gcc/arm-none-eabi/4.7.4/../../../../arm-none-eabi/lib\libc_s.a(lib_a-gdtoa-gethex.o)
                0x20006858                __gethex
 .text.L_shift  0x20006f24       0x38 c:/isis/application/toolchain/bin/../lib/gcc/arm-none-eabi/4.7.4/../../../../arm-none-eabi/lib\libc_s.a(lib_a-gdtoa-hexnan.o)
 .text.__hexnan
                0x20006f5c      0x1d8 c:/isis/application/toolchain/bin/../lib/gcc/arm-none-eabi/4.7.4/../../../../arm-none-eabi/lib\libc_s.a(lib_a-gdtoa-hexnan.o)
                0x20006f5c                __hexnan
 .text.memchr   0x20007134       0x34 c:/isis/application/toolchain/bin/../lib/gcc/arm-none-eabi/4.7.4/../../../../arm-none-eabi/lib\libc_s.a(lib_a-memchr.o)
                0x20007134                memchr
 .text.memset   0x20007168       0x1c c:/isis/application/toolchain/bin/../lib/gcc/arm-none-eabi/4.7.4/../../../../arm-none-eabi/lib\libc_s.a(lib_a-memset.o)
                0x20007168                memset
 .text._realloc_r
                0x20007184       0x80 c:/isis/application/toolchain/bin/../lib/gcc/arm-none-eabi/4.7.4/../../../../arm-none-eabi/lib\libc_s.a(lib_a-reallocr.o)
                0x20007184                _realloc_r
 .text.strncmp  0x20007204       0x64 c:/isis/application/toolchain/bin/../lib/gcc/arm-none-eabi/4.7.4/../../../../arm-none-eabi/lib\libc_s.a(lib_a-strncmp.o)
                0x20007204                strncmp
 .text._malloc_usable_size_r
                0x20007268       0x1c c:/isis/application/toolchain/bin/../lib/gcc/arm-none-eabi/4.7.4/../../../../arm-none-eabi/lib\libc_s.a(lib_a-msizer.o)
                0x20007268                _malloc_usable_size_r
 .text.EPS_Init
                0x20007284       0xe4 ./src/SubSystemModules/PowerManagment/EPS.o
                0x20007284                EPS_Init
 .text.EPS_Conditioning
                0x20007368       0xf8 ./src/SubSystemModules/PowerManagment/EPS.o
                0x20007368                EPS_Conditioning
 .text.GetBatteryVoltage
                0x20007460       0x50 ./src/SubSystemModules/PowerManagment/EPS.o
                0x20007460                GetBatteryVoltage
 .text.UpdateAlpha
                0x200074b0       0x9c ./src/SubSystemModules/PowerManagment/EPS.o
                0x200074b0                UpdateAlpha
 .text.GetThresholdVoltages
                0x2000754c       0x4c ./src/SubSystemModules/PowerManagment/EPS.o
                0x2000754c                GetThresholdVoltages
 .text.GetAlpha
                0x20007598       0x48 ./src/SubSystemModules/PowerManagment/EPS.o
                0x20007598                GetAlpha
 .text.EnterSafeMode
                0x200075e0       0x44 ./src/SubSystemModules/PowerManagment/EPSOperationModes.o
                0x200075e0                EnterSafeMode
 .text.EnterCriticalMode
                0x20007624       0x44 ./src/SubSystemModules/PowerManagment/EPSOperationModes.o
                0x20007624                EnterCriticalMode
 .text.EpsGetLowVoltageFlag
                0x20007668       0x24 ./src/SubSystemModules/PowerManagment/EPSOperationModes.o
                0x20007668                EpsGetLowVoltageFlag
 .text.EpsSetLowVoltageFlag
                0x2000768c       0x2c ./src/SubSystemModules/PowerManagment/EPSOperationModes.o
                0x2000768c                EpsSetLowVoltageFlag
 .text.CheckExecutionTime
                0x200076b8       0xb8 ./src/SubSystemModules/Maintenance/Maintenance.o
                0x200076b8                CheckExecutionTime
 .text.SaveSatTimeInFRAM
                0x20007770       0x44 ./src/SubSystemModules/Maintenance/Maintenance.o
                0x20007770                SaveSatTimeInFRAM
 .text.IsFS_Corrupted
                0x200077b4       0x48 ./src/SubSystemModules/Maintenance/Maintenance.o
                0x200077b4                IsFS_Corrupted
 .text.WakeupFromResetCMD
                0x200077fc       0xec ./src/SubSystemModules/Maintenance/Maintenance.o
                0x200077fc                WakeupFromResetCMD
 .text.ResetGroundCommWDT
                0x200078e8       0x1c ./src/SubSystemModules/Maintenance/Maintenance.o
                0x200078e8                ResetGroundCommWDT
 .text.IsGroundCommunicationWDTKick
                0x20007904       0x78 ./src/SubSystemModules/Maintenance/Maintenance.o
                0x20007904                IsGroundCommunicationWDTKick
 .text.GetGsWdtKickTime
                0x2000797c       0x38 ./src/SubSystemModules/Maintenance/Maintenance.o
                0x2000797c                GetGsWdtKickTime
 .text.Maintenance
                0x200079b4       0xe4 ./src/SubSystemModules/Maintenance/Maintenance.o
                0x200079b4                Maintenance
 .text.TelemetryCollectorLogic
                0x20007a98      0x1b4 ./src/SubSystemModules/Housekepping/TelemetryCollector.o
                0x20007a98                TelemetryCollectorLogic
 .text.TelemetrySaveEPS
                0x20007c4c       0xd0 ./src/SubSystemModules/Housekepping/TelemetryCollector.o
                0x20007c4c                TelemetrySaveEPS
 .text.TelemetrySaveTRXVU
                0x20007d1c       0xec ./src/SubSystemModules/Housekepping/TelemetryCollector.o
                0x20007d1c                TelemetrySaveTRXVU
 .text.TelemetrySaveANT
                0x20007e08       0x88 ./src/SubSystemModules/Housekepping/TelemetryCollector.o
                0x20007e08                TelemetrySaveANT
 .text.TelemetrySaveSolarPanels
                0x20007e90      0x1c8 ./src/SubSystemModules/Housekepping/TelemetryCollector.o
                0x20007e90                TelemetrySaveSolarPanels
 .text.TelemetrySaveWOD
                0x20008058       0x98 ./src/SubSystemModules/Housekepping/TelemetryCollector.o
                0x20008058                TelemetrySaveWOD
 .text.GetCurrentWODTelemetry
                0x200080f0      0x45c ./src/SubSystemModules/Housekepping/TelemetryCollector.o
                0x200080f0                GetCurrentWODTelemetry
 .text.CMD_ResetComponent
                0x2000854c      0x22c ./src/SubSystemModules/Communication/SubsystemCommands/Maintanence_Commands.o
                0x2000854c                CMD_ResetComponent
 .text.CMD_StartDump
                0x20008778       0x34 ./src/SubSystemModules/Communication/SubsystemCommands/TRXVU_Commands.o
                0x20008778                CMD_StartDump
 .text.CMD_SendDumpAbortRequest
                0x200087ac       0x24 ./src/SubSystemModules/Communication/SubsystemCommands/TRXVU_Commands.o
                0x200087ac                CMD_SendDumpAbortRequest
 .text.CMD_ForceDumpAbort
                0x200087d0       0x24 ./src/SubSystemModules/Communication/SubsystemCommands/TRXVU_Commands.o
                0x200087d0                CMD_ForceDumpAbort
 .text.CMD_MuteTRXVU
                0x200087f4       0x5c ./src/SubSystemModules/Communication/SubsystemCommands/TRXVU_Commands.o
                0x200087f4                CMD_MuteTRXVU
 .text.CMD_UnMuteTRXVU
                0x20008850       0x24 ./src/SubSystemModules/Communication/SubsystemCommands/TRXVU_Commands.o
                0x20008850                CMD_UnMuteTRXVU
 .text.CMD_GetBaudRate
                0x20008874       0x4c ./src/SubSystemModules/Communication/SubsystemCommands/TRXVU_Commands.o
                0x20008874                CMD_GetBaudRate
 .text.CMD_SetBeaconCycleTime
                0x200088c0       0x88 ./src/SubSystemModules/Communication/SubsystemCommands/TRXVU_Commands.o
                0x200088c0                CMD_SetBeaconCycleTime
 .text.CMD_GetBeaconInterval
                0x20008948       0x60 ./src/SubSystemModules/Communication/SubsystemCommands/TRXVU_Commands.o
                0x20008948                CMD_GetBeaconInterval
 .text.CMD_SetBeaconInterval
                0x200089a8       0x88 ./src/SubSystemModules/Communication/SubsystemCommands/TRXVU_Commands.o
                0x200089a8                CMD_SetBeaconInterval
 .text.CMD_SetBaudRate
                0x20008a30       0x48 ./src/SubSystemModules/Communication/SubsystemCommands/TRXVU_Commands.o
                0x20008a30                CMD_SetBaudRate
 .text.CMD_Echo
                0x20008a78      0x188 ./src/SubSystemModules/Communication/SubsystemCommands/TRXVU_Commands.o
                0x20008a78                CMD_Echo
 .text.CMD_GetTxUptime
                0x20008c00       0x58 ./src/SubSystemModules/Communication/SubsystemCommands/TRXVU_Commands.o
                0x20008c00                CMD_GetTxUptime
 .text.CMD_GetRxUptime
                0x20008c58       0x58 ./src/SubSystemModules/Communication/SubsystemCommands/TRXVU_Commands.o
                0x20008c58                CMD_GetRxUptime
 .text.CMD_GetNumOfDelayedCommands
                0x20008cb0       0x50 ./src/SubSystemModules/Communication/SubsystemCommands/TRXVU_Commands.o
                0x20008cb0                CMD_GetNumOfDelayedCommands
 .text.CMD_GetNumOfOnlineCommands
                0x20008d00       0x58 ./src/SubSystemModules/Communication/SubsystemCommands/TRXVU_Commands.o
                0x20008d00                CMD_GetNumOfOnlineCommands
 .text.CMD_DeleteDelyedCmdByID
                0x20008d58       0x60 ./src/SubSystemModules/Communication/SubsystemCommands/TRXVU_Commands.o
                0x20008d58                CMD_DeleteDelyedCmdByID
 .text.CMD_DeleteAllDelyedBuffer
                0x20008db8       0x34 ./src/SubSystemModules/Communication/SubsystemCommands/TRXVU_Commands.o
                0x20008db8                CMD_DeleteAllDelyedBuffer
 .text.CMD_AntSetArmStatus
                0x20008dec       0x80 ./src/SubSystemModules/Communication/SubsystemCommands/TRXVU_Commands.o
                0x20008dec                CMD_AntSetArmStatus
 .text.CMD_AntGetArmStatus
                0x20008e6c       0x64 ./src/SubSystemModules/Communication/SubsystemCommands/TRXVU_Commands.o
                0x20008e6c                CMD_AntGetArmStatus
 .text.CMD_AntGetUptime
                0x20008ed0       0x58 ./src/SubSystemModules/Communication/SubsystemCommands/TRXVU_Commands.o
                0x20008ed0                CMD_AntGetUptime
 .text.CMD_AntCancelDeployment
                0x20008f28       0x48 ./src/SubSystemModules/Communication/SubsystemCommands/TRXVU_Commands.o
                0x20008f28                CMD_AntCancelDeployment
 .text.SendAckPacket
                0x20008f70       0xdc ./src/SubSystemModules/Communication/AckHandler.o
                0x20008f70                SendAckPacket
 .text.SendErrorMSG
                0x2000904c       0x74 ./src/SubSystemModules/Communication/AckHandler.o
                0x2000904c                SendErrorMSG
 .text.SendErrorMSG_IfError
                0x200090c0       0x4c ./src/SubSystemModules/Communication/AckHandler.o
                0x200090c0                SendErrorMSG_IfError
 .text.ActUponCommand
                0x2000910c      0x120 ./src/SubSystemModules/Communication/ActUponCommand.o
                0x2000910c                ActUponCommand
 .text.InitBeaconParams
                0x2000922c       0x6c ./src/SubSystemModules/Communication/Beacon.o
                0x2000922c                InitBeaconParams
 .text.BeaconSetBitrate
                0x20009298       0x34 ./src/SubSystemModules/Communication/Beacon.o
                0x20009298                BeaconSetBitrate
 .text.BeaconLogic
                0x200092cc      0x194 ./src/SubSystemModules/Communication/Beacon.o
                0x200092cc                BeaconLogic
 .text.trxvu_command_router
                0x20009460      0x4fc ./src/SubSystemModules/Communication/CommandDictionary.o
                0x20009460                trxvu_command_router
 .text.eps_command_router
                0x2000995c       0x80 ./src/SubSystemModules/Communication/CommandDictionary.o
                0x2000995c                eps_command_router
 .text.telemetry_command_router
                0x200099dc       0x54 ./src/SubSystemModules/Communication/CommandDictionary.o
                0x200099dc                telemetry_command_router
 .text.managment_command_router
                0x20009a30       0xd0 ./src/SubSystemModules/Communication/CommandDictionary.o
                0x20009a30                managment_command_router
 .text.filesystem_command_router
                0x20009b00       0x54 ./src/SubSystemModules/Communication/CommandDictionary.o
                0x20009b00                filesystem_command_router
 .text.ClearDelayedCMD_FromBuffer
                0x20009b54       0xd8 ./src/SubSystemModules/Communication/SatCommandHandler.o
                0x20009b54                ClearDelayedCMD_FromBuffer
 .text.ParseDataToCommand
                0x20009c2c      0x184 ./src/SubSystemModules/Communication/SatCommandHandler.o
                0x20009c2c                ParseDataToCommand
 .text.AssembleCommand
                0x20009db0      0x134 ./src/SubSystemModules/Communication/SatCommandHandler.o
                0x20009db0                AssembleCommand
 .text.isDelayedCommandDue
                0x20009ee4       0xa4 ./src/SubSystemModules/Communication/SatCommandHandler.o
                0x20009ee4                isDelayedCommandDue
 .text.GetDelayedCommand
                0x20009f88      0x100 ./src/SubSystemModules/Communication/SatCommandHandler.o
                0x20009f88                GetDelayedCommand
 .text.AddDelayedCommand
                0x2000a088       0xf0 ./src/SubSystemModules/Communication/SatCommandHandler.o
                0x2000a088                AddDelayedCommand
 .text.GetDelayedCommandBufferCount
                0x2000a178       0x50 ./src/SubSystemModules/Communication/SatCommandHandler.o
                0x2000a178                GetDelayedCommandBufferCount
 .text.GetOnlineCommand
                0x2000a1c8      0x114 ./src/SubSystemModules/Communication/SatCommandHandler.o
                0x2000a1c8                GetOnlineCommand
 .text.DeleteDelayedCommandByIndex
                0x2000a2dc       0x80 ./src/SubSystemModules/Communication/SatCommandHandler.o
                0x2000a2dc                DeleteDelayedCommandByIndex
 .text.DeleteDelayedBuffer
                0x2000a35c       0x48 ./src/SubSystemModules/Communication/SatCommandHandler.o
                0x2000a35c                DeleteDelayedBuffer
 .text.InitTxModule
                0x2000a3a4       0x68 ./src/SubSystemModules/Communication/SatDataTx.o
                0x2000a3a4                InitTxModule
 .text.muteTRXVU
                0x2000a40c       0x78 ./src/SubSystemModules/Communication/SatDataTx.o
                0x2000a40c                muteTRXVU
 .text.UnMuteTRXVU
                0x2000a484       0x34 ./src/SubSystemModules/Communication/SatDataTx.o
                0x2000a484                UnMuteTRXVU
 .text.CheckForMuteEnd
                0x2000a4b8       0x4c ./src/SubSystemModules/Communication/SatDataTx.o
                0x2000a4b8                CheckForMuteEnd
 .text.GetNumberOfFramesInBuffer
                0x2000a504       0x4c ./src/SubSystemModules/Communication/SatDataTx.o
                0x2000a504                GetNumberOfFramesInBuffer
 .text.CheckTransmitionAllowed
                0x2000a550       0x54 ./src/SubSystemModules/Communication/SatDataTx.o
                0x2000a550                CheckTransmitionAllowed
 .text.GetTrxvuBitrate
                0x2000a5a4       0x70 ./src/SubSystemModules/Communication/SatDataTx.o
                0x2000a5a4                GetTrxvuBitrate
 .text.TransmitDataAsSPL_Packet
                0x2000a614      0x10c ./src/SubSystemModules/Communication/SatDataTx.o
                0x2000a614                TransmitDataAsSPL_Packet
 .text.TransmitSplPacket
                0x2000a720       0xe8 ./src/SubSystemModules/Communication/SatDataTx.o
                0x2000a720                TransmitSplPacket
 .text.InitSemaphores
                0x2000a808       0x98 ./src/SubSystemModules/Communication/TRXVU.o
                0x2000a808                InitSemaphores
 .text.InitTrxvu
                0x2000a8a0       0xe8 ./src/SubSystemModules/Communication/TRXVU.o
                0x2000a8a0                InitTrxvu
 .text.TRX_Logic
                0x2000a988       0xe0 ./src/SubSystemModules/Communication/TRXVU.o
                0x2000a988                TRX_Logic
 .text.FinishDump
                0x2000aa68       0xe8 ./src/SubSystemModules/Communication/TRXVU.o
                0x2000aa68                FinishDump
 .text.AbortDump
                0x2000ab50       0x30 ./src/SubSystemModules/Communication/TRXVU.o
                0x2000ab50                AbortDump
 .text.SendDumpAbortRequest
                0x2000ab80       0xc0 ./src/SubSystemModules/Communication/TRXVU.o
                0x2000ab80                SendDumpAbortRequest
 .text.DumpTask
                0x2000ac40       0x1c ./src/SubSystemModules/Communication/TRXVU.o
                0x2000ac40                DumpTask
 .text.DumpTelemetry
                0x2000ac5c      0x190 ./src/SubSystemModules/Communication/TRXVU.o
                0x2000ac5c                DumpTelemetry
 .text.isFirstActivation
                0x2000adec       0x38 ./src/InitSystem.o
                0x2000adec                isFirstActivation
 .text.StartFRAM
                0x2000ae24       0x24 ./src/InitSystem.o
                0x2000ae24                StartFRAM
 .text.StartI2C
                0x2000ae48       0x30 ./src/InitSystem.o
                0x2000ae48                StartI2C
 .text.StartSPI
                0x2000ae78       0x2c ./src/InitSystem.o
                0x2000ae78                StartSPI
 .text.StartTIME
                0x2000aea4       0xa8 ./src/InitSystem.o
                0x2000aea4                StartTIME
 .text.InitSubsystems
                0x2000af4c      0x130 ./src/InitSystem.o
                0x2000af4c                InitSubsystems
 .text.delete_allTMFilesFromSD
                0x2000b07c       0xf8 ./src/TLM_management.o
                0x2000b07c                delete_allTMFilesFromSD
 .text.getNumOfFilesInFS
                0x2000b174       0x44 ./src/TLM_management.o
 .text.InitializeFS
                0x2000b1b8      0x174 ./src/TLM_management.o
                0x2000b1b8                InitializeFS
 .text.writewithEpochtime
                0x2000b32c       0x8c ./src/TLM_management.o
 .text.get_C_FILE_struct
                0x2000b3b8       0xf4 ./src/TLM_management.o
 .text.getFileIndex
                0x2000b4ac       0x40 ./src/TLM_management.o
 .text.get_file_name_by_index
                0x2000b4ec       0x44 ./src/TLM_management.o
                0x2000b4ec                get_file_name_by_index
 .text.c_fileWrite
                0x2000b530       0xfc ./src/TLM_management.o
                0x2000b530                c_fileWrite
 .text.DeInitializeFS
                0x2000b62c       0xd0 ./src/TLM_management.o
                0x2000b62c                DeInitializeFS
 .text.taskMain
                0x2000b6fc       0x48 ./src/main.o
                0x2000b6fc                taskMain
 .text.main     0x2000b744       0xa0 ./src/main.o
                0x2000b744                main
 .text.validateTransferParameters
                0x2000b7e4      0x10c C:/ISIS/workspace/Taibeh/25.3.2020/25.3.2020/GlobusSatProject/..//hal/hal/lib\libHALD.a(I2C.o)
 .text.I2C_queueTransfer
                0x2000b8f0       0xe8 C:/ISIS/workspace/Taibeh/25.3.2020/25.3.2020/GlobusSatProject/..//hal/hal/lib\libHALD.a(I2C.o)
                0x2000b8f0                I2C_queueTransfer
 .text.I2C_internalCallback
                0x2000b9d8       0x64 C:/ISIS/workspace/Taibeh/25.3.2020/25.3.2020/GlobusSatProject/..//hal/hal/lib\libHALD.a(I2C.o)
 .text.I2C_doBlockingTransfer
                0x2000ba3c      0x160 C:/ISIS/workspace/Taibeh/25.3.2020/25.3.2020/GlobusSatProject/..//hal/hal/lib\libHALD.a(I2C.o)
 .text.I2C_writeRead
                0x2000bb9c      0x180 C:/ISIS/workspace/Taibeh/25.3.2020/25.3.2020/GlobusSatProject/..//hal/hal/lib\libHALD.a(I2C.o)
                0x2000bb9c                I2C_writeRead
 .text.I2C_start
                0x2000bd1c      0x2e8 C:/ISIS/workspace/Taibeh/25.3.2020/25.3.2020/GlobusSatProject/..//hal/hal/lib\libHALD.a(I2C.o)
                0x2000bd1c                I2C_start
 .text.I2C_stop
                0x2000c004      0x184 C:/ISIS/workspace/Taibeh/25.3.2020/25.3.2020/GlobusSatProject/..//hal/hal/lib\libHALD.a(I2C.o)
                0x2000c004                I2C_stop
 .text.I2C_setTransferTimeout
                0x2000c188       0x48 C:/ISIS/workspace/Taibeh/25.3.2020/25.3.2020/GlobusSatProject/..//hal/hal/lib\libHALD.a(I2C.o)
                0x2000c188                I2C_setTransferTimeout
 .text.clearPDCtransfers
                0x2000c1d0       0xdc C:/ISIS/workspace/Taibeh/25.3.2020/25.3.2020/GlobusSatProject/..//hal/hal/lib\libHALD.a(SPI.o)
 .text.SPI_start
                0x2000c2ac      0x4c0 C:/ISIS/workspace/Taibeh/25.3.2020/25.3.2020/GlobusSatProject/..//hal/hal/lib\libHALD.a(SPI.o)
                0x2000c2ac                SPI_start
 .text.SPI_stop
                0x2000c76c      0x22c C:/ISIS/workspace/Taibeh/25.3.2020/25.3.2020/GlobusSatProject/..//hal/hal/lib\libHALD.a(SPI.o)
                0x2000c76c                SPI_stop
 .text.SPI_queueTransfer
                0x2000c998      0x190 C:/ISIS/workspace/Taibeh/25.3.2020/25.3.2020/GlobusSatProject/..//hal/hal/lib\libHALD.a(SPI.o)
                0x2000c998                SPI_queueTransfer
 .text.SPI_internalCallback
                0x2000cb28       0x64 C:/ISIS/workspace/Taibeh/25.3.2020/25.3.2020/GlobusSatProject/..//hal/hal/lib\libHALD.a(SPI.o)
 .text.SPI_writeRead
                0x2000cb8c      0x188 C:/ISIS/workspace/Taibeh/25.3.2020/25.3.2020/GlobusSatProject/..//hal/hal/lib\libHALD.a(SPI.o)
                0x2000cb8c                SPI_writeRead
 .text.waitForTransfer
                0x2000cd14       0x68 C:/ISIS/workspace/Taibeh/25.3.2020/25.3.2020/GlobusSatProject/..//hal/hal/lib\libHALD.a(SPI.o)
 .text.SPI_getDriverState
                0x2000cd7c       0x58 C:/ISIS/workspace/Taibeh/25.3.2020/25.3.2020/GlobusSatProject/..//hal/hal/lib\libHALD.a(SPI.o)
                0x2000cd7c                SPI_getDriverState
 .text.FRAM_start
                0x2000cdd4       0xf4 C:/ISIS/workspace/Taibeh/25.3.2020/25.3.2020/GlobusSatProject/..//hal/hal/lib\libHALD.a(FRAM.o)
                0x2000cdd4                FRAM_start
 .text.FRAM_dummyCallback
                0x2000cec8       0x24 C:/ISIS/workspace/Taibeh/25.3.2020/25.3.2020/GlobusSatProject/..//hal/hal/lib\libHALD.a(FRAM.o)
                0x2000cec8                FRAM_dummyCallback
 .text.FRAM_unlockingCallback
                0x2000ceec       0x78 C:/ISIS/workspace/Taibeh/25.3.2020/25.3.2020/GlobusSatProject/..//hal/hal/lib\libHALD.a(FRAM.o)
                0x2000ceec                FRAM_unlockingCallback
 .text.doBlockingTransfer
                0x2000cf64       0x88 C:/ISIS/workspace/Taibeh/25.3.2020/25.3.2020/GlobusSatProject/..//hal/hal/lib\libHALD.a(FRAM.o)
 .text.FRAM_writePacket
                0x2000cfec      0x148 C:/ISIS/workspace/Taibeh/25.3.2020/25.3.2020/GlobusSatProject/..//hal/hal/lib\libHALD.a(FRAM.o)
 .text.FRAM_write
                0x2000d134      0x1c8 C:/ISIS/workspace/Taibeh/25.3.2020/25.3.2020/GlobusSatProject/..//hal/hal/lib\libHALD.a(FRAM.o)
                0x2000d134                FRAM_write
 .text.FRAM_readPacket
                0x2000d2fc      0x114 C:/ISIS/workspace/Taibeh/25.3.2020/25.3.2020/GlobusSatProject/..//hal/hal/lib\libHALD.a(FRAM.o)
 .text.FRAM_read
                0x2000d410      0x1d4 C:/ISIS/workspace/Taibeh/25.3.2020/25.3.2020/GlobusSatProject/..//hal/hal/lib\libHALD.a(FRAM.o)
                0x2000d410                FRAM_read
 .text.Time_start
                0x2000d5e4      0x150 C:/ISIS/workspace/Taibeh/25.3.2020/25.3.2020/GlobusSatProject/..//hal/hal/lib\libHALD.a(Time.o)
                0x2000d5e4                Time_start
 .text.taskTimeSync
                0x2000d734       0x38 C:/ISIS/workspace/Taibeh/25.3.2020/25.3.2020/GlobusSatProject/..//hal/hal/lib\libHALD.a(Time.o)
 .text.Time_set
                0x2000d76c      0x278 C:/ISIS/workspace/Taibeh/25.3.2020/25.3.2020/GlobusSatProject/..//hal/hal/lib\libHALD.a(Time.o)
                0x2000d76c                Time_set
 .text.Time_isLeapYear
                0x2000d9e4       0x98 C:/ISIS/workspace/Taibeh/25.3.2020/25.3.2020/GlobusSatProject/..//hal/hal/lib\libHALD.a(Time.o)
                0x2000d9e4                Time_isLeapYear
 .text.Time_get
                0x2000da7c      0x410 C:/ISIS/workspace/Taibeh/25.3.2020/25.3.2020/GlobusSatProject/..//hal/hal/lib\libHALD.a(Time.o)
                0x2000da7c                Time_get
 .text.Time_getUnixEpoch
                0x2000de8c       0xf4 C:/ISIS/workspace/Taibeh/25.3.2020/25.3.2020/GlobusSatProject/..//hal/hal/lib\libHALD.a(Time.o)
                0x2000de8c                Time_getUnixEpoch
 .text.secondsOfYearToTime
                0x2000df80      0x328 C:/ISIS/workspace/Taibeh/25.3.2020/25.3.2020/GlobusSatProject/..//hal/hal/lib\libHALD.a(Time.o)
 .text.Time_setUnixEpoch
                0x2000e2a8      0x100 C:/ISIS/workspace/Taibeh/25.3.2020/25.3.2020/GlobusSatProject/..//hal/hal/lib\libHALD.a(Time.o)
                0x2000e2a8                Time_setUnixEpoch
 .text.Time_sync
                0x2000e3a8      0x2b8 C:/ISIS/workspace/Taibeh/25.3.2020/25.3.2020/GlobusSatProject/..//hal/hal/lib\libHALD.a(Time.o)
                0x2000e3a8                Time_sync
 .text.Time_syncIfNeeded
                0x2000e660       0x70 C:/ISIS/workspace/Taibeh/25.3.2020/25.3.2020/GlobusSatProject/..//hal/hal/lib\libHALD.a(Time.o)
                0x2000e660                Time_syncIfNeeded
 .text.Time_setSyncInterval
                0x2000e6d0       0x38 C:/ISIS/workspace/Taibeh/25.3.2020/25.3.2020/GlobusSatProject/..//hal/hal/lib\libHALD.a(Time.o)
                0x2000e6d0                Time_setSyncInterval
 .text.WDT_start
                0x2000e708       0x48 C:/ISIS/workspace/Taibeh/25.3.2020/25.3.2020/GlobusSatProject/..//hal/hal/lib\libHALD.a(WatchDogTimerNoOS.o)
                0x2000e708                WDT_start
 .text.WDT_startWatchdogKickTask
                0x2000e750       0xb4 C:/ISIS/workspace/Taibeh/25.3.2020/25.3.2020/GlobusSatProject/..//hal/hal/lib\libHALD.a(WatchDogTimerOS.o)
                0x2000e750                WDT_startWatchdogKickTask
 .text.WDT_forceKickEveryNms
                0x2000e804       0x50 C:/ISIS/workspace/Taibeh/25.3.2020/25.3.2020/GlobusSatProject/..//hal/hal/lib\libHALD.a(WatchDogTimerOS.o)
                0x2000e804                WDT_forceKickEveryNms
 .text.LED_glow
                0x2000e854       0x58 C:/ISIS/workspace/Taibeh/25.3.2020/25.3.2020/GlobusSatProject/..//hal/hal/lib\libHALD.a(LED.o)
                0x2000e854                LED_glow
 .text.LED_dark
                0x2000e8ac       0x58 C:/ISIS/workspace/Taibeh/25.3.2020/25.3.2020/GlobusSatProject/..//hal/hal/lib\libHALD.a(LED.o)
                0x2000e8ac                LED_dark
 .text.LED_toggle
                0x2000e904       0x50 C:/ISIS/workspace/Taibeh/25.3.2020/25.3.2020/GlobusSatProject/..//hal/hal/lib\libHALD.a(LED.o)
                0x2000e904                LED_toggle
 .text.RTC_start
                0x2000e954       0x3c C:/ISIS/workspace/Taibeh/25.3.2020/25.3.2020/GlobusSatProject/..//hal/hal/lib\libHALD.a(RTC.o)
                0x2000e954                RTC_start
 .text.RTC_setTime
                0x2000e990      0x2a4 C:/ISIS/workspace/Taibeh/25.3.2020/25.3.2020/GlobusSatProject/..//hal/hal/lib\libHALD.a(RTC.o)
                0x2000e990                RTC_setTime
 .text.RTC_getTime
                0x2000ec34      0x224 C:/ISIS/workspace/Taibeh/25.3.2020/25.3.2020/GlobusSatProject/..//hal/hal/lib\libHALD.a(RTC.o)
                0x2000ec34                RTC_getTime
 .text.RTC_checkTimeValid
                0x2000ee58       0xdc C:/ISIS/workspace/Taibeh/25.3.2020/25.3.2020/GlobusSatProject/..//hal/hal/lib\libHALD.a(RTC.o)
                0x2000ee58                RTC_checkTimeValid
 .text.RTT_start
                0x2000ef34       0x24 C:/ISIS/workspace/Taibeh/25.3.2020/25.3.2020/GlobusSatProject/..//hal/hal/lib\libHALD.a(RTT.o)
                0x2000ef34                RTT_start
 .text.fn_init  0x2000ef58      0x2e0 C:/ISIS/workspace/Taibeh/25.3.2020/25.3.2020/GlobusSatProject/..//hal/hcc/lib\libHCCD.a(fat_common.o)
                0x2000ef58                fn_init
 .text.fsn_delete
                0x2000f238       0xc8 C:/ISIS/workspace/Taibeh/25.3.2020/25.3.2020/GlobusSatProject/..//hal/hcc/lib\libHCCD.a(fat_common.o)
                0x2000f238                fsn_delete
 .text._f_get16bitl
                0x2000f300       0x4c C:/ISIS/workspace/Taibeh/25.3.2020/25.3.2020/GlobusSatProject/..//hal/hcc/lib\libHCCD.a(fat_common.o)
                0x2000f300                _f_get16bitl
 .text._f_set16bitl
                0x2000f34c       0x54 C:/ISIS/workspace/Taibeh/25.3.2020/25.3.2020/GlobusSatProject/..//hal/hcc/lib\libHCCD.a(fat_common.o)
                0x2000f34c                _f_set16bitl
 .text._f_get32bitl
                0x2000f3a0       0x68 C:/ISIS/workspace/Taibeh/25.3.2020/25.3.2020/GlobusSatProject/..//hal/hcc/lib\libHCCD.a(fat_common.o)
                0x2000f3a0                _f_get32bitl
 .text._f_set32bitl
                0x2000f408       0x78 C:/ISIS/workspace/Taibeh/25.3.2020/25.3.2020/GlobusSatProject/..//hal/hcc/lib\libHCCD.a(fat_common.o)
                0x2000f408                _f_set32bitl
 .text._get8bit
                0x2000f480       0xa0 C:/ISIS/workspace/Taibeh/25.3.2020/25.3.2020/GlobusSatProject/..//hal/hcc/lib\libHCCD.a(fat_common.o)
 .text._get16bitl
                0x2000f520       0x40 C:/ISIS/workspace/Taibeh/25.3.2020/25.3.2020/GlobusSatProject/..//hal/hcc/lib\libHCCD.a(fat_common.o)
 .text._get32bitl
                0x2000f560       0x3c C:/ISIS/workspace/Taibeh/25.3.2020/25.3.2020/GlobusSatProject/..//hal/hcc/lib\libHCCD.a(fat_common.o)
 .text._f_setcardremoved
                0x2000f59c       0x94 C:/ISIS/workspace/Taibeh/25.3.2020/25.3.2020/GlobusSatProject/..//hal/hcc/lib\libHCCD.a(fat_common.o)
 .text._f_checkstatus
                0x2000f630      0x104 C:/ISIS/workspace/Taibeh/25.3.2020/25.3.2020/GlobusSatProject/..//hal/hcc/lib\libHCCD.a(fat_common.o)
                0x2000f630                _f_checkstatus
 .text._f_drvgetphy
                0x2000f734      0x114 C:/ISIS/workspace/Taibeh/25.3.2020/25.3.2020/GlobusSatProject/..//hal/hcc/lib\libHCCD.a(fat_common.o)
 .text._f_drvwritesector
                0x2000f848       0xdc C:/ISIS/workspace/Taibeh/25.3.2020/25.3.2020/GlobusSatProject/..//hal/hcc/lib\libHCCD.a(fat_common.o)
 .text._f_drvreadsector
                0x2000f924       0xa8 C:/ISIS/workspace/Taibeh/25.3.2020/25.3.2020/GlobusSatProject/..//hal/hcc/lib\libHCCD.a(fat_common.o)
 .text._f_writesector
                0x2000f9cc      0x23c C:/ISIS/workspace/Taibeh/25.3.2020/25.3.2020/GlobusSatProject/..//hal/hcc/lib\libHCCD.a(fat_common.o)
                0x2000f9cc                _f_writesector
 .text._f_readsector
                0x2000fc08      0x1dc C:/ISIS/workspace/Taibeh/25.3.2020/25.3.2020/GlobusSatProject/..//hal/hcc/lib\libHCCD.a(fat_common.o)
                0x2000fc08                _f_readsector
 .text._f_getmaxcluster
                0x2000fde4       0x94 C:/ISIS/workspace/Taibeh/25.3.2020/25.3.2020/GlobusSatProject/..//hal/hcc/lib\libHCCD.a(fat_common.o)
                0x2000fde4                _f_getmaxcluster
 .text._getsectorfromcluster
                0x2000fe78       0x68 C:/ISIS/workspace/Taibeh/25.3.2020/25.3.2020/GlobusSatProject/..//hal/hcc/lib\libHCCD.a(fat_common.o)
 .text._f_buildsectors
                0x2000fee0      0x268 C:/ISIS/workspace/Taibeh/25.3.2020/25.3.2020/GlobusSatProject/..//hal/hcc/lib\libHCCD.a(fat_common.o)
 .text._f_getbootrecord
                0x20010148      0x5e4 C:/ISIS/workspace/Taibeh/25.3.2020/25.3.2020/GlobusSatProject/..//hal/hcc/lib\libHCCD.a(fat_common.o)
 .text._f_readbootrecord
                0x2001072c      0x4f8 C:/ISIS/workspace/Taibeh/25.3.2020/25.3.2020/GlobusSatProject/..//hal/hcc/lib\libHCCD.a(fat_common.o)
 .text._f_flushcffiles
                0x20010c24      0x17c C:/ISIS/workspace/Taibeh/25.3.2020/25.3.2020/GlobusSatProject/..//hal/hcc/lib\libHCCD.a(fat_common.o)
                0x20010c24                _f_flushcffiles
 .text._f_fatcache_flush
                0x20010da0      0x270 C:/ISIS/workspace/Taibeh/25.3.2020/25.3.2020/GlobusSatProject/..//hal/hcc/lib\libHCCD.a(fat_common.o)
                0x20010da0                _f_fatcache_flush
 .text._f_writefatsector
                0x20011010      0x100 C:/ISIS/workspace/Taibeh/25.3.2020/25.3.2020/GlobusSatProject/..//hal/hcc/lib\libHCCD.a(fat_common.o)
                0x20011010                _f_writefatsector
 .text._f_getfatsector
                0x20011110      0x3bc C:/ISIS/workspace/Taibeh/25.3.2020/25.3.2020/GlobusSatProject/..//hal/hcc/lib\libHCCD.a(fat_common.o)
 .text._f_setclustervalue
                0x200114cc      0x490 C:/ISIS/workspace/Taibeh/25.3.2020/25.3.2020/GlobusSatProject/..//hal/hcc/lib\libHCCD.a(fat_common.o)
                0x200114cc                _f_setclustervalue
 .text._f_getclustervalue
                0x2001195c      0x388 C:/ISIS/workspace/Taibeh/25.3.2020/25.3.2020/GlobusSatProject/..//hal/hcc/lib\libHCCD.a(fat_common.o)
                0x2001195c                _f_getclustervalue
 .text._f_close_drive_files
                0x20011ce4       0xac C:/ISIS/workspace/Taibeh/25.3.2020/25.3.2020/GlobusSatProject/..//hal/hcc/lib\libHCCD.a(fat_common.o)
 .text._f_inc_mount_count
                0x20011d90       0xa4 C:/ISIS/workspace/Taibeh/25.3.2020/25.3.2020/GlobusSatProject/..//hal/hcc/lib\libHCCD.a(fat_common.o)
 .text._f_getvolume
                0x20011e34      0x2f8 C:/ISIS/workspace/Taibeh/25.3.2020/25.3.2020/GlobusSatProject/..//hal/hcc/lib\libHCCD.a(fat_common.o)
                0x20011e34                _f_getvolume
 .text.fn_createdriver
                0x2001212c      0x118 C:/ISIS/workspace/Taibeh/25.3.2020/25.3.2020/GlobusSatProject/..//hal/hcc/lib\libHCCD.a(fat_common.o)
                0x2001212c                fn_createdriver
 .text.fn_initvolume
                0x20012244      0x12c C:/ISIS/workspace/Taibeh/25.3.2020/25.3.2020/GlobusSatProject/..//hal/hcc/lib\libHCCD.a(fat_common.o)
                0x20012244                fn_initvolume
 .text.fn_releasedriver
                0x20012370       0xf4 C:/ISIS/workspace/Taibeh/25.3.2020/25.3.2020/GlobusSatProject/..//hal/hcc/lib\libHCCD.a(fat_common.o)
                0x20012370                fn_releasedriver
 .text.fn_initvolumepartition_sub
                0x20012464       0xe0 C:/ISIS/workspace/Taibeh/25.3.2020/25.3.2020/GlobusSatProject/..//hal/hcc/lib\libHCCD.a(fat_common.o)
 .text.fn_initvolumepartition
                0x20012544       0xac C:/ISIS/workspace/Taibeh/25.3.2020/25.3.2020/GlobusSatProject/..//hal/hcc/lib\libHCCD.a(fat_common.o)
                0x20012544                fn_initvolumepartition
 .text.fn_delvolume
                0x200125f0      0x194 C:/ISIS/workspace/Taibeh/25.3.2020/25.3.2020/GlobusSatProject/..//hal/hcc/lib\libHCCD.a(fat_common.o)
                0x200125f0                fn_delvolume
 .text._f_clustertopos
                0x20012784       0xf8 C:/ISIS/workspace/Taibeh/25.3.2020/25.3.2020/GlobusSatProject/..//hal/hcc/lib\libHCCD.a(fat_common.o)
                0x20012784                _f_clustertopos
 .text._f_getcurrsector
                0x2001287c      0x6c8 C:/ISIS/workspace/Taibeh/25.3.2020/25.3.2020/GlobusSatProject/..//hal/hcc/lib\libHCCD.a(fat_common.o)
                0x2001287c                _f_getcurrsector
 .text._f_getdecluster
                0x20012f44       0x90 C:/ISIS/workspace/Taibeh/25.3.2020/25.3.2020/GlobusSatProject/..//hal/hcc/lib\libHCCD.a(fat_common.o)
                0x20012f44                _f_getdecluster
 .text._f_setdecluster
                0x20012fd4       0x8c C:/ISIS/workspace/Taibeh/25.3.2020/25.3.2020/GlobusSatProject/..//hal/hcc/lib\libHCCD.a(fat_common.o)
                0x20012fd4                _f_setdecluster
 .text.fn_getdrive
                0x20013060       0x30 C:/ISIS/workspace/Taibeh/25.3.2020/25.3.2020/GlobusSatProject/..//hal/hcc/lib\libHCCD.a(fat_common.o)
                0x20013060                fn_getdrive
 .text._f_getcurrenttimedate
                0x20013090      0x138 C:/ISIS/workspace/Taibeh/25.3.2020/25.3.2020/GlobusSatProject/..//hal/hcc/lib\libHCCD.a(fat_common.o)
                0x20013090                _f_getcurrenttimedate
 .text._f_initentry
                0x200131c8       0xa0 C:/ISIS/workspace/Taibeh/25.3.2020/25.3.2020/GlobusSatProject/..//hal/hcc/lib\libHCCD.a(fat_common.o)
                0x200131c8                _f_initentry
 .text._f_alloccluster
                0x20013268      0x344 C:/ISIS/workspace/Taibeh/25.3.2020/25.3.2020/GlobusSatProject/..//hal/hcc/lib\libHCCD.a(fat_common.o)
                0x20013268                _f_alloccluster
 .text._f_dobadblock
                0x200135ac      0x2cc C:/ISIS/workspace/Taibeh/25.3.2020/25.3.2020/GlobusSatProject/..//hal/hcc/lib\libHCCD.a(fat_common.o)
                0x200135ac                _f_dobadblock
 .text._f_checklocked
                0x20013878       0xe4 C:/ISIS/workspace/Taibeh/25.3.2020/25.3.2020/GlobusSatProject/..//hal/hcc/lib\libHCCD.a(fat_common.o)
                0x20013878                _f_checklocked
 .text._f_checkappendlocked
                0x2001395c      0x110 C:/ISIS/workspace/Taibeh/25.3.2020/25.3.2020/GlobusSatProject/..//hal/hcc/lib\libHCCD.a(fat_common.o)
                0x2001395c                _f_checkappendlocked
 .text._f_setsyncafile
                0x20013a6c      0x114 C:/ISIS/workspace/Taibeh/25.3.2020/25.3.2020/GlobusSatProject/..//hal/hcc/lib\libHCCD.a(fat_common.o)
                0x20013a6c                _f_setsyncafile
 .text._f_syncfiles
                0x20013b80      0x128 C:/ISIS/workspace/Taibeh/25.3.2020/25.3.2020/GlobusSatProject/..//hal/hcc/lib\libHCCD.a(fat_common.o)
                0x20013b80                _f_syncfiles
 .text._f_syncfilescontent
                0x20013ca8      0x15c C:/ISIS/workspace/Taibeh/25.3.2020/25.3.2020/GlobusSatProject/..//hal/hcc/lib\libHCCD.a(fat_common.o)
 .text.fn_getfreespace
                0x20013e04      0x4c0 C:/ISIS/workspace/Taibeh/25.3.2020/25.3.2020/GlobusSatProject/..//hal/hcc/lib\libHCCD.a(fat_common.o)
                0x20013e04                fn_getfreespace
 .text._f_emptywritecache
                0x200142c4      0x4a4 C:/ISIS/workspace/Taibeh/25.3.2020/25.3.2020/GlobusSatProject/..//hal/hcc/lib\libHCCD.a(fat_common.o)
 .text._f_allocnextcluster
                0x20014768      0x54c C:/ISIS/workspace/Taibeh/25.3.2020/25.3.2020/GlobusSatProject/..//hal/hcc/lib\libHCCD.a(fat_common.o)
 .text._f_emptywritebuffer
                0x20014cb4      0x20c C:/ISIS/workspace/Taibeh/25.3.2020/25.3.2020/GlobusSatProject/..//hal/hcc/lib\libHCCD.a(fat_common.o)
 .text._f_writezeros
                0x20014ec0       0xf0 C:/ISIS/workspace/Taibeh/25.3.2020/25.3.2020/GlobusSatProject/..//hal/hcc/lib\libHCCD.a(fat_common.o)
                0x20014ec0                _f_writezeros
 .text._f_extend_file
                0x20014fb0      0x570 C:/ISIS/workspace/Taibeh/25.3.2020/25.3.2020/GlobusSatProject/..//hal/hcc/lib\libHCCD.a(fat_common.o)
 .text._f_fseek
                0x20015520      0x9bc C:/ISIS/workspace/Taibeh/25.3.2020/25.3.2020/GlobusSatProject/..//hal/hcc/lib\libHCCD.a(fat_common.o)
                0x20015520                _f_fseek
 .text._f_removechain
                0x20015edc      0x104 C:/ISIS/workspace/Taibeh/25.3.2020/25.3.2020/GlobusSatProject/..//hal/hcc/lib\libHCCD.a(fat_common.o)
                0x20015edc                _f_removechain
 .text._f_updatefileentry
                0x20015fe0      0x1cc C:/ISIS/workspace/Taibeh/25.3.2020/25.3.2020/GlobusSatProject/..//hal/hcc/lib\libHCCD.a(fat_common.o)
 .text._f_checkreadlocked
                0x200161ac      0x1bc C:/ISIS/workspace/Taibeh/25.3.2020/25.3.2020/GlobusSatProject/..//hal/hcc/lib\libHCCD.a(fat_common.o)
                0x200161ac                _f_checkreadlocked
 .text._f_check_handle
                0x20016368       0x98 C:/ISIS/workspace/Taibeh/25.3.2020/25.3.2020/GlobusSatProject/..//hal/hcc/lib\libHCCD.a(fat_common.o)
                0x20016368                _f_check_handle
 .text._f_removesyncafile
                0x20016400      0x1ec C:/ISIS/workspace/Taibeh/25.3.2020/25.3.2020/GlobusSatProject/..//hal/hcc/lib\libHCCD.a(fat_common.o)
 .text.fn_close
                0x200165ec      0x3f8 C:/ISIS/workspace/Taibeh/25.3.2020/25.3.2020/GlobusSatProject/..//hal/hcc/lib\libHCCD.a(fat_common.o)
                0x200165ec                fn_close
 .text.fn_flush
                0x200169e4      0x374 C:/ISIS/workspace/Taibeh/25.3.2020/25.3.2020/GlobusSatProject/..//hal/hcc/lib\libHCCD.a(fat_common.o)
                0x200169e4                fn_flush
 .text._f_abortwrite
                0x20016d58      0x100 C:/ISIS/workspace/Taibeh/25.3.2020/25.3.2020/GlobusSatProject/..//hal/hcc/lib\libHCCD.a(fat_common.o)
 .text._f_checkwritecluster
                0x20016e58       0xe4 C:/ISIS/workspace/Taibeh/25.3.2020/25.3.2020/GlobusSatProject/..//hal/hcc/lib\libHCCD.a(fat_common.o)
 .text.fn_write
                0x20016f3c      0x8a8 C:/ISIS/workspace/Taibeh/25.3.2020/25.3.2020/GlobusSatProject/..//hal/hcc/lib\libHCCD.a(fat_common.o)
                0x20016f3c                fn_write
 .text.f_enterFS
                0x200177e4      0x1c0 C:/ISIS/workspace/Taibeh/25.3.2020/25.3.2020/GlobusSatProject/..//hal/hcc/lib\libHCCD.a(fat_common.o)
                0x200177e4                f_enterFS
 .text.f_releaseFS
                0x200179a4       0xb0 C:/ISIS/workspace/Taibeh/25.3.2020/25.3.2020/GlobusSatProject/..//hal/hcc/lib\libHCCD.a(fat_common.o)
                0x200179a4                f_releaseFS
 .text.fnGetTask
                0x20017a54       0xfc C:/ISIS/workspace/Taibeh/25.3.2020/25.3.2020/GlobusSatProject/..//hal/hcc/lib\libHCCD.a(fat_common.o)
                0x20017a54                fnGetTask
 .text._f_mutex_get
                0x20017b50       0x98 C:/ISIS/workspace/Taibeh/25.3.2020/25.3.2020/GlobusSatProject/..//hal/hcc/lib\libHCCD.a(fat_common.o)
                0x20017b50                _f_mutex_get
 .text._f_mutex_put
                0x20017be8       0x54 C:/ISIS/workspace/Taibeh/25.3.2020/25.3.2020/GlobusSatProject/..//hal/hcc/lib\libHCCD.a(fat_common.o)
                0x20017be8                _f_mutex_put
 .text._fn_initseekdivisor
                0x20017c3c      0x158 C:/ISIS/workspace/Taibeh/25.3.2020/25.3.2020/GlobusSatProject/..//hal/hcc/lib\libHCCD.a(fat_common.o)
                0x20017c3c                _fn_initseekdivisor
 .text._fn_updateseekpos
                0x20017d94       0xc4 C:/ISIS/workspace/Taibeh/25.3.2020/25.3.2020/GlobusSatProject/..//hal/hcc/lib\libHCCD.a(fat_common.o)
 .text._f_findopensize
                0x20017e58       0x2c C:/ISIS/workspace/Taibeh/25.3.2020/25.3.2020/GlobusSatProject/..//hal/hcc/lib\libHCCD.a(fat_common.o)
                0x20017e58                _f_findopensize
 .text.fn_setlasterror
                0x20017e84       0x34 C:/ISIS/workspace/Taibeh/25.3.2020/25.3.2020/GlobusSatProject/..//hal/hcc/lib\libHCCD.a(fat_common.o)
                0x20017e84                fn_setlasterror
 .text.fn_setlasterror_noret
                0x20017eb8       0x2c C:/ISIS/workspace/Taibeh/25.3.2020/25.3.2020/GlobusSatProject/..//hal/hcc/lib\libHCCD.a(fat_common.o)
                0x20017eb8                fn_setlasterror_noret
 .text.fm_initvolume
                0x20017ee4       0x70 C:/ISIS/workspace/Taibeh/25.3.2020/25.3.2020/GlobusSatProject/..//hal/hcc/lib\libHCCD.a(fat_m.o)
                0x20017ee4                fm_initvolume
 .text.fm_delvolume
                0x20017f54       0x60 C:/ISIS/workspace/Taibeh/25.3.2020/25.3.2020/GlobusSatProject/..//hal/hcc/lib\libHCCD.a(fat_m.o)
                0x20017f54                fm_delvolume
 .text.fm_getdrive
                0x20017fb4       0x70 C:/ISIS/workspace/Taibeh/25.3.2020/25.3.2020/GlobusSatProject/..//hal/hcc/lib\libHCCD.a(fat_m.o)
                0x20017fb4                fm_getdrive
 .text.fm_getfreespace
                0x20018024       0x68 C:/ISIS/workspace/Taibeh/25.3.2020/25.3.2020/GlobusSatProject/..//hal/hcc/lib\libHCCD.a(fat_m.o)
                0x20018024                fm_getfreespace
 .text.fm_findfirst
                0x2001808c       0x68 C:/ISIS/workspace/Taibeh/25.3.2020/25.3.2020/GlobusSatProject/..//hal/hcc/lib\libHCCD.a(fat_m.o)
                0x2001808c                fm_findfirst
 .text.fm_findnext
                0x200180f4       0x60 C:/ISIS/workspace/Taibeh/25.3.2020/25.3.2020/GlobusSatProject/..//hal/hcc/lib\libHCCD.a(fat_m.o)
                0x200180f4                fm_findnext
 .text.fm_close
                0x20018154       0x60 C:/ISIS/workspace/Taibeh/25.3.2020/25.3.2020/GlobusSatProject/..//hal/hcc/lib\libHCCD.a(fat_m.o)
                0x20018154                fm_close
 .text.fm_flush
                0x200181b4       0x60 C:/ISIS/workspace/Taibeh/25.3.2020/25.3.2020/GlobusSatProject/..//hal/hcc/lib\libHCCD.a(fat_m.o)
                0x200181b4                fm_flush
 .text.fm_open  0x20018214       0x68 C:/ISIS/workspace/Taibeh/25.3.2020/25.3.2020/GlobusSatProject/..//hal/hcc/lib\libHCCD.a(fat_m.o)
                0x20018214                fm_open
 .text.fm_write
                0x2001827c       0x7c C:/ISIS/workspace/Taibeh/25.3.2020/25.3.2020/GlobusSatProject/..//hal/hcc/lib\libHCCD.a(fat_m.o)
                0x2001827c                fm_write
 .text.fm_delete
                0x200182f8       0x64 C:/ISIS/workspace/Taibeh/25.3.2020/25.3.2020/GlobusSatProject/..//hal/hcc/lib\libHCCD.a(fat_m.o)
                0x200182f8                fm_delete
 .text._s_checkzeroclusteratend
                0x2001835c       0xf8 C:/ISIS/workspace/Taibeh/25.3.2020/25.3.2020/GlobusSatProject/..//hal/hcc/lib\libHCCD.a(safefat.o)
 .text._s_clearclustercontent
                0x20018454      0x108 C:/ISIS/workspace/Taibeh/25.3.2020/25.3.2020/GlobusSatProject/..//hal/hcc/lib\libHCCD.a(safefat.o)
 .text._s_clearclustercontentdir
                0x2001855c      0x19c C:/ISIS/workspace/Taibeh/25.3.2020/25.3.2020/GlobusSatProject/..//hal/hcc/lib\libHCCD.a(safefat.o)
 .text._s_writedirsector
                0x200186f8       0xd0 C:/ISIS/workspace/Taibeh/25.3.2020/25.3.2020/GlobusSatProject/..//hal/hcc/lib\libHCCD.a(safefat.o)
 .text._s_getdirsector
                0x200187c8      0x100 C:/ISIS/workspace/Taibeh/25.3.2020/25.3.2020/GlobusSatProject/..//hal/hcc/lib\libHCCD.a(safefat.o)
 .text._s_addentry
                0x200188c8      0x394 C:/ISIS/workspace/Taibeh/25.3.2020/25.3.2020/GlobusSatProject/..//hal/hcc/lib\libHCCD.a(safefat.o)
 .text._s_findfile
                0x20018c5c      0x33c C:/ISIS/workspace/Taibeh/25.3.2020/25.3.2020/GlobusSatProject/..//hal/hcc/lib\libHCCD.a(safefat.o)
 .text._s_findsubdir
                0x20018f98      0x248 C:/ISIS/workspace/Taibeh/25.3.2020/25.3.2020/GlobusSatProject/..//hal/hcc/lib\libHCCD.a(safefat.o)
 .text._s_createfile
                0x200191e0      0x190 C:/ISIS/workspace/Taibeh/25.3.2020/25.3.2020/GlobusSatProject/..//hal/hcc/lib\libHCCD.a(safefat.o)
 .text._s_findsaffile
                0x20019370      0x1b8 C:/ISIS/workspace/Taibeh/25.3.2020/25.3.2020/GlobusSatProject/..//hal/hcc/lib\libHCCD.a(safefat.o)
 .text._s_open  0x20019528       0xe4 C:/ISIS/workspace/Taibeh/25.3.2020/25.3.2020/GlobusSatProject/..//hal/hcc/lib\libHCCD.a(safefat.o)
 .text._s_open_saf
                0x2001960c       0xe8 C:/ISIS/workspace/Taibeh/25.3.2020/25.3.2020/GlobusSatProject/..//hal/hcc/lib\libHCCD.a(safefat.o)
 .text._s_flush
                0x200196f4       0x84 C:/ISIS/workspace/Taibeh/25.3.2020/25.3.2020/GlobusSatProject/..//hal/hcc/lib\libHCCD.a(safefat.o)
 .text._s_allocnextcluster
                0x20019778      0x13c C:/ISIS/workspace/Taibeh/25.3.2020/25.3.2020/GlobusSatProject/..//hal/hcc/lib\libHCCD.a(safefat.o)
 .text._s_getnextsector
                0x200198b4       0xdc C:/ISIS/workspace/Taibeh/25.3.2020/25.3.2020/GlobusSatProject/..//hal/hcc/lib\libHCCD.a(safefat.o)
 .text._s_seek  0x20019990      0x1e8 C:/ISIS/workspace/Taibeh/25.3.2020/25.3.2020/GlobusSatProject/..//hal/hcc/lib\libHCCD.a(safefat.o)
 .text._s_get_len
                0x20019b78      0x10c C:/ISIS/workspace/Taibeh/25.3.2020/25.3.2020/GlobusSatProject/..//hal/hcc/lib\libHCCD.a(safefat.o)
 .text._s_set_len
                0x20019c84       0xb4 C:/ISIS/workspace/Taibeh/25.3.2020/25.3.2020/GlobusSatProject/..//hal/hcc/lib\libHCCD.a(safefat.o)
 .text.safe_fix_filelengths
                0x20019d38       0xcc C:/ISIS/workspace/Taibeh/25.3.2020/25.3.2020/GlobusSatProject/..//hal/hcc/lib\libHCCD.a(safefat.o)
                0x20019d38                safe_fix_filelengths
 .text._s_read  0x20019e04      0x228 C:/ISIS/workspace/Taibeh/25.3.2020/25.3.2020/GlobusSatProject/..//hal/hcc/lib\libHCCD.a(safefat.o)
 .text._s_write
                0x2001a02c      0x384 C:/ISIS/workspace/Taibeh/25.3.2020/25.3.2020/GlobusSatProject/..//hal/hcc/lib\libHCCD.a(safefat.o)
 .text._s_restoreclusters
                0x2001a3b0      0x270 C:/ISIS/workspace/Taibeh/25.3.2020/25.3.2020/GlobusSatProject/..//hal/hcc/lib\libHCCD.a(safefat.o)
                0x2001a3b0                _s_restoreclusters
 .text._s_findrestore
                0x2001a620      0x18c C:/ISIS/workspace/Taibeh/25.3.2020/25.3.2020/GlobusSatProject/..//hal/hcc/lib\libHCCD.a(safefat.o)
 .text._s_cmd_writede
                0x2001a7ac       0xd8 C:/ISIS/workspace/Taibeh/25.3.2020/25.3.2020/GlobusSatProject/..//hal/hcc/lib\libHCCD.a(safefat.o)
 .text._s_cmd_setcluster
                0x2001a884       0x88 C:/ISIS/workspace/Taibeh/25.3.2020/25.3.2020/GlobusSatProject/..//hal/hcc/lib\libHCCD.a(safefat.o)
 .text._s_cmd_deletechain
                0x2001a90c      0x100 C:/ISIS/workspace/Taibeh/25.3.2020/25.3.2020/GlobusSatProject/..//hal/hcc/lib\libHCCD.a(safefat.o)
 .text._s_cmd_validatecfn
                0x2001aa0c      0x308 C:/ISIS/workspace/Taibeh/25.3.2020/25.3.2020/GlobusSatProject/..//hal/hcc/lib\libHCCD.a(safefat.o)
 .text._s_cmd_seteof
                0x2001ad14      0x3c4 C:/ISIS/workspace/Taibeh/25.3.2020/25.3.2020/GlobusSatProject/..//hal/hcc/lib\libHCCD.a(safefat.o)
 .text.safe_docommands
                0x2001b0d8      0x56c C:/ISIS/workspace/Taibeh/25.3.2020/25.3.2020/GlobusSatProject/..//hal/hcc/lib\libHCCD.a(safefat.o)
                0x2001b0d8                safe_docommands
 .text.safe_entercommand
                0x2001b644       0x68 C:/ISIS/workspace/Taibeh/25.3.2020/25.3.2020/GlobusSatProject/..//hal/hcc/lib\libHCCD.a(safefat.o)
                0x2001b644                safe_entercommand
 .text.safe_ready
                0x2001b6ac       0xf4 C:/ISIS/workspace/Taibeh/25.3.2020/25.3.2020/GlobusSatProject/..//hal/hcc/lib\libHCCD.a(safefat.o)
                0x2001b6ac                safe_ready
 .text.safe_copycfn
                0x2001b7a0       0xb8 C:/ISIS/workspace/Taibeh/25.3.2020/25.3.2020/GlobusSatProject/..//hal/hcc/lib\libHCCD.a(safefat.o)
                0x2001b7a0                safe_copycfn
 .text.safe_cfremove
                0x2001b858       0xb8 C:/ISIS/workspace/Taibeh/25.3.2020/25.3.2020/GlobusSatProject/..//hal/hcc/lib\libHCCD.a(safefat.o)
                0x2001b858                safe_cfremove
 .text.safe_writede
                0x2001b910      0x104 C:/ISIS/workspace/Taibeh/25.3.2020/25.3.2020/GlobusSatProject/..//hal/hcc/lib\libHCCD.a(safefat.o)
                0x2001b910                safe_writede
 .text.safe_setcluster
                0x2001ba14       0xcc C:/ISIS/workspace/Taibeh/25.3.2020/25.3.2020/GlobusSatProject/..//hal/hcc/lib\libHCCD.a(safefat.o)
                0x2001ba14                safe_setcluster
 .text.safe_deletechain
                0x2001bae0      0x1c8 C:/ISIS/workspace/Taibeh/25.3.2020/25.3.2020/GlobusSatProject/..//hal/hcc/lib\libHCCD.a(safefat.o)
                0x2001bae0                safe_deletechain
 .text.safe_cfclose
                0x2001bca8      0x104 C:/ISIS/workspace/Taibeh/25.3.2020/25.3.2020/GlobusSatProject/..//hal/hcc/lib\libHCCD.a(safefat.o)
                0x2001bca8                safe_cfclose
 .text.safe_cfflush
                0x2001bdac      0x124 C:/ISIS/workspace/Taibeh/25.3.2020/25.3.2020/GlobusSatProject/..//hal/hcc/lib\libHCCD.a(safefat.o)
                0x2001bdac                safe_cfflush
 .text.safe_reset
                0x2001bed0       0x78 C:/ISIS/workspace/Taibeh/25.3.2020/25.3.2020/GlobusSatProject/..//hal/hcc/lib\libHCCD.a(safefat.o)
                0x2001bed0                safe_reset
 .text.safe_loadcommands
                0x2001bf48       0x78 C:/ISIS/workspace/Taibeh/25.3.2020/25.3.2020/GlobusSatProject/..//hal/hcc/lib\libHCCD.a(safefat.o)
                0x2001bf48                safe_loadcommands
 .text.safe_poweron
                0x2001bfc0      0x1fc C:/ISIS/workspace/Taibeh/25.3.2020/25.3.2020/GlobusSatProject/..//hal/hcc/lib\libHCCD.a(safefat.o)
                0x2001bfc0                safe_poweron
 .text.cf_getname
                0x2001c1bc       0xc0 C:/ISIS/workspace/Taibeh/25.3.2020/25.3.2020/GlobusSatProject/..//hal/hcc/lib\libHCCD.a(safefat.o)
 .text.cf_copyclusterchain
                0x2001c27c      0x138 C:/ISIS/workspace/Taibeh/25.3.2020/25.3.2020/GlobusSatProject/..//hal/hcc/lib\libHCCD.a(safefat.o)
 .text.cf_seektozero
                0x2001c3b4       0x94 C:/ISIS/workspace/Taibeh/25.3.2020/25.3.2020/GlobusSatProject/..//hal/hcc/lib\libHCCD.a(safefat.o)
                0x2001c3b4                cf_seektozero
 .text.cf_create
                0x2001c448      0x3a8 C:/ISIS/workspace/Taibeh/25.3.2020/25.3.2020/GlobusSatProject/..//hal/hcc/lib\libHCCD.a(safefat.o)
                0x2001c448                cf_create
 .text.cf_copyclustercontent
                0x2001c7f0      0x128 C:/ISIS/workspace/Taibeh/25.3.2020/25.3.2020/GlobusSatProject/..//hal/hcc/lib\libHCCD.a(safefat.o)
                0x2001c7f0                cf_copyclustercontent
 .text.cf_copycfn
                0x2001c918      0x4bc C:/ISIS/workspace/Taibeh/25.3.2020/25.3.2020/GlobusSatProject/..//hal/hcc/lib\libHCCD.a(safefat.o)
                0x2001c918                cf_copycfn
 .text.cf_remove
                0x2001cdd4      0x344 C:/ISIS/workspace/Taibeh/25.3.2020/25.3.2020/GlobusSatProject/..//hal/hcc/lib\libHCCD.a(safefat.o)
                0x2001cdd4                cf_remove
 .text.cf_setclusternew
                0x2001d118       0xf0 C:/ISIS/workspace/Taibeh/25.3.2020/25.3.2020/GlobusSatProject/..//hal/hcc/lib\libHCCD.a(safefat.o)
                0x2001d118                cf_setclusternew
 .text.cf_flush
                0x2001d208       0x58 C:/ISIS/workspace/Taibeh/25.3.2020/25.3.2020/GlobusSatProject/..//hal/hcc/lib\libHCCD.a(safefat.o)
                0x2001d208                cf_flush
 .text.cf_getcluster
                0x2001d260      0x1b4 C:/ISIS/workspace/Taibeh/25.3.2020/25.3.2020/GlobusSatProject/..//hal/hcc/lib\libHCCD.a(safefat.o)
                0x2001d260                cf_getcluster
 .text.cf_setnextcluster
                0x2001d414      0x194 C:/ISIS/workspace/Taibeh/25.3.2020/25.3.2020/GlobusSatProject/..//hal/hcc/lib\libHCCD.a(safefat.o)
                0x2001d414                cf_setnextcluster
 .text.cf_getpositions
                0x2001d5a8       0xbc C:/ISIS/workspace/Taibeh/25.3.2020/25.3.2020/GlobusSatProject/..//hal/hcc/lib\libHCCD.a(safefat.o)
                0x2001d5a8                cf_getpositions
 .text.cf_setpositions
                0x2001d664       0xb0 C:/ISIS/workspace/Taibeh/25.3.2020/25.3.2020/GlobusSatProject/..//hal/hcc/lib\libHCCD.a(safefat.o)
                0x2001d664                cf_setpositions
 .text.cf_opensyncafile
                0x2001d714      0x150 C:/ISIS/workspace/Taibeh/25.3.2020/25.3.2020/GlobusSatProject/..//hal/hcc/lib\libHCCD.a(safefat.o)
                0x2001d714                cf_opensyncafile
 .text.cf_reloadcfo
                0x2001d864       0xd8 C:/ISIS/workspace/Taibeh/25.3.2020/25.3.2020/GlobusSatProject/..//hal/hcc/lib\libHCCD.a(safefat.o)
                0x2001d864                cf_reloadcfo
 .text.mcipdc_cmd
                0x2001d93c      0x22c C:/ISIS/workspace/Taibeh/25.3.2020/25.3.2020/GlobusSatProject/..//hal/hcc/lib\libHCCD.a(atmel_mcipdc.o)
 .text.mcipdc_stop
                0x2001db68       0xfc C:/ISIS/workspace/Taibeh/25.3.2020/25.3.2020/GlobusSatProject/..//hal/hcc/lib\libHCCD.a(atmel_mcipdc.o)
                0x2001db68                mcipdc_stop
 .text.mcipdc_read
                0x2001dc64      0x27c C:/ISIS/workspace/Taibeh/25.3.2020/25.3.2020/GlobusSatProject/..//hal/hcc/lib\libHCCD.a(atmel_mcipdc.o)
 .text.mcipdc_write
                0x2001dee0      0x298 C:/ISIS/workspace/Taibeh/25.3.2020/25.3.2020/GlobusSatProject/..//hal/hcc/lib\libHCCD.a(atmel_mcipdc.o)
 .text.mcipdc_readsector
                0x2001e178       0x9c C:/ISIS/workspace/Taibeh/25.3.2020/25.3.2020/GlobusSatProject/..//hal/hcc/lib\libHCCD.a(atmel_mcipdc.o)
                0x2001e178                mcipdc_readsector
 .text.mcipdc_readmultiplesector
                0x2001e214      0x124 C:/ISIS/workspace/Taibeh/25.3.2020/25.3.2020/GlobusSatProject/..//hal/hcc/lib\libHCCD.a(atmel_mcipdc.o)
                0x2001e214                mcipdc_readmultiplesector
 .text.mcipdc_writesector
                0x2001e338       0x90 C:/ISIS/workspace/Taibeh/25.3.2020/25.3.2020/GlobusSatProject/..//hal/hcc/lib\libHCCD.a(atmel_mcipdc.o)
                0x2001e338                mcipdc_writesector
 .text.mcipdc_writemultiplesector
                0x2001e3c8      0x120 C:/ISIS/workspace/Taibeh/25.3.2020/25.3.2020/GlobusSatProject/..//hal/hcc/lib\libHCCD.a(atmel_mcipdc.o)
                0x2001e3c8                mcipdc_writemultiplesector
 .text.mcipdc_set_speed
                0x2001e4e8       0xb0 C:/ISIS/workspace/Taibeh/25.3.2020/25.3.2020/GlobusSatProject/..//hal/hcc/lib\libHCCD.a(atmel_mcipdc.o)
 .text.mcipdc_get_speed
                0x2001e598       0x48 C:/ISIS/workspace/Taibeh/25.3.2020/25.3.2020/GlobusSatProject/..//hal/hcc/lib\libHCCD.a(atmel_mcipdc.o)
 .text._get_csd_bits
                0x2001e5e0      0x14c C:/ISIS/workspace/Taibeh/25.3.2020/25.3.2020/GlobusSatProject/..//hal/hcc/lib\libHCCD.a(atmel_mcipdc.o)
 .text.mcipdc_initcard
                0x2001e72c      0x8f4 C:/ISIS/workspace/Taibeh/25.3.2020/25.3.2020/GlobusSatProject/..//hal/hcc/lib\libHCCD.a(atmel_mcipdc.o)
 .text.mcipdc_getstatus
                0x2001f020       0xe8 C:/ISIS/workspace/Taibeh/25.3.2020/25.3.2020/GlobusSatProject/..//hal/hcc/lib\libHCCD.a(atmel_mcipdc.o)
 .text.mcipdc_getphy
                0x2001f108       0x90 C:/ISIS/workspace/Taibeh/25.3.2020/25.3.2020/GlobusSatProject/..//hal/hcc/lib\libHCCD.a(atmel_mcipdc.o)
 .text.mcipdc_release
                0x2001f198       0x50 C:/ISIS/workspace/Taibeh/25.3.2020/25.3.2020/GlobusSatProject/..//hal/hcc/lib\libHCCD.a(atmel_mcipdc.o)
 .text.atmel_mcipdc_initfunc
                0x2001f1e8      0x160 C:/ISIS/workspace/Taibeh/25.3.2020/25.3.2020/GlobusSatProject/..//hal/hcc/lib\libHCCD.a(atmel_mcipdc.o)
                0x2001f1e8                atmel_mcipdc_initfunc
 .text.oal_mutex_create
                0x2001f348       0x54 C:/ISIS/workspace/Taibeh/25.3.2020/25.3.2020/GlobusSatProject/..//hal/hcc/lib\libHCCD.a(oalp_mutex.o)
                0x2001f348                oal_mutex_create
 .text.oal_mutex_delete
                0x2001f39c       0x30 C:/ISIS/workspace/Taibeh/25.3.2020/25.3.2020/GlobusSatProject/..//hal/hcc/lib\libHCCD.a(oalp_mutex.o)
                0x2001f39c                oal_mutex_delete
 .text.oal_mutex_get
                0x2001f3cc       0x58 C:/ISIS/workspace/Taibeh/25.3.2020/25.3.2020/GlobusSatProject/..//hal/hcc/lib\libHCCD.a(oalp_mutex.o)
                0x2001f3cc                oal_mutex_get
 .text.oal_mutex_put
                0x2001f424       0x58 C:/ISIS/workspace/Taibeh/25.3.2020/25.3.2020/GlobusSatProject/..//hal/hcc/lib\libHCCD.a(oalp_mutex.o)
                0x2001f424                oal_mutex_put
 .text.oal_task_get_id
                0x2001f47c       0x18 C:/ISIS/workspace/Taibeh/25.3.2020/25.3.2020/GlobusSatProject/..//hal/hcc/lib\libHCCD.a(oalp_task.o)
                0x2001f47c                oal_task_get_id
 .text.mcipdc_hw_init
                0x2001f494       0xe8 C:/ISIS/workspace/Taibeh/25.3.2020/25.3.2020/GlobusSatProject/..//hal/hcc/lib\libHCCD.a(atmel_mcipdc_hw.o)
                0x2001f494                mcipdc_hw_init
 .text.mcipdc_hw_delete
                0x2001f57c       0x78 C:/ISIS/workspace/Taibeh/25.3.2020/25.3.2020/GlobusSatProject/..//hal/hcc/lib\libHCCD.a(atmel_mcipdc_hw.o)
                0x2001f57c                mcipdc_hw_delete
 .text.mcipdc_hw_card_plugged
                0x2001f5f4       0x1c C:/ISIS/workspace/Taibeh/25.3.2020/25.3.2020/GlobusSatProject/..//hal/hcc/lib\libHCCD.a(atmel_mcipdc_hw.o)
                0x2001f5f4                mcipdc_hw_card_plugged
 .text.mcipdc_hw_card_writeprotect
                0x2001f610       0x1c C:/ISIS/workspace/Taibeh/25.3.2020/25.3.2020/GlobusSatProject/..//hal/hcc/lib\libHCCD.a(atmel_mcipdc_hw.o)
                0x2001f610                mcipdc_hw_card_writeprotect
 .text.psp_getcurrenttimedate
                0x2001f62c       0x8c C:/ISIS/workspace/Taibeh/25.3.2020/25.3.2020/GlobusSatProject/..//hal/hcc/lib\libHCCD.a(psp_rtc.o)
                0x2001f62c                psp_getcurrenttimedate
 .text._hcc_get_buf_dsc
                0x2001f6b8       0x8c C:/ISIS/workspace/Taibeh/25.3.2020/25.3.2020/GlobusSatProject/..//hal/hcc/lib\libHCCD.a(hcc_mem.o)
 .text._hcc_check_free_pages
                0x2001f744      0x18c C:/ISIS/workspace/Taibeh/25.3.2020/25.3.2020/GlobusSatProject/..//hal/hcc/lib\libHCCD.a(hcc_mem.o)
 .text._hcc_mark_pages
                0x2001f8d0      0x158 C:/ISIS/workspace/Taibeh/25.3.2020/25.3.2020/GlobusSatProject/..//hal/hcc/lib\libHCCD.a(hcc_mem.o)
 .text._hcc_clear_lock_dsc
                0x2001fa28       0x80 C:/ISIS/workspace/Taibeh/25.3.2020/25.3.2020/GlobusSatProject/..//hal/hcc/lib\libHCCD.a(hcc_mem.o)
 .text._hcc_lock_access
                0x2001faa8      0x128 C:/ISIS/workspace/Taibeh/25.3.2020/25.3.2020/GlobusSatProject/..//hal/hcc/lib\libHCCD.a(hcc_mem.o)
 .text._hcc_unlock_access
                0x2001fbd0       0x30 C:/ISIS/workspace/Taibeh/25.3.2020/25.3.2020/GlobusSatProject/..//hal/hcc/lib\libHCCD.a(hcc_mem.o)
 .text.hcc_mem_alloc
                0x2001fc00      0x454 C:/ISIS/workspace/Taibeh/25.3.2020/25.3.2020/GlobusSatProject/..//hal/hcc/lib\libHCCD.a(hcc_mem.o)
                0x2001fc00                hcc_mem_alloc
 .text.hcc_mem_free
                0x20020054      0x178 C:/ISIS/workspace/Taibeh/25.3.2020/25.3.2020/GlobusSatProject/..//hal/hcc/lib\libHCCD.a(hcc_mem.o)
                0x20020054                hcc_mem_free
 .text.hcc_mem_add
                0x200201cc      0x3b0 C:/ISIS/workspace/Taibeh/25.3.2020/25.3.2020/GlobusSatProject/..//hal/hcc/lib\libHCCD.a(hcc_mem.o)
                0x200201cc                hcc_mem_add
 .text.hcc_mem_init
                0x2002057c      0x164 C:/ISIS/workspace/Taibeh/25.3.2020/25.3.2020/GlobusSatProject/..//hal/hcc/lib\libHCCD.a(hcc_mem.o)
                0x2002057c                hcc_mem_init
 .text.hcc_mem_delete
                0x200206e0       0x94 C:/ISIS/workspace/Taibeh/25.3.2020/25.3.2020/GlobusSatProject/..//hal/hcc/lib\libHCCD.a(hcc_mem.o)
                0x200206e0                hcc_mem_delete
 .text._f_invalidatedir
                0x20020774       0x28 C:/ISIS/workspace/Taibeh/25.3.2020/25.3.2020/GlobusSatProject/..//hal/hcc/lib\libHCCD.a(fat.o)
                0x20020774                _f_invalidatedir
 .text._f_getdirsector
                0x2002079c       0x88 C:/ISIS/workspace/Taibeh/25.3.2020/25.3.2020/GlobusSatProject/..//hal/hcc/lib\libHCCD.a(fat.o)
                0x2002079c                _f_getdirsector
 .text._f_writedirsector
                0x20020824       0x74 C:/ISIS/workspace/Taibeh/25.3.2020/25.3.2020/GlobusSatProject/..//hal/hcc/lib\libHCCD.a(fat.o)
                0x20020824                _f_writedirsector
 .text._f_checknameinv
                0x20020898      0x180 C:/ISIS/workspace/Taibeh/25.3.2020/25.3.2020/GlobusSatProject/..//hal/hcc/lib\libHCCD.a(fat.o)
 .text._f_checkname
                0x20020a18       0x7c C:/ISIS/workspace/Taibeh/25.3.2020/25.3.2020/GlobusSatProject/..//hal/hcc/lib\libHCCD.a(fat.o)
 .text._f_checknamewc
                0x20020a94       0xf8 C:/ISIS/workspace/Taibeh/25.3.2020/25.3.2020/GlobusSatProject/..//hal/hcc/lib\libHCCD.a(fat.o)
 .text._f_setnameext
                0x20020b8c      0x300 C:/ISIS/workspace/Taibeh/25.3.2020/25.3.2020/GlobusSatProject/..//hal/hcc/lib\libHCCD.a(fat.o)
 .text._f_setfsname
                0x20020e8c      0x584 C:/ISIS/workspace/Taibeh/25.3.2020/25.3.2020/GlobusSatProject/..//hal/hcc/lib\libHCCD.a(fat.o)
 .text._f_findfile
                0x20021410      0x30c C:/ISIS/workspace/Taibeh/25.3.2020/25.3.2020/GlobusSatProject/..//hal/hcc/lib\libHCCD.a(fat.o)
 .text._f_cmp_wname
                0x2002171c      0x274 C:/ISIS/workspace/Taibeh/25.3.2020/25.3.2020/GlobusSatProject/..//hal/hcc/lib\libHCCD.a(fat.o)
 .text._f_to_string
                0x20021990      0x130 C:/ISIS/workspace/Taibeh/25.3.2020/25.3.2020/GlobusSatProject/..//hal/hcc/lib\libHCCD.a(fat.o)
 .text._f_findfilewc
                0x20021ac0      0x278 C:/ISIS/workspace/Taibeh/25.3.2020/25.3.2020/GlobusSatProject/..//hal/hcc/lib\libHCCD.a(fat.o)
 .text._f_getfilename
                0x20021d38      0x20c C:/ISIS/workspace/Taibeh/25.3.2020/25.3.2020/GlobusSatProject/..//hal/hcc/lib\libHCCD.a(fat.o)
 .text._f_findpath
                0x20021f44      0x35c C:/ISIS/workspace/Taibeh/25.3.2020/25.3.2020/GlobusSatProject/..//hal/hcc/lib\libHCCD.a(fat.o)
 .text.fn_getdcwd
                0x200222a0      0x1e0 C:/ISIS/workspace/Taibeh/25.3.2020/25.3.2020/GlobusSatProject/..//hal/hcc/lib\libHCCD.a(fat.o)
                0x200222a0                fn_getdcwd
 .text.fn_findfirst
                0x20022480      0x13c C:/ISIS/workspace/Taibeh/25.3.2020/25.3.2020/GlobusSatProject/..//hal/hcc/lib\libHCCD.a(fat.o)
                0x20022480                fn_findfirst
 .text.fn_findnext
                0x200225bc      0x360 C:/ISIS/workspace/Taibeh/25.3.2020/25.3.2020/GlobusSatProject/..//hal/hcc/lib\libHCCD.a(fat.o)
                0x200225bc                fn_findnext
 .text._f_lock_resfile
                0x2002291c       0x6c C:/ISIS/workspace/Taibeh/25.3.2020/25.3.2020/GlobusSatProject/..//hal/hcc/lib\libHCCD.a(fat.o)
 .text._f_unlock_resfile
                0x20022988       0x40 C:/ISIS/workspace/Taibeh/25.3.2020/25.3.2020/GlobusSatProject/..//hal/hcc/lib\libHCCD.a(fat.o)
 .text._f_getintfile
                0x200229c8      0x124 C:/ISIS/workspace/Taibeh/25.3.2020/25.3.2020/GlobusSatProject/..//hal/hcc/lib\libHCCD.a(fat.o)
 .text._f_addentry
                0x20022aec      0x540 C:/ISIS/workspace/Taibeh/25.3.2020/25.3.2020/GlobusSatProject/..//hal/hcc/lib\libHCCD.a(fat.o)
 .text.fn_open_sub
                0x2002302c     0x1698 C:/ISIS/workspace/Taibeh/25.3.2020/25.3.2020/GlobusSatProject/..//hal/hcc/lib\libHCCD.a(fat.o)
 .text.fn_open  0x200246c4       0x44 C:/ISIS/workspace/Taibeh/25.3.2020/25.3.2020/GlobusSatProject/..//hal/hcc/lib\libHCCD.a(fat.o)
                0x200246c4                fn_open
 .text.fn_delete
                0x20024708      0x490 C:/ISIS/workspace/Taibeh/25.3.2020/25.3.2020/GlobusSatProject/..//hal/hcc/lib\libHCCD.a(fat.o)
                0x20024708                fn_delete
 .text.hcc_mem_buf_alloc
                0x20024b98       0xe4 C:/ISIS/workspace/Taibeh/25.3.2020/25.3.2020/GlobusSatProject/..//hal/hcc/lib\libHCCD.a(psp_hcc_mem.o)
                0x20024b98                hcc_mem_buf_alloc
 .text.hcc_mem_buf_free
                0x20024c7c       0x6c C:/ISIS/workspace/Taibeh/25.3.2020/25.3.2020/GlobusSatProject/..//hal/hcc/lib\libHCCD.a(psp_hcc_mem.o)
                0x20024c7c                hcc_mem_buf_free
 .text.makeAntStransfer
                0x20024ce8       0x4c C:/ISIS/workspace/Taibeh/25.3.2020/25.3.2020/GlobusSatProject/..//satellite-subsystems/satellite-subsystems/lib\libSatelliteSubsystemsD.a(IsisAntS.o)
 .text.checkInputsValid
                0x20024d34       0x7c C:/ISIS/workspace/Taibeh/25.3.2020/25.3.2020/GlobusSatProject/..//satellite-subsystems/satellite-subsystems/lib\libSatelliteSubsystemsD.a(IsisAntS.o)
 .text.IsisAntS_initialize
                0x20024db0      0x26c C:/ISIS/workspace/Taibeh/25.3.2020/25.3.2020/GlobusSatProject/..//satellite-subsystems/satellite-subsystems/lib\libSatelliteSubsystemsD.a(IsisAntS.o)
                0x20024db0                IsisAntS_initialize
 .text.IsisAntS_setArmStatus
                0x2002501c      0x104 C:/ISIS/workspace/Taibeh/25.3.2020/25.3.2020/GlobusSatProject/..//satellite-subsystems/satellite-subsystems/lib\libSatelliteSubsystemsD.a(IsisAntS.o)
                0x2002501c                IsisAntS_setArmStatus
 .text.IsisAntS_getStatusData
                0x20025120      0x120 C:/ISIS/workspace/Taibeh/25.3.2020/25.3.2020/GlobusSatProject/..//satellite-subsystems/satellite-subsystems/lib\libSatelliteSubsystemsD.a(IsisAntS.o)
                0x20025120                IsisAntS_getStatusData
 .text.IsisAntS_getUptime
                0x20025240      0x120 C:/ISIS/workspace/Taibeh/25.3.2020/25.3.2020/GlobusSatProject/..//satellite-subsystems/satellite-subsystems/lib\libSatelliteSubsystemsD.a(IsisAntS.o)
                0x20025240                IsisAntS_getUptime
 .text.IsisAntS_getAlltelemetry
                0x20025360      0x120 C:/ISIS/workspace/Taibeh/25.3.2020/25.3.2020/GlobusSatProject/..//satellite-subsystems/satellite-subsystems/lib\libSatelliteSubsystemsD.a(IsisAntS.o)
                0x20025360                IsisAntS_getAlltelemetry
 .text.IsisAntS_reset
                0x20025480      0x104 C:/ISIS/workspace/Taibeh/25.3.2020/25.3.2020/GlobusSatProject/..//satellite-subsystems/satellite-subsystems/lib\libSatelliteSubsystemsD.a(IsisAntS.o)
                0x20025480                IsisAntS_reset
 .text.IsisAntS_cancelDeployment
                0x20025584      0x104 C:/ISIS/workspace/Taibeh/25.3.2020/25.3.2020/GlobusSatProject/..//satellite-subsystems/satellite-subsystems/lib\libSatelliteSubsystemsD.a(IsisAntS.o)
                0x20025584                IsisAntS_cancelDeployment
 .text.IsisSolarPanelv2_initialize
                0x20025688       0xb4 C:/ISIS/workspace/Taibeh/25.3.2020/25.3.2020/GlobusSatProject/..//satellite-subsystems/satellite-subsystems/lib\libSatelliteSubsystemsD.a(IsisSolarPanelv2.o)
                0x20025688                IsisSolarPanelv2_initialize
 .text.IsisSolarPanelv2_getTemperature
                0x2002573c       0xc8 C:/ISIS/workspace/Taibeh/25.3.2020/25.3.2020/GlobusSatProject/..//satellite-subsystems/satellite-subsystems/lib\libSatelliteSubsystemsD.a(IsisSolarPanelv2.o)
                0x2002573c                IsisSolarPanelv2_getTemperature
 .text.IsisSolarPanelv2_sleep
                0x20025804       0xbc C:/ISIS/workspace/Taibeh/25.3.2020/25.3.2020/GlobusSatProject/..//satellite-subsystems/satellite-subsystems/lib\libSatelliteSubsystemsD.a(IsisSolarPanelv2.o)
                0x20025804                IsisSolarPanelv2_sleep
 .text.IsisSolarPanelv2_getState
                0x200258c0       0x24 C:/ISIS/workspace/Taibeh/25.3.2020/25.3.2020/GlobusSatProject/..//satellite-subsystems/satellite-subsystems/lib\libSatelliteSubsystemsD.a(IsisSolarPanelv2.o)
                0x200258c0                IsisSolarPanelv2_getState
 .text._Reset   0x200258e4       0x20 C:/ISIS/workspace/Taibeh/25.3.2020/25.3.2020/GlobusSatProject/..//satellite-subsystems/satellite-subsystems/lib\libSatelliteSubsystemsD.a(IsisSolarPanelv2.o)
 .text._WaitForStartup
                0x20025904       0x90 C:/ISIS/workspace/Taibeh/25.3.2020/25.3.2020/GlobusSatProject/..//satellite-subsystems/satellite-subsystems/lib\libSatelliteSubsystemsD.a(IsisSolarPanelv2.o)
 .text._AssignAllChannels
                0x20025994       0x90 C:/ISIS/workspace/Taibeh/25.3.2020/25.3.2020/GlobusSatProject/..//satellite-subsystems/satellite-subsystems/lib\libSatelliteSubsystemsD.a(IsisSolarPanelv2.o)
 .text._AssignThisChannel
                0x20025a24       0xe8 C:/ISIS/workspace/Taibeh/25.3.2020/25.3.2020/GlobusSatProject/..//satellite-subsystems/satellite-subsystems/lib\libSatelliteSubsystemsD.a(IsisSolarPanelv2.o)
 .text._InitiateConversion
                0x20025b0c       0xac C:/ISIS/workspace/Taibeh/25.3.2020/25.3.2020/GlobusSatProject/..//satellite-subsystems/satellite-subsystems/lib\libSatelliteSubsystemsD.a(IsisSolarPanelv2.o)
 .text._WaitForConversionComplete
                0x20025bb8      0x100 C:/ISIS/workspace/Taibeh/25.3.2020/25.3.2020/GlobusSatProject/..//satellite-subsystems/satellite-subsystems/lib\libSatelliteSubsystemsD.a(IsisSolarPanelv2.o)
 .text._ReadResult
                0x20025cb8      0x158 C:/ISIS/workspace/Taibeh/25.3.2020/25.3.2020/GlobusSatProject/..//satellite-subsystems/satellite-subsystems/lib\libSatelliteSubsystemsD.a(IsisSolarPanelv2.o)
 .text._ExtractByte
                0x20025e10       0x38 C:/ISIS/workspace/Taibeh/25.3.2020/25.3.2020/GlobusSatProject/..//satellite-subsystems/satellite-subsystems/lib\libSatelliteSubsystemsD.a(IsisSolarPanelv2.o)
 .text._ExtendSign
                0x20025e48       0x6c C:/ISIS/workspace/Taibeh/25.3.2020/25.3.2020/GlobusSatProject/..//satellite-subsystems/satellite-subsystems/lib\libSatelliteSubsystemsD.a(IsisSolarPanelv2.o)
 .text._PinsInit
                0x20025eb4       0x50 C:/ISIS/workspace/Taibeh/25.3.2020/25.3.2020/GlobusSatProject/..//satellite-subsystems/satellite-subsystems/lib\libSatelliteSubsystemsD.a(IsisSolarPanelv2.o)
 .text._SpiWriteRead
                0x20025f04       0x70 C:/ISIS/workspace/Taibeh/25.3.2020/25.3.2020/GlobusSatProject/..//satellite-subsystems/satellite-subsystems/lib\libSatelliteSubsystemsD.a(IsisSolarPanelv2.o)
 .text.IsisTrxvu_initialize
                0x20025f74      0x2f4 C:/ISIS/workspace/Taibeh/25.3.2020/25.3.2020/GlobusSatProject/..//satellite-subsystems/satellite-subsystems/lib\libSatelliteSubsystemsD.a(IsisTRXVU.o)
                0x20025f74                IsisTrxvu_initialize
 .text.makeTRXVUtransfer
                0x20026268       0x44 C:/ISIS/workspace/Taibeh/25.3.2020/25.3.2020/GlobusSatProject/..//satellite-subsystems/satellite-subsystems/lib\libSatelliteSubsystemsD.a(IsisTRXVU.o)
 .text.IsisTrxvu_componentSoftReset