Archive member included because of file (symbol)

C:/ISIS/workspace/Taibeh/25.3.2020/25.3.2020/GlobusSatProject/..//hal/hal/lib\libHALD.a(I2C.o)
                              ./src/SubSystemModules/Communication/SubsystemCommands/Maintanence_Commands.o (I2C_write)
C:/ISIS/workspace/Taibeh/25.3.2020/25.3.2020/GlobusSatProject/..//hal/hal/lib\libHALD.a(SPI.o)
                              ./src/InitSystem.o (SPI_start)
C:/ISIS/workspace/Taibeh/25.3.2020/25.3.2020/GlobusSatProject/..//hal/hal/lib\libHALD.a(FRAM.o)
                              ./src/SubSystemModules/Communication/SubsystemCommands/Maintanence_Commands.o (FRAM_start)
C:/ISIS/workspace/Taibeh/25.3.2020/25.3.2020/GlobusSatProject/..//hal/hal/lib\libHALD.a(Time.o)
                              ./src/InitSystem.o (Time_start)
C:/ISIS/workspace/Taibeh/25.3.2020/25.3.2020/GlobusSatProject/..//hal/hal/lib\libHALD.a(WatchDogTimerNoOS.o)
                              ./src/main.o (WDT_start)
C:/ISIS/workspace/Taibeh/25.3.2020/25.3.2020/GlobusSatProject/..//hal/hal/lib\libHALD.a(WatchDogTimerOS.o)
                              ./src/TestingDemos/MainTest.o (WDT_startWatchdogKickTask)
C:/ISIS/workspace/Taibeh/25.3.2020/25.3.2020/GlobusSatProject/..//hal/hal/lib\libHALD.a(util.o)
                              ./src/TestingDemos/CommandsTestingDemo.o (UTIL_DbguGetIntegerMinMax)
C:/ISIS/workspace/Taibeh/25.3.2020/25.3.2020/GlobusSatProject/..//hal/hal/lib\libHALD.a(LED.o)
                              C:/ISIS/workspace/Taibeh/25.3.2020/25.3.2020/GlobusSatProject/..//hal/hal/lib\libHALD.a(WatchDogTimerOS.o) (LED_toggle)
C:/ISIS/workspace/Taibeh/25.3.2020/25.3.2020/GlobusSatProject/..//hal/hal/lib\libHALD.a(RTC.o)
                              C:/ISIS/workspace/Taibeh/25.3.2020/25.3.2020/GlobusSatProject/..//hal/hal/lib\libHALD.a(Time.o) (RTC_getTime)
C:/ISIS/workspace/Taibeh/25.3.2020/25.3.2020/GlobusSatProject/..//hal/hal/lib\libHALD.a(RTT.o)
                              C:/ISIS/workspace/Taibeh/25.3.2020/25.3.2020/GlobusSatProject/..//hal/hal/lib\libHALD.a(Time.o) (RTT_start)
C:/ISIS/workspace/Taibeh/25.3.2020/25.3.2020/GlobusSatProject/..//hal/hcc/lib\libHCCD.a(fat_common.o)
                              ./src/TLM_management.o (fn_init)
C:/ISIS/workspace/Taibeh/25.3.2020/25.3.2020/GlobusSatProject/..//hal/hcc/lib\libHCCD.a(fat_m.o)
                              ./src/TLM_management.o (fm_initvolume)
C:/ISIS/workspace/Taibeh/25.3.2020/25.3.2020/GlobusSatProject/..//hal/hcc/lib\libHCCD.a(safefat.o)
                              C:/ISIS/workspace/Taibeh/25.3.2020/25.3.2020/GlobusSatProject/..//hal/hcc/lib\libHCCD.a(fat_common.o) (safe_fix_filelengths)
C:/ISIS/workspace/Taibeh/25.3.2020/25.3.2020/GlobusSatProject/..//hal/hcc/lib\libHCCD.a(atmel_mcipdc.o)
                              ./src/TLM_management.o (atmel_mcipdc_initfunc)
C:/ISIS/workspace/Taibeh/25.3.2020/25.3.2020/GlobusSatProject/..//hal/hcc/lib\libHCCD.a(oalp_mutex.o)
                              C:/ISIS/workspace/Taibeh/25.3.2020/25.3.2020/GlobusSatProject/..//hal/hcc/lib\libHCCD.a(fat_common.o) (oal_mutex_create)
C:/ISIS/workspace/Taibeh/25.3.2020/25.3.2020/GlobusSatProject/..//hal/hcc/lib\libHCCD.a(oalp_task.o)
                              C:/ISIS/workspace/Taibeh/25.3.2020/25.3.2020/GlobusSatProject/..//hal/hcc/lib\libHCCD.a(fat_common.o) (oal_task_get_id)
C:/ISIS/workspace/Taibeh/25.3.2020/25.3.2020/GlobusSatProject/..//hal/hcc/lib\libHCCD.a(atmel_mcipdc_hw.o)
                              C:/ISIS/workspace/Taibeh/25.3.2020/25.3.2020/GlobusSatProject/..//hal/hcc/lib\libHCCD.a(atmel_mcipdc.o) (mcipdc_hw_init)
C:/ISIS/workspace/Taibeh/25.3.2020/25.3.2020/GlobusSatProject/..//hal/hcc/lib\libHCCD.a(psp_rand.o)
                              C:/ISIS/workspace/Taibeh/25.3.2020/25.3.2020/GlobusSatProject/..//hal/hcc/lib\libHCCD.a(fat_common.o) (psp_getrand)
C:/ISIS/workspace/Taibeh/25.3.2020/25.3.2020/GlobusSatProject/..//hal/hcc/lib\libHCCD.a(psp_rtc.o)
                              C:/ISIS/workspace/Taibeh/25.3.2020/25.3.2020/GlobusSatProject/..//hal/hcc/lib\libHCCD.a(fat_common.o) (psp_getcurrenttimedate)
C:/ISIS/workspace/Taibeh/25.3.2020/25.3.2020/GlobusSatProject/..//hal/hcc/lib\libHCCD.a(hcc_mem.o)
                              C:/ISIS/workspace/Taibeh/25.3.2020/25.3.2020/GlobusSatProject/..//hal/hcc/lib\libHCCD.a(atmel_mcipdc.o) (hcc_mem_alloc)
C:/ISIS/workspace/Taibeh/25.3.2020/25.3.2020/GlobusSatProject/..//hal/hcc/lib\libHCCD.a(fat.o)
                              C:/ISIS/workspace/Taibeh/25.3.2020/25.3.2020/GlobusSatProject/..//hal/hcc/lib\libHCCD.a(fat_common.o) (_f_getdirsector)
C:/ISIS/workspace/Taibeh/25.3.2020/25.3.2020/GlobusSatProject/..//hal/hcc/lib\libHCCD.a(psp_hcc_mem.o)
                              C:/ISIS/workspace/Taibeh/25.3.2020/25.3.2020/GlobusSatProject/..//hal/hcc/lib\libHCCD.a(hcc_mem.o) (hcc_mem_buf_alloc)
C:/ISIS/workspace/Taibeh/25.3.2020/25.3.2020/GlobusSatProject/..//satellite-subsystems/satellite-subsystems/lib\libSatelliteSubsystemsD.a(IsisAntS.o)
[...]
Memory Configuration

Name             Origin             Length             Attributes
sram0            0x00200000         0x00004000         w !xr
sram1            0x00300000         0x00004000         w !xr
sdram            0x20000000         0x02000000         w !xr
*default*        0x00000000         0xffffffff

Linker script and memory map

LOAD c:/isis/application/toolchain/bin/../lib/gcc/arm-none-eabi/4.7.4/../../../../arm-none-eabi/lib\libc.a
LOAD ./src/TestingDemos/CommandsTestingDemo.o
LOAD ./src/TestingDemos/EpsTestingDemo.o
LOAD ./src/TestingDemos/FileSystemTestingDemo.o
LOAD ./src/TestingDemos/MainTest.o
LOAD ./src/TestingDemos/MaintenanceTestingDemo.o
LOAD ./src/TestingDemos/TelemetryTestingDemo.o
LOAD ./src/TestingDemos/TrxvuTestingDemo.o
LOAD ./src/SubSystemModules/PowerManagment/EPS.o
LOAD ./src/SubSystemModules/PowerManagment/EPSOperationModes.o
LOAD ./src/SubSystemModules/Maintenance/Maintenance.o
LOAD ./src/SubSystemModules/Housekepping/TelemetryCollector.o
LOAD ./src/SubSystemModules/Communication/SubsystemCommands/EPS_Commands.o
LOAD ./src/SubSystemModules/Communication/SubsystemCommands/FS_Commands.o
LOAD ./src/SubSystemModules/Communication/SubsystemCommands/Maintanence_Commands.o
LOAD ./src/SubSystemModules/Communication/SubsystemCommands/TRXVU_Commands.o
LOAD ./src/SubSystemModules/Communication/AckHandler.o
LOAD ./src/SubSystemModules/Communication/ActUponCommand.o
LOAD ./src/SubSystemModules/Communication/Beacon.o
LOAD ./src/SubSystemModules/Communication/CommandDictionary.o
LOAD ./src/SubSystemModules/Communication/SatCommandHandler.o
LOAD ./src/SubSystemModules/Communication/SatDataTx.o
LOAD ./src/SubSystemModules/Communication/TRXVU.o
LOAD ./src/InitSystem.o
LOAD ./src/Logger.o
LOAD ./src/TLM_management.o
LOAD ./src/main.o
LOAD C:/ISIS/workspace/Taibeh/25.3.2020/25.3.2020/GlobusSatProject/..//hal/hal/lib\libHALD.a
LOAD C:/ISIS/workspace/Taibeh/25.3.2020/25.3.2020/GlobusSatProject/..//hal/hcc/lib\libHCCD.a
LOAD C:/ISIS/workspace/Taibeh/25.3.2020/25.3.2020/GlobusSatProject/..//satellite-subsystems/satellite-subsystems/lib\libSatelliteSubsystemsD.a
LOAD C:/ISIS/workspace/Taibeh/25.3.2020/25.3.2020/GlobusSatProject/..//hal/freertos/lib\libFreeRTOSD.a
LOAD C:/ISIS/workspace/Taibeh/25.3.2020/25.3.2020/GlobusSatProject/..//hal/at91/lib\libAt91D.a
START GROUP
LOAD c:/isis/application/toolchain/bin/../lib/gcc/arm-none-eabi/4.7.4\libgcc.a
LOAD c:/isis/application/toolchain/bin/../lib/gcc/arm-none-eabi/4.7.4/../../../../arm-none-eabi/lib\libg.a
LOAD c:/isis/application/toolchain/bin/../lib/gcc/arm-none-eabi/4.7.4/../../../../arm-none-eabi/lib\libc.a
END GROUP

.fixed          0x20000000    0x38434
                0x20000000                . = ALIGN (0x4)
                0x20000000                _sfixed = .
 *(.startup)
 .startup       0x20000000      0x134 C:/ISIS/workspace/Taibeh/25.3.2020/25.3.2020/GlobusSatProject/..//hal/at91/lib\libAt91D.a(board_cstartup.o)
                0x20000000                entry
 *(.text)
 .text          0x20000134       0x64 C:/ISIS/workspace/Taibeh/25.3.2020/25.3.2020/GlobusSatProject/..//hal/at91/lib\libAt91D.a(cp15_asm.o)
                0x20000134                _readControlRegister
                0x20000140                _writeControlRegister
                0x20000148                _waitForInterrupt
                0x20000154                _writeTTB
                0x2000015c                _writeDomain
                0x20000164                _writeITLBLockdown
                0x2000016c                _prefetchICacheLine
                0x20000174                _flushDCache
                0x20000180                _flushWriteBuffer
                0x2000018c                _invalidateIDTLBs
 .text          0x20000198      0x114 c:/isis/application/toolchain/bin/../lib/gcc/arm-none-eabi/4.7.4\libgcc.a(_udivsi3.o)
                0x20000198                __aeabi_uidiv
                0x20000198                __udivsi3
                0x2000028c                __aeabi_uidivmod
 .text          0x200002ac      0x148 c:/isis/application/toolchain/bin/../lib/gcc/arm-none-eabi/4.7.4\libgcc.a(_divsi3.o)
                0x200002ac                __divsi3
                0x200002ac                __aeabi_idiv
                0x200003d4                __aeabi_idivmod
 .text          0x200003f4        0x4 c:/isis/application/toolchain/bin/../lib/gcc/arm-none-eabi/4.7.4\libgcc.a(_dvmd_tls.o)
                0x200003f4                __aeabi_idiv0
                0x200003f4                __aeabi_ldiv0
 .text          0x200003f8      0x41c c:/isis/application/toolchain/bin/../lib/gcc/arm-none-eabi/4.7.4\libgcc.a(_arm_addsubdf3.o)
                0x200003f8                __aeabi_drsub
                0x20000400                __aeabi_dsub
                0x20000400                __subdf3
                0x20000404                __aeabi_dadd
                0x20000404                __adddf3
                0x20000714                __floatunsidf
                0x20000714                __aeabi_ui2d
                0x20000738                __floatsidf
                0x20000738                __aeabi_i2d
                0x20000760                __aeabi_f2d
                0x20000760                __extendsfdf2
                0x200007a0                __floatundidf
                0x200007a0                __aeabi_ul2d
                0x200007b4                __floatdidf
                0x200007b4                __aeabi_l2d
 .text          0x20000814      0x49c c:/isis/application/toolchain/bin/../lib/gcc/arm-none-eabi/4.7.4\libgcc.a(_arm_muldivdf3.o)
                0x20000814                __aeabi_dmul
                0x20000814                __muldf3
                0x20000aa4                __divdf3
                0x20000aa4                __aeabi_ddiv
 .text          0x20000cb0      0x2ac c:/isis/application/toolchain/bin/../lib/gcc/arm-none-eabi/4.7.4\libgcc.a(_arm_addsubsf3.o)
                0x20000cb0                __aeabi_frsub
                0x20000cb8                __subsf3
                0x20000cb8                __aeabi_fsub
                0x20000cbc                __aeabi_fadd
                0x20000cbc                __addsf3
                0x20000e78                __aeabi_ui2f
                0x20000e78                __floatunsisf
                0x20000e80                __aeabi_i2f
                0x20000e80                __floatsisf
                0x20000ea0                __aeabi_ul2f
                0x20000ea0                __floatundisf
                0x20000eb0                __aeabi_l2f
                0x20000eb0                __floatdisf
 .text          0x20000f5c      0x2f8 c:/isis/application/toolchain/bin/../lib/gcc/arm-none-eabi/4.7.4\libgcc.a(_arm_muldivsf3.o)
                0x20000f5c                __mulsf3
                0x20000f5c                __aeabi_fmul
                0x200010f4                __aeabi_fdiv
                0x200010f4                __divsf3
 .text          0x20001254      0x114 c:/isis/application/toolchain/bin/../lib/gcc/arm-none-eabi/4.7.4\libgcc.a(_arm_cmpsf2.o)
                0x20001254                __gesf2
                0x20001254                __gtsf2
                0x2000125c                __lesf2
                0x2000125c                __ltsf2
                0x20001264                __nesf2
                0x20001264                __eqsf2
                0x20001264                __cmpsf2
                0x200012c8                __aeabi_cfrcmple
                0x200012d8                __aeabi_cfcmpeq
                0x200012d8                __aeabi_cfcmple
                0x200012f0                __aeabi_fcmpeq
                0x20001308                __aeabi_fcmplt
                0x20001320                __aeabi_fcmple
                0x20001338                __aeabi_fcmpge
                0x20001350                __aeabi_fcmpgt
 .text          0x20001368       0x54 c:/isis/application/toolchain/bin/../lib/gcc/arm-none-eabi/4.7.4\libgcc.a(_arm_fixunssfsi.o)
                0x20001368                __fixunssfsi
                0x20001368                __aeabi_f2uiz
 .text          0x200013bc      0x144 c:/isis/application/toolchain/bin/../lib/gcc/arm-none-eabi/4.7.4\libgcc.a(_arm_cmpdf2.o)
                0x200013bc                __gtdf2
                0x200013bc                __gedf2
                0x200013c4                __ltdf2
                0x200013c4                __ledf2
                0x200013cc                __nedf2
                0x200013cc                __eqdf2
                0x200013cc                __cmpdf2
                0x20001454                __aeabi_cdrcmple
                0x20001470                __aeabi_cdcmpeq
                0x20001470                __aeabi_cdcmple
                0x20001488                __aeabi_dcmpeq
                0x200014a0                __aeabi_dcmplt
                0x200014b8                __aeabi_dcmple
                0x200014d0                __aeabi_dcmpge
                0x200014e8                __aeabi_dcmpgt
 .text          0x20001500       0x5c c:/isis/application/toolchain/bin/../lib/gcc/arm-none-eabi/4.7.4\libgcc.a(_arm_fixdfsi.o)
                0x20001500                __aeabi_d2iz
                0x20001500                __fixdfsi
 .text          0x2000155c       0x3c c:/isis/application/toolchain/bin/../lib/gcc/arm-none-eabi/4.7.4\libgcc.a(_aeabi_uldivmod.o)
                0x2000155c                __aeabi_uldivmod
 .text          0x20001598       0x84 c:/isis/application/toolchain/bin/../lib/gcc/arm-none-eabi/4.7.4\libgcc.a(bpabi.o)
                0x20001598                __gnu_ldivmod_helper
                0x200015dc                __gnu_uldivmod_helper
 .text          0x2000161c      0x4f0 c:/isis/application/toolchain/bin/../lib/gcc/arm-none-eabi/4.7.4\libgcc.a(_divdi3.o)
                0x2000161c                __divdi3
 .text          0x20001b0c      0x488 c:/isis/application/toolchain/bin/../lib/gcc/arm-none-eabi/4.7.4\libgcc.a(_udivdi3.o)
                0x20001b0c                __udivdi3
 .text          0x20001f94       0x48 c:/isis/application/toolchain/bin/../lib/gcc/arm-none-eabi/4.7.4\libgcc.a(_clzsi2.o)
                0x20001f94                __clzsi2
 *(.text*)
 .text.TestActUponCommand
                0x20001fdc      0x12c ./src/TestingDemos/CommandsTestingDemo.o
                0x20001fdc                TestActUponCommand
 .text.TestAssmbleCommand
                0x20002108      0x18c ./src/TestingDemos/CommandsTestingDemo.o
                0x20002108                TestAssmbleCommand
 .text.TestGetDelayedCommand
                0x20002294       0xa4 ./src/TestingDemos/CommandsTestingDemo.o
                0x20002294                TestGetDelayedCommand
 .text.TestAddDelayedCommand
                0x20002338       0xc0 ./src/TestingDemos/CommandsTestingDemo.o
                0x20002338                TestAddDelayedCommand
 .text.TestGetDelayedCommandBufferCount
                0x200023f8       0x58 ./src/TestingDemos/CommandsTestingDemo.o
                0x200023f8                TestGetDelayedCommandBufferCount
 .text.TestGetOnlineCommand
                0x20002450       0xcc ./src/TestingDemos/CommandsTestingDemo.o
                0x20002450                TestGetOnlineCommand
 .text.TestDeleteDelayedCommandByIndex
                0x2000251c      0x1c8 ./src/TestingDemos/CommandsTestingDemo.o
                0x2000251c                TestDeleteDelayedCommandByIndex
 .text.TestDeleteDelayedBuffer
                0x200026e4      0x14c ./src/TestingDemos/CommandsTestingDemo.o
                0x200026e4                TestDeleteDelayedBuffer
 .text.selectAndExecuteCommandsDemoTest
                0x20002830      0x170 ./src/TestingDemos/CommandsTestingDemo.o
                0x20002830                selectAndExecuteCommandsDemoTest
 .text.MainCommandsTestBench
                0x200029a0       0x4c ./src/TestingDemos/CommandsTestingDemo.o
                0x200029a0                MainCommandsTestBench
 .text.TestEpsConditioning
                0x200029ec      0x1e8 ./src/TestingDemos/EpsTestingDemo.o
                0x200029ec                TestEpsConditioning
 .text.TestGetBatteryVoltage
                0x20002bd4       0x64 ./src/TestingDemos/EpsTestingDemo.o
                0x20002bd4                TestGetBatteryVoltage
 .text.TestUpdateThreshVoltages
                0x20002c38      0x170 ./src/TestingDemos/EpsTestingDemo.o
                0x20002c38                TestUpdateThreshVoltages
 .text.TestGetThreshVoltages
                0x20002da8       0xb0 ./src/TestingDemos/EpsTestingDemo.o
                0x20002da8                TestGetThreshVoltages
 .text.TestUpdateAlpha
                0x20002e58       0xd0 ./src/TestingDemos/EpsTestingDemo.o
                0x20002e58                TestUpdateAlpha
 .text.TestGetAlpha
                0x20002f28       0x78 ./src/TestingDemos/EpsTestingDemo.o
                0x20002f28                TestGetAlpha
 .text.TestRestoreDefaultAlpha
                0x20002fa0       0xfc ./src/TestingDemos/EpsTestingDemo.o
                0x20002fa0                TestRestoreDefaultAlpha
 .text.TestRestoreDefaultThresholdVoltages
                0x2000309c      0x154 ./src/TestingDemos/EpsTestingDemo.o
                0x2000309c                TestRestoreDefaultThresholdVoltages
 .text.selectAndExecuteEpsDemoTest
                0x200031f0      0x174 ./src/TestingDemos/EpsTestingDemo.o
                0x200031f0                selectAndExecuteEpsDemoTest
 .text.MainEpsTestBench
                0x20003364       0x40 ./src/TestingDemos/EpsTestingDemo.o
                0x20003364                MainEpsTestBench
 .text.MainFileSystemTestBench
                0x200033a4       0x1c ./src/TestingDemos/FileSystemTestingDemo.o
                0x200033a4                MainFileSystemTestBench
 .text.selectAndExecuteTest
                0x200033c0      0x1d8 ./src/TestingDemos/MainTest.o
                0x200033c0                selectAndExecuteTest
 .text.taskTesting
                0x20003598       0x2c ./src/TestingDemos/MainTest.o
                0x20003598                taskTesting
 .text.GenericWrite_FRAM
                0x200035c4      0x15c ./src/TestingDemos/MaintenanceTestingDemo.o
                0x200035c4                GenericWrite_FRAM
 .text.selectAndExecuteMaintenanceDemoTest
                0x20003720      0x16c ./src/TestingDemos/MaintenanceTestingDemo.o
                0x20003720                selectAndExecuteMaintenanceDemoTest
 .text.MainMaintenanceTestBench
                0x2000388c       0x40 ./src/TestingDemos/MaintenanceTestingDemo.o
                0x2000388c                MainMaintenanceTestBench
 .text.MainTelemetryTestBench
                0x200038cc       0x1c ./src/TestingDemos/TelemetryTestingDemo.o
                0x200038cc                MainTelemetryTestBench
 .text.TestInitTrxvu
                0x200038e8       0x54 ./src/TestingDemos/TrxvuTestingDemo.o
                0x200038e8                TestInitTrxvu
 .text.TestInitTrxvuWithDifferentFrameLengths
                0x2000393c      0x134 ./src/TestingDemos/TrxvuTestingDemo.o
                0x2000393c                TestInitTrxvuWithDifferentFrameLengths
 .text.TestTrxvuLogic
                0x20003a70       0xdc ./src/TestingDemos/TrxvuTestingDemo.o
                0x20003a70                TestTrxvuLogic
 .text.TestCheckTransmitionAllowed
                0x20003b4c       0xa4 ./src/TestingDemos/TrxvuTestingDemo.o
                0x20003b4c                TestCheckTransmitionAllowed
 .text.TestSendDumpAbortRequest
                0x20003bf0       0x24 ./src/TestingDemos/TrxvuTestingDemo.o
                0x20003bf0                TestSendDumpAbortRequest
 .text.TestTransmitDummySplPacket
                0x20003c14       0xc0 ./src/TestingDemos/TrxvuTestingDemo.o
                0x20003c14                TestTransmitDummySplPacket
 .text.TestTransmitSplPacket
                0x20003cd4      0x1ec ./src/TestingDemos/TrxvuTestingDemo.o
                0x20003cd4                TestTransmitSplPacket
 .text.TestExitDump
                0x20003ec0       0x18 ./src/TestingDemos/TrxvuTestingDemo.o
                0x20003ec0                TestExitDump
 .text.TestDumpTelemetry
                0x20003ed8      0x104 ./src/TestingDemos/TrxvuTestingDemo.o
                0x20003ed8                TestDumpTelemetry
 .text.TestRestoreDefaultBeaconParameters
                0x20003fdc       0xf0 ./src/TestingDemos/TrxvuTestingDemo.o
                0x20003fdc                TestRestoreDefaultBeaconParameters
 .text.TestChooseDefaultBeaconCycle
                0x200040cc       0xe0 ./src/TestingDemos/TrxvuTestingDemo.o
                0x200040cc                TestChooseDefaultBeaconCycle
 .text.TestBeaconLogic
                0x200041ac       0xe4 ./src/TestingDemos/TrxvuTestingDemo.o
                0x200041ac                TestBeaconLogic
 .text.TestMuteTrxvu
                0x20004290      0x118 ./src/TestingDemos/TrxvuTestingDemo.o
                0x20004290                TestMuteTrxvu
 .text.TestUnMuteTrxvu
                0x200043a8       0x30 ./src/TestingDemos/TrxvuTestingDemo.o
                0x200043a8                TestUnMuteTrxvu
 .text.TestGetNumberOfFramesInBuffer
                0x200043d8       0x54 ./src/TestingDemos/TrxvuTestingDemo.o
                0x200043d8                TestGetNumberOfFramesInBuffer
 .text.TestSetTrxvuBitrate
                0x2000442c       0xf0 ./src/TestingDemos/TrxvuTestingDemo.o
                0x2000442c                TestSetTrxvuBitrate
 .text.TestGetTrxvuBitrate
                0x2000451c       0xc0 ./src/TestingDemos/TrxvuTestingDemo.o
                0x2000451c                TestGetTrxvuBitrate
 .text.TestTransmitDataAsSPL_Packet
                0x200045dc      0x114 ./src/TestingDemos/TrxvuTestingDemo.o
                0x200045dc                TestTransmitDataAsSPL_Packet
 .text.send_TxUpTime
                0x200046f0      0x144 ./src/TestingDemos/TrxvuTestingDemo.o
                0x200046f0                send_TxUpTime
 .text.SendRawHKDataMB
                0x20004834       0xd4 ./src/TestingDemos/TrxvuTestingDemo.o
                0x20004834                SendRawHKDataMB
 .text.TrxvuGetState
                0x20004908       0xd8 ./src/TestingDemos/TrxvuTestingDemo.o
                0x20004908                TrxvuGetState
 .text.SendRawaHKDataCDB
                0x200049e0       0xcc ./src/TestingDemos/TrxvuTestingDemo.o
                0x200049e0                SendRawaHKDataCDB
 .text.getEPS_device
                0x20004aac       0xd8 ./src/TestingDemos/TrxvuTestingDemo.o
                0x20004aac                getEPS_device
 .text.SendEngHKDataCDB
                0x20004b84       0x1c ./src/TestingDemos/TrxvuTestingDemo.o
                0x20004b84                SendEngHKDataCDB
 .text.TxTlm_revc
                0x20004ba0       0xd8 ./src/TestingDemos/TrxvuTestingDemo.o
                0x20004ba0                TxTlm_revc
 .text.Test_dummySend
                0x20004c78       0x1c ./src/TestingDemos/TrxvuTestingDemo.o
                0x20004c78                Test_dummySend
 .text.selectAndExecuteTrxvuDemoTest
                0x20004c94      0x330 ./src/TestingDemos/TrxvuTestingDemo.o
                0x20004c94                selectAndExecuteTrxvuDemoTest
 .text.MainTrxvuTestBench
                0x20004fc4       0x44 ./src/TestingDemos/TrxvuTestingDemo.o
                0x20004fc4                MainTrxvuTestBench
 .text.EPS_Init
                0x20005008       0xe4 ./src/SubSystemModules/PowerManagment/EPS.o
                0x20005008                EPS_Init
 .text.EPS_Conditioning
                0x200050ec       0xfc ./src/SubSystemModules/PowerManagment/EPS.o
                0x200050ec                EPS_Conditioning
 .text.GetBatteryVoltage
                0x200051e8       0x50 ./src/SubSystemModules/PowerManagment/EPS.o
                0x200051e8                GetBatteryVoltage
 .text.UpdateAlpha
                0x20005238       0x9c ./src/SubSystemModules/PowerManagment/EPS.o
                0x20005238                UpdateAlpha
 .text.UpdateThresholdVoltages
                0x200052d4      0x1f4 ./src/SubSystemModules/PowerManagment/EPS.o
                0x200052d4                UpdateThresholdVoltages
 .text.GetThresholdVoltages
                0x200054c8       0x4c ./src/SubSystemModules/PowerManagment/EPS.o
                0x200054c8                GetThresholdVoltages
 .text.GetAlpha
                0x20005514       0x48 ./src/SubSystemModules/PowerManagment/EPS.o
                0x20005514                GetAlpha
 .text.RestoreDefaultAlpha
                0x2000555c       0x3c ./src/SubSystemModules/PowerManagment/EPS.o
                0x2000555c                RestoreDefaultAlpha
 .text.RestoreDefaultThresholdVoltages
                0x20005598       0x58 ./src/SubSystemModules/PowerManagment/EPS.o
                0x20005598                RestoreDefaultThresholdVoltages
 .text.EnterSafeMode
                0x200055f0       0x44 ./src/SubSystemModules/PowerManagment/EPSOperationModes.o
                0x200055f0                EnterSafeMode
 .text.EnterCriticalMode
                0x20005634       0x44 ./src/SubSystemModules/PowerManagment/EPSOperationModes.o
                0x20005634                EnterCriticalMode
 .text.GetSystemState
                0x20005678       0x24 ./src/SubSystemModules/PowerManagment/EPSOperationModes.o
                0x20005678                GetSystemState
 .text.GetSystemChannelState
                0x2000569c       0x24 ./src/SubSystemModules/PowerManagment/EPSOperationModes.o
                0x2000569c                GetSystemChannelState
 .text.EpsGetLowVoltageFlag
                0x200056c0       0x24 ./src/SubSystemModules/PowerManagment/EPSOperationModes.o
                0x200056c0                EpsGetLowVoltageFlag
 .text.EpsSetLowVoltageFlag
                0x200056e4       0x2c ./src/SubSystemModules/PowerManagment/EPSOperationModes.o
                0x200056e4                EpsSetLowVoltageFlag
 .text.CheckExecutionTime
                0x20005710       0xb8 ./src/SubSystemModules/Maintenance/Maintenance.o
                0x20005710                CheckExecutionTime
 .text.SaveSatTimeInFRAM
                0x200057c8       0x30 ./src/SubSystemModules/Maintenance/Maintenance.o
                0x200057c8                SaveSatTimeInFRAM
 .text.ResetGroundCommWDT
                0x200057f8       0x1c ./src/SubSystemModules/Maintenance/Maintenance.o
                0x200057f8                ResetGroundCommWDT
 .text.GetTelemetryFilenameByType
                0x20005814      0x294 ./src/SubSystemModules/Housekepping/TelemetryCollector.o
                0x20005814                GetTelemetryFilenameByType
 .text.TelemetryCollectorLogic
                0x20005aa8      0x1b4 ./src/SubSystemModules/Housekepping/TelemetryCollector.o
                0x20005aa8                TelemetryCollectorLogic
 .text.TelemetrySaveEPS
                0x20005c5c      0x110 ./src/SubSystemModules/Housekepping/TelemetryCollector.o
                0x20005c5c                TelemetrySaveEPS
 .text.TelemetrySaveTRXVU
                0x20005d6c       0xec ./src/SubSystemModules/Housekepping/TelemetryCollector.o
                0x20005d6c                TelemetrySaveTRXVU
 .text.TelemetrySaveANT
                0x20005e58       0x88 ./src/SubSystemModules/Housekepping/TelemetryCollector.o
                0x20005e58                TelemetrySaveANT
 .text.TelemetrySaveSolarPanels
                0x20005ee0      0x1c8 ./src/SubSystemModules/Housekepping/TelemetryCollector.o
                0x20005ee0                TelemetrySaveSolarPanels
 .text.TelemetrySaveWOD
                0x200060a8       0x98 ./src/SubSystemModules/Housekepping/TelemetryCollector.o
                0x200060a8                TelemetrySaveWOD
 .text.GetCurrentWODTelemetry
                0x20006140      0x45c ./src/SubSystemModules/Housekepping/TelemetryCollector.o
                0x20006140                GetCurrentWODTelemetry
 .text.CMD_GenericI2C
                0x2000659c      0x104 ./src/SubSystemModules/Communication/SubsystemCommands/Maintanence_Commands.o
                0x2000659c                CMD_GenericI2C
 .text.CMD_ResetComponent
                0x200066a0      0x24c ./src/SubSystemModules/Communication/SubsystemCommands/Maintanence_Commands.o
                0x200066a0                CMD_ResetComponent
 .text.CMD_StartDump
                0x200068ec       0x34 ./src/SubSystemModules/Communication/SubsystemCommands/TRXVU_Commands.o
                0x200068ec                CMD_StartDump
 .text.CMD_StopDump
                0x20006920       0x24 ./src/SubSystemModules/Communication/SubsystemCommands/TRXVU_Commands.o
                0x20006920                CMD_StopDump
 .text.CMD_SendDumpAbortRequest
                0x20006944       0x24 ./src/SubSystemModules/Communication/SubsystemCommands/TRXVU_Commands.o
                0x20006944                CMD_SendDumpAbortRequest
 .text.CMD_ForceDumpAbort
                0x20006968       0x24 ./src/SubSystemModules/Communication/SubsystemCommands/TRXVU_Commands.o
                0x20006968                CMD_ForceDumpAbort
 .text.CMD_MuteTRXVU
                0x2000698c       0x5c ./src/SubSystemModules/Communication/SubsystemCommands/TRXVU_Commands.o
                0x2000698c                CMD_MuteTRXVU
 .text.CMD_UnMuteTRXVU
                0x200069e8       0x24 ./src/SubSystemModules/Communication/SubsystemCommands/TRXVU_Commands.o
                0x200069e8                CMD_UnMuteTRXVU
 .text.CMD_GetBaudRate
                0x20006a0c       0x4c ./src/SubSystemModules/Communication/SubsystemCommands/TRXVU_Commands.o
                0x20006a0c                CMD_GetBaudRate
 .text.CMD_SetBeaconCycleTime
                0x20006a58       0x88 ./src/SubSystemModules/Communication/SubsystemCommands/TRXVU_Commands.o
                0x20006a58                CMD_SetBeaconCycleTime
 .text.CMD_GetBeaconInterval
                0x20006ae0       0x60 ./src/SubSystemModules/Communication/SubsystemCommands/TRXVU_Commands.o
                0x20006ae0                CMD_GetBeaconInterval
 .text.CMD_SetBeaconInterval
                0x20006b40       0xa8 ./src/SubSystemModules/Communication/SubsystemCommands/TRXVU_Commands.o
                0x20006b40                CMD_SetBeaconInterval
 .text.CMD_SetBaudRate
                0x20006be8       0xc4 ./src/SubSystemModules/Communication/SubsystemCommands/TRXVU_Commands.o
                0x20006be8                CMD_SetBaudRate
 .text.CMD_Re_Deploy_Ants
                0x20006cac       0x88 ./src/SubSystemModules/Communication/SubsystemCommands/TRXVU_Commands.o
                0x20006cac                CMD_Re_Deploy_Ants
 .text.CMD_Upload_Time
                0x20006d34       0xc0 ./src/SubSystemModules/Communication/SubsystemCommands/TRXVU_Commands.o
                0x20006d34                CMD_Upload_Time
 .text.CMD_Echo
                0x20006df4      0x148 ./src/SubSystemModules/Communication/SubsystemCommands/TRXVU_Commands.o
                0x20006df4                CMD_Echo
 .text.CMD_GetTxUptime
                0x20006f3c       0x58 ./src/SubSystemModules/Communication/SubsystemCommands/TRXVU_Commands.o
                0x20006f3c                CMD_GetTxUptime
 .text.CMD_GetRxUptime
                0x20006f94       0x58 ./src/SubSystemModules/Communication/SubsystemCommands/TRXVU_Commands.o
                0x20006f94                CMD_GetRxUptime
 .text.CMD_GetNumOfDelayedCommands
                0x20006fec       0x50 ./src/SubSystemModules/Communication/SubsystemCommands/TRXVU_Commands.o
                0x20006fec                CMD_GetNumOfDelayedCommands
 .text.CMD_GetNumOfOnlineCommands
                0x2000703c       0x58 ./src/SubSystemModules/Communication/SubsystemCommands/TRXVU_Commands.o
                0x2000703c                CMD_GetNumOfOnlineCommands
 .text.CMD_DeleteDelyedCmdByID
                0x20007094       0x84 ./src/SubSystemModules/Communication/SubsystemCommands/TRXVU_Commands.o
                0x20007094                CMD_DeleteDelyedCmdByID
 .text.CMD_DeleteAllDelyedBuffer
                0x20007118       0x34 ./src/SubSystemModules/Communication/SubsystemCommands/TRXVU_Commands.o
                0x20007118                CMD_DeleteAllDelyedBuffer
 .text.CMD_AntSetArmStatus
                0x2000714c       0x80 ./src/SubSystemModules/Communication/SubsystemCommands/TRXVU_Commands.o
                0x2000714c                CMD_AntSetArmStatus
 .text.CMD_AntGetArmStatus
                0x200071cc       0x8c ./src/SubSystemModules/Communication/SubsystemCommands/TRXVU_Commands.o
                0x200071cc                CMD_AntGetArmStatus
 .text.CMD_ArmDisArmAnt
                0x20007258       0xd8 ./src/SubSystemModules/Communication/SubsystemCommands/TRXVU_Commands.o
                0x20007258                CMD_ArmDisArmAnt
 .text.CMD_AntGetUptime
                0x20007330       0x58 ./src/SubSystemModules/Communication/SubsystemCommands/TRXVU_Commands.o
                0x20007330                CMD_AntGetUptime
 .text.CMD_AntCancelDeployment
                0x20007388       0x48 ./src/SubSystemModules/Communication/SubsystemCommands/TRXVU_Commands.o
                0x20007388                CMD_AntCancelDeployment
 .text.SendAckPacket
                0x200073d0       0xe8 ./src/SubSystemModules/Communication/AckHandler.o
                0x200073d0                SendAckPacket
 .text.SendErrorMSG
                0x200074b8       0x74 ./src/SubSystemModules/Communication/AckHandler.o
                0x200074b8                SendErrorMSG
 .text.SendErrorMSG_IfError
                0x2000752c       0x4c ./src/SubSystemModules/Communication/AckHandler.o
                0x2000752c                SendErrorMSG_IfError
 .text.ActUponCommand
                0x20007578      0x10c ./src/SubSystemModules/Communication/ActUponCommand.o
                0x20007578                ActUponCommand
 .text.Beacon_SetInterval
                0x20007684       0xac ./src/SubSystemModules/Communication/Beacon.o
                0x20007684                Beacon_SetInterval
 .text.InitBeaconParams
                0x20007730       0x88 ./src/SubSystemModules/Communication/Beacon.o
                0x20007730                InitBeaconParams
 .text.BeaconLogic
                0x200077b8      0x15c ./src/SubSystemModules/Communication/Beacon.o
                0x200077b8                BeaconLogic
 .text.UpdateBeaconBaudCycle
                0x20007914       0x78 ./src/SubSystemModules/Communication/Beacon.o
                0x20007914                UpdateBeaconBaudCycle
 .text.UpdateBeaconInterval
                0x2000798c       0x80 ./src/SubSystemModules/Communication/Beacon.o
                0x2000798c                UpdateBeaconInterval
 .text.trxvu_command_router
                0x20007a0c      0x540 ./src/SubSystemModules/Communication/CommandDictionary.o
                0x20007a0c                trxvu_command_router
 .text.eps_command_router
                0x20007f4c       0x80 ./src/SubSystemModules/Communication/CommandDictionary.o
                0x20007f4c                eps_command_router
 .text.telemetry_command_router
                0x20007fcc       0x2c ./src/SubSystemModules/Communication/CommandDictionary.o
                0x20007fcc                telemetry_command_router
 .text.managment_command_router
                0x20007ff8       0xd0 ./src/SubSystemModules/Communication/CommandDictionary.o
                0x20007ff8                managment_command_router
 .text.filesystem_command_router
                0x200080c8       0x54 ./src/SubSystemModules/Communication/CommandDictionary.o
                0x200080c8                filesystem_command_router
 .text.maintenance_command_router
                0x2000811c       0x60 ./src/SubSystemModules/Communication/CommandDictionary.o
                0x2000811c                maintenance_command_router
 .text.ClearDelayedCMD_FromBuffer
                0x2000817c       0xd8 ./src/SubSystemModules/Communication/SatCommandHandler.o
                0x2000817c                ClearDelayedCMD_FromBuffer
 .text.ParseDataToCommand
                0x20008254      0x184 ./src/SubSystemModules/Communication/SatCommandHandler.o
                0x20008254                ParseDataToCommand
 .text.AssembleCommand
                0x200083d8      0x124 ./src/SubSystemModules/Communication/SatCommandHandler.o
                0x200083d8                AssembleCommand
 .text.isDelayedCommandDue
                0x200084fc       0xa4 ./src/SubSystemModules/Communication/SatCommandHandler.o
                0x200084fc                isDelayedCommandDue
 .text.GetDelayedCommand
                0x200085a0      0x100 ./src/SubSystemModules/Communication/SatCommandHandler.o
                0x200085a0                GetDelayedCommand
 .text.AddDelayedCommand
                0x200086a0       0xf0 ./src/SubSystemModules/Communication/SatCommandHandler.o
                0x200086a0                AddDelayedCommand
 .text.GetDelayedCommandBufferCount
                0x20008790       0x50 ./src/SubSystemModules/Communication/SatCommandHandler.o
                0x20008790                GetDelayedCommandBufferCount
 .text.GetOnlineCommand
                0x200087e0      0x114 ./src/SubSystemModules/Communication/SatCommandHandler.o
                0x200087e0                GetOnlineCommand
 .text.GetDelayedCommandByIndex
                0x200088f4       0x84 ./src/SubSystemModules/Communication/SatCommandHandler.o
                0x200088f4                GetDelayedCommandByIndex
 .text.DeleteDelayedCommandByIndex
                0x20008978       0x80 ./src/SubSystemModules/Communication/SatCommandHandler.o
                0x20008978                DeleteDelayedCommandByIndex
 .text.DeleteDelayedBuffer
                0x200089f8       0x48 ./src/SubSystemModules/Communication/SatCommandHandler.o
                0x200089f8                DeleteDelayedBuffer
 .text.InitTxModule
                0x20008a40       0x68 ./src/SubSystemModules/Communication/SatDataTx.o
                0x20008a40                InitTxModule
 .text.muteTRXVU
                0x20008aa8       0x78 ./src/SubSystemModules/Communication/SatDataTx.o
                0x20008aa8                muteTRXVU
 .text.UnMuteTRXVU
                0x20008b20       0x34 ./src/SubSystemModules/Communication/SatDataTx.o
                0x20008b20                UnMuteTRXVU
 .text.GetMuteFlag
                0x20008b54       0x24 ./src/SubSystemModules/Communication/SatDataTx.o
                0x20008b54                GetMuteFlag
 .text.CheckForMuteEnd
                0x20008b78       0x4c ./src/SubSystemModules/Communication/SatDataTx.o
                0x20008b78                CheckForMuteEnd
 .text.GetNumberOfFramesInBuffer
                0x20008bc4       0x4c ./src/SubSystemModules/Communication/SatDataTx.o
                0x20008bc4                GetNumberOfFramesInBuffer
 .text.CheckTransmitionAllowed
                0x20008c10       0x94 ./src/SubSystemModules/Communication/SatDataTx.o
                0x20008c10                CheckTransmitionAllowed
 .text.GetTrxvuBitrate
                0x20008ca4       0x70 ./src/SubSystemModules/Communication/SatDataTx.o
                0x20008ca4                GetTrxvuBitrate
 .text.TransmitDataAsSPL_Packet
                0x20008d14      0x120 ./src/SubSystemModules/Communication/SatDataTx.o
                0x20008d14                TransmitDataAsSPL_Packet
 .text.TransmitSplPacket
                0x20008e34       0xe8 ./src/SubSystemModules/Communication/SatDataTx.o
                0x20008e34                TransmitSplPacket
 .text.InitSemaphores
                0x20008f1c       0x98 ./src/SubSystemModules/Communication/TRXVU.o
                0x20008f1c                InitSemaphores
 .text.InitTrxvu
                0x20008fb4       0xe8 ./src/SubSystemModules/Communication/TRXVU.o
                0x20008fb4                InitTrxvu
 .text.TRX_Logic
                0x2000909c      0x104 ./src/SubSystemModules/Communication/TRXVU.o
                0x2000909c                TRX_Logic
 .text.FinishDump
                0x200091a0       0xe8 ./src/SubSystemModules/Communication/TRXVU.o
                0x200091a0                FinishDump
 .text.AbortDump
                0x20009288       0x30 ./src/SubSystemModules/Communication/TRXVU.o
                0x20009288                AbortDump
 .text.SendDumpAbortRequest
                0x200092b8       0xc0 ./src/SubSystemModules/Communication/TRXVU.o
                0x200092b8                SendDumpAbortRequest
 .text.CheckDumpAbort
                0x20009378       0x58 ./src/SubSystemModules/Communication/TRXVU.o
                0x20009378                CheckDumpAbort
 .text.DumpTask
                0x200093d0      0x3a8 ./src/SubSystemModules/Communication/TRXVU.o
                0x200093d0                DumpTask
 .text.DumpTelemetry
                0x20009778      0x190 ./src/SubSystemModules/Communication/TRXVU.o
                0x20009778                DumpTelemetry
 .text.isFirstActivation
                0x20009908       0x38 ./src/InitSystem.o
                0x20009908                isFirstActivation
 .text.StartFRAM
                0x20009940       0x24 ./src/InitSystem.o
                0x20009940                StartFRAM
 .text.StartI2C
                0x20009964       0x30 ./src/InitSystem.o
                0x20009964                StartI2C
 .text.StartSPI
                0x20009994       0x2c ./src/InitSystem.o
                0x20009994                StartSPI
 .text.StartTIME
                0x200099c0       0xa8 ./src/InitSystem.o
                0x200099c0                StartTIME
 .text.InitSubsystems
                0x20009a68      0x130 ./src/InitSystem.o
                0x20009a68                InitSubsystems
 .text.delete_allTMFilesFromSD
                0x20009b98       0xf8 ./src/TLM_management.o
                0x20009b98                delete_allTMFilesFromSD
 .text.getNumOfFilesInFS
                0x20009c90       0x44 ./src/TLM_management.o
 .text.InitializeFS
                0x20009cd4      0x174 ./src/TLM_management.o
                0x20009cd4                InitializeFS
 .text.writewithEpochtime
                0x20009e48       0x8c ./src/TLM_management.o
 .text.get_C_FILE_struct
                0x20009ed4       0xf4 ./src/TLM_management.o
 .text.getFileIndex
                0x20009fc8       0x40 ./src/TLM_management.o
 .text.get_file_name_by_index
                0x2000a008       0x44 ./src/TLM_management.o
                0x2000a008                get_file_name_by_index
 .text.c_fileWrite
                0x2000a04c       0xfc ./src/TLM_management.o
                0x2000a04c                c_fileWrite
 .text.c_fileRead
                0x2000a148      0x26c ./src/TLM_management.o
                0x2000a148                c_fileRead
 .text.DeInitializeFS
                0x2000a3b4       0xd0 ./src/TLM_management.o
                0x2000a3b4                DeInitializeFS
 .text.main     0x2000a484       0x98 ./src/main.o
                0x2000a484                main
 .text.validateTransferParameters
                0x2000a51c      0x10c C:/ISIS/workspace/Taibeh/25.3.2020/25.3.2020/GlobusSatProject/..//hal/hal/lib\libHALD.a(I2C.o)
 .text.I2C_queueTransfer
                0x2000a628       0xe8 C:/ISIS/workspace/Taibeh/25.3.2020/25.3.2020/GlobusSatProject/..//hal/hal/lib\libHALD.a(I2C.o)
                0x2000a628                I2C_queueTransfer
 .text.I2C_internalCallback
                0x2000a710       0x64 C:/ISIS/workspace/Taibeh/25.3.2020/25.3.2020/GlobusSatProject/..//hal/hal/lib\libHALD.a(I2C.o)
 .text.I2C_doBlockingTransfer
                0x2000a774      0x160 C:/ISIS/workspace/Taibeh/25.3.2020/25.3.2020/GlobusSatProject/..//hal/hal/lib\libHALD.a(I2C.o)
 .text.I2C_write
                0x2000a8d4      0x110 C:/ISIS/workspace/Taibeh/25.3.2020/25.3.2020/GlobusSatProject/..//hal/hal/lib\libHALD.a(I2C.o)
                0x2000a8d4                I2C_write
 .text.I2C_read
                0x2000a9e4      0x110 C:/ISIS/workspace/Taibeh/25.3.2020/25.3.2020/GlobusSatProject/..//hal/hal/lib\libHALD.a(I2C.o)
                0x2000a9e4                I2C_read
 .text.I2C_writeRead
                0x2000aaf4      0x180 C:/ISIS/workspace/Taibeh/25.3.2020/25.3.2020/GlobusSatProject/..//hal/hal/lib\libHALD.a(I2C.o)
                0x2000aaf4                I2C_writeRead
 .text.I2C_start
                0x2000ac74      0x2e8 C:/ISIS/workspace/Taibeh/25.3.2020/25.3.2020/GlobusSatProject/..//hal/hal/lib\libHALD.a(I2C.o)
                0x2000ac74                I2C_start
 .text.I2C_stop
                0x2000af5c      0x184 C:/ISIS/workspace/Taibeh/25.3.2020/25.3.2020/GlobusSatProject/..//hal/hal/lib\libHALD.a(I2C.o)
                0x2000af5c                I2C_stop
 .text.I2C_setTransferTimeout
                0x2000b0e0       0x48 C:/ISIS/workspace/Taibeh/25.3.2020/25.3.2020/GlobusSatProject/..//hal/hal/lib\libHALD.a(I2C.o)
                0x2000b0e0                I2C_setTransferTimeout
 .text.clearPDCtransfers
                0x2000b128       0xdc C:/ISIS/workspace/Taibeh/25.3.2020/25.3.2020/GlobusSatProject/..//hal/hal/lib\libHALD.a(SPI.o)
 .text.SPI_start
                0x2000b204      0x4c0 C:/ISIS/workspace/Taibeh/25.3.2020/25.3.2020/GlobusSatProject/..//hal/hal/lib\libHALD.a(SPI.o)
                0x2000b204                SPI_start
 .text.SPI_stop
                0x2000b6c4      0x22c C:/ISIS/workspace/Taibeh/25.3.2020/25.3.2020/GlobusSatProject/..//hal/hal/lib\libHALD.a(SPI.o)
                0x2000b6c4                SPI_stop
 .text.SPI_queueTransfer
                0x2000b8f0      0x190 C:/ISIS/workspace/Taibeh/25.3.2020/25.3.2020/GlobusSatProject/..//hal/hal/lib\libHALD.a(SPI.o)
                0x2000b8f0                SPI_queueTransfer
 .text.SPI_internalCallback
                0x2000ba80       0x64 C:/ISIS/workspace/Taibeh/25.3.2020/25.3.2020/GlobusSatProject/..//hal/hal/lib\libHALD.a(SPI.o)
 .text.SPI_writeRead
                0x2000bae4      0x188 C:/ISIS/workspace/Taibeh/25.3.2020/25.3.2020/GlobusSatProject/..//hal/hal/lib\libHALD.a(SPI.o)
                0x2000bae4                SPI_writeRead
 .text.waitForTransfer
                0x2000bc6c       0x68 C:/ISIS/workspace/Taibeh/25.3.2020/25.3.2020/GlobusSatProject/..//hal/hal/lib\libHALD.a(SPI.o)
 .text.SPI_getDriverState
                0x2000bcd4       0x58 C:/ISIS/workspace/Taibeh/25.3.2020/25.3.2020/GlobusSatProject/..//hal/hal/lib\libHALD.a(SPI.o)
                0x2000bcd4                SPI_getDriverState
 .text.FRAM_start
                0x2000bd2c       0xf4 C:/ISIS/workspace/Taibeh/25.3.2020/25.3.2020/GlobusSatProject/..//hal/hal/lib\libHALD.a(FRAM.o)
                0x2000bd2c                FRAM_start
 .text.FRAM_dummyCallback
                0x2000be20       0x24 C:/ISIS/workspace/Taibeh/25.3.2020/25.3.2020/GlobusSatProject/..//hal/hal/lib\libHALD.a(FRAM.o)
                0x2000be20                FRAM_dummyCallback
 .text.FRAM_unlockingCallback
                0x2000be44       0x78 C:/ISIS/workspace/Taibeh/25.3.2020/25.3.2020/GlobusSatProject/..//hal/hal/lib\libHALD.a(FRAM.o)
                0x2000be44                FRAM_unlockingCallback
 .text.doBlockingTransfer
                0x2000bebc       0x88 C:/ISIS/workspace/Taibeh/25.3.2020/25.3.2020/GlobusSatProject/..//hal/hal/lib\libHALD.a(FRAM.o)
 .text.FRAM_writePacket
                0x2000bf44      0x148 C:/ISIS/workspace/Taibeh/25.3.2020/25.3.2020/GlobusSatProject/..//hal/hal/lib\libHALD.a(FRAM.o)
 .text.FRAM_write
                0x2000c08c      0x1c8 C:/ISIS/workspace/Taibeh/25.3.2020/25.3.2020/GlobusSatProject/..//hal/hal/lib\libHALD.a(FRAM.o)
                0x2000c08c                FRAM_write
 .text.FRAM_readPacket
                0x2000c254      0x114 C:/ISIS/workspace/Taibeh/25.3.2020/25.3.2020/GlobusSatProject/..//hal/hal/lib\libHALD.a(FRAM.o)
 .text.FRAM_read
                0x2000c368      0x1d4 C:/ISIS/workspace/Taibeh/25.3.2020/25.3.2020/GlobusSatProject/..//hal/hal/lib\libHALD.a(FRAM.o)
                0x2000c368                FRAM_read
 .text.Time_start
                0x2000c53c      0x150 C:/ISIS/workspace/Taibeh/25.3.2020/25.3.2020/GlobusSatProject/..//hal/hal/lib\libHALD.a(Time.o)
                0x2000c53c                Time_start
 .text.taskTimeSync
                0x2000c68c       0x38 C:/ISIS/workspace/Taibeh/25.3.2020/25.3.2020/GlobusSatProject/..//hal/hal/lib\libHALD.a(Time.o)
 .text.Time_set
                0x2000c6c4      0x278 C:/ISIS/workspace/Taibeh/25.3.2020/25.3.2020/GlobusSatProject/..//hal/hal/lib\libHALD.a(Time.o)
                0x2000c6c4                Time_set
 .text.Time_isLeapYear
                0x2000c93c       0x98 C:/ISIS/workspace/Taibeh/25.3.2020/25.3.2020/GlobusSatProject/..//hal/hal/lib\libHALD.a(Time.o)
                0x2000c93c                Time_isLeapYear
 .text.Time_get
                0x2000c9d4      0x410 C:/ISIS/workspace/Taibeh/25.3.2020/25.3.2020/GlobusSatProject/..//hal/hal/lib\libHALD.a(Time.o)
                0x2000c9d4                Time_get
 .text.Time_getUnixEpoch
                0x2000cde4       0xf4 C:/ISIS/workspace/Taibeh/25.3.2020/25.3.2020/GlobusSatProject/..//hal/hal/lib\libHALD.a(Time.o)
                0x2000cde4                Time_getUnixEpoch
 .text.secondsOfYearToTime
                0x2000ced8      0x328 C:/ISIS/workspace/Taibeh/25.3.2020/25.3.2020/GlobusSatProject/..//hal/hal/lib\libHALD.a(Time.o)
 .text.Time_setUnixEpoch
                0x2000d200      0x100 C:/ISIS/workspace/Taibeh/25.3.2020/25.3.2020/GlobusSatProject/..//hal/hal/lib\libHALD.a(Time.o)
                0x2000d200                Time_setUnixEpoch
 .text.Time_sync
                0x2000d300      0x2b8 C:/ISIS/workspace/Taibeh/25.3.2020/25.3.2020/GlobusSatProject/..//hal/hal/lib\libHALD.a(Time.o)
                0x2000d300                Time_sync
 .text.Time_syncIfNeeded
                0x2000d5b8       0x70 C:/ISIS/workspace/Taibeh/25.3.2020/25.3.2020/GlobusSatProject/..//hal/hal/lib\libHALD.a(Time.o)
                0x2000d5b8                Time_syncIfNeeded
 .text.Time_setSyncInterval
                0x2000d628       0x38 C:/ISIS/workspace/Taibeh/25.3.2020/25.3.2020/GlobusSatProject/..//hal/hal/lib\libHALD.a(Time.o)
                0x2000d628                Time_setSyncInterval
 .text.WDT_start
                0x2000d660       0x48 C:/ISIS/workspace/Taibeh/25.3.2020/25.3.2020/GlobusSatProject/..//hal/hal/lib\libHALD.a(WatchDogTimerNoOS.o)
                0x2000d660                WDT_start
 .text.WDT_startWatchdogKickTask
                0x2000d6a8       0xb4 C:/ISIS/workspace/Taibeh/25.3.2020/25.3.2020/GlobusSatProject/..//hal/hal/lib\libHALD.a(WatchDogTimerOS.o)
                0x2000d6a8                WDT_startWatchdogKickTask
 .text.WDT_forceKickEveryNms
                0x2000d75c       0x50 C:/ISIS/workspace/Taibeh/25.3.2020/25.3.2020/GlobusSatProject/..//hal/hal/lib\libHALD.a(WatchDogTimerOS.o)
                0x2000d75c                WDT_forceKickEveryNms
 .text.UTIL_DbguGetInteger
                0x2000d7ac      0x124 C:/ISIS/workspace/Taibeh/25.3.2020/25.3.2020/GlobusSatProject/..//hal/hal/lib\libHALD.a(util.o)
                0x2000d7ac                UTIL_DbguGetInteger
 .text.UTIL_DbguGetIntegerMinMax
                0x2000d8d0       0xa4 C:/ISIS/workspace/Taibeh/25.3.2020/25.3.2020/GlobusSatProject/..//hal/hal/lib\libHALD.a(util.o)
                0x2000d8d0                UTIL_DbguGetIntegerMinMax
 .text.LED_glow
                0x2000d974       0x58 C:/ISIS/workspace/Taibeh/25.3.2020/25.3.2020/GlobusSatProject/..//hal/hal/lib\libHALD.a(LED.o)
                0x2000d974                LED_glow
 .text.LED_dark
                0x2000d9cc       0x58 C:/ISIS/workspace/Taibeh/25.3.2020/25.3.2020/GlobusSatProject/..//hal/hal/lib\libHALD.a(LED.o)
                0x2000d9cc                LED_dark
 .text.LED_toggle
                0x2000da24       0x50 C:/ISIS/workspace/Taibeh/25.3.2020/25.3.2020/GlobusSatProject/..//hal/hal/lib\libHALD.a(LED.o)
                0x2000da24                LED_toggle
 .text.RTC_start
                0x2000da74       0x3c C:/ISIS/workspace/Taibeh/25.3.2020/25.3.2020/GlobusSatProject/..//hal/hal/lib\libHALD.a(RTC.o)
                0x2000da74                RTC_start
 .text.RTC_setTime
                0x2000dab0      0x2a4 C:/ISIS/workspace/Taibeh/25.3.2020/25.3.2020/GlobusSatProject/..//hal/hal/lib\libHALD.a(RTC.o)
                0x2000dab0                RTC_setTime
 .text.RTC_getTime
                0x2000dd54      0x224 C:/ISIS/workspace/Taibeh/25.3.2020/25.3.2020/GlobusSatProject/..//hal/hal/lib\libHALD.a(RTC.o)
                0x2000dd54                RTC_getTime
 .text.RTC_checkTimeValid
                0x2000df78       0xdc C:/ISIS/workspace/Taibeh/25.3.2020/25.3.2020/GlobusSatProject/..//hal/hal/lib\libHALD.a(RTC.o)
                0x2000df78                RTC_checkTimeValid
 .text.RTT_start
                0x2000e054       0x24 C:/ISIS/workspace/Taibeh/25.3.2020/25.3.2020/GlobusSatProject/..//hal/hal/lib\libHALD.a(RTT.o)
                0x2000e054                RTT_start
 .text.fn_init  0x2000e078      0x2e0 C:/ISIS/workspace/Taibeh/25.3.2020/25.3.2020/GlobusSatProject/..//hal/hcc/lib\libHCCD.a(fat_common.o)
                0x2000e078                fn_init
 .text.fsn_delete
                0x2000e358       0xc8 C:/ISIS/workspace/Taibeh/25.3.2020/25.3.2020/GlobusSatProject/..//hal/hcc/lib\libHCCD.a(fat_common.o)
                0x2000e358                fsn_delete
 .text._f_get16bitl
                0x2000e420       0x4c C:/ISIS/workspace/Taibeh/25.3.2020/25.3.2020/GlobusSatProject/..//hal/hcc/lib\libHCCD.a(fat_common.o)
                0x2000e420                _f_get16bitl
 .text._f_set16bitl
                0x2000e46c       0x54 C:/ISIS/workspace/Taibeh/25.3.2020/25.3.2020/GlobusSatProject/..//hal/hcc/lib\libHCCD.a(fat_common.o)
                0x2000e46c                _f_set16bitl
 .text._f_get32bitl
                0x2000e4c0       0x68 C:/ISIS/workspace/Taibeh/25.3.2020/25.3.2020/GlobusSatProject/..//hal/hcc/lib\libHCCD.a(fat_common.o)
                0x2000e4c0                _f_get32bitl
 .text._f_set32bitl
                0x2000e528       0x78 C:/ISIS/workspace/Taibeh/25.3.2020/25.3.2020/GlobusSatProject/..//hal/hcc/lib\libHCCD.a(fat_common.o)
                0x2000e528                _f_set32bitl
 .text._get8bit
                0x2000e5a0       0xa0 C:/ISIS/workspace/Taibeh/25.3.2020/25.3.2020/GlobusSatProject/..//hal/hcc/lib\libHCCD.a(fat_common.o)
 .text._get16bitl
                0x2000e640       0x40 C:/ISIS/workspace/Taibeh/25.3.2020/25.3.2020/GlobusSatProject/..//hal/hcc/lib\libHCCD.a(fat_common.o)
 .text._get32bitl
                0x2000e680       0x3c C:/ISIS/workspace/Taibeh/25.3.2020/25.3.2020/GlobusSatProject/..//hal/hcc/lib\libHCCD.a(fat_common.o)
 .text._f_setcardremoved
                0x2000e6bc       0x94 C:/ISIS/workspace/Taibeh/25.3.2020/25.3.2020/GlobusSatProject/..//hal/hcc/lib\libHCCD.a(fat_common.o)
 .text._f_checkstatus
                0x2000e750      0x104 C:/ISIS/workspace/Taibeh/25.3.2020/25.3.2020/GlobusSatProject/..//hal/hcc/lib\libHCCD.a(fat_common.o)
                0x2000e750                _f_checkstatus
 .text._f_drvgetphy
                0x2000e854      0x114 C:/ISIS/workspace/Taibeh/25.3.2020/25.3.2020/GlobusSatProject/..//hal/hcc/lib\libHCCD.a(fat_common.o)
 .text._f_drvwritesector
                0x2000e968       0xdc C:/ISIS/workspace/Taibeh/25.3.2020/25.3.2020/GlobusSatProject/..//hal/hcc/lib\libHCCD.a(fat_common.o)
 .text._f_drvreadsector
                0x2000ea44       0xa8 C:/ISIS/workspace/Taibeh/25.3.2020/25.3.2020/GlobusSatProject/..//hal/hcc/lib\libHCCD.a(fat_common.o)
 .text._f_writesector
                0x2000eaec      0x23c C:/ISIS/workspace/Taibeh/25.3.2020/25.3.2020/GlobusSatProject/..//hal/hcc/lib\libHCCD.a(fat_common.o)
                0x2000eaec                _f_writesector
 .text._f_readsector
                0x2000ed28      0x1dc C:/ISIS/workspace/Taibeh/25.3.2020/25.3.2020/GlobusSatProject/..//hal/hcc/lib\libHCCD.a(fat_common.o)
                0x2000ed28                _f_readsector
 .text._f_getmaxcluster
                0x2000ef04       0x94 C:/ISIS/workspace/Taibeh/25.3.2020/25.3.2020/GlobusSatProject/..//hal/hcc/lib\libHCCD.a(fat_common.o)
                0x2000ef04                _f_getmaxcluster
 .text._getsectorfromcluster
                0x2000ef98       0x68 C:/ISIS/workspace/Taibeh/25.3.2020/25.3.2020/GlobusSatProject/..//hal/hcc/lib\libHCCD.a(fat_common.o)
 .text._f_buildsectors
                0x2000f000      0x268 C:/ISIS/workspace/Taibeh/25.3.2020/25.3.2020/GlobusSatProject/..//hal/hcc/lib\libHCCD.a(fat_common.o)
 .text._f_getbootrecord
                0x2000f268      0x5e4 C:/ISIS/workspace/Taibeh/25.3.2020/25.3.2020/GlobusSatProject/..//hal/hcc/lib\libHCCD.a(fat_common.o)
 .text._f_readbootrecord
                0x2000f84c      0x4f8 C:/ISIS/workspace/Taibeh/25.3.2020/25.3.2020/GlobusSatProject/..//hal/hcc/lib\libHCCD.a(fat_common.o)
 .text._f_flushcffiles
                0x2000fd44      0x17c C:/ISIS/workspace/Taibeh/25.3.2020/25.3.2020/GlobusSatProject/..//hal/hcc/lib\libHCCD.a(fat_common.o)
                0x2000fd44                _f_flushcffiles
 .text._f_fatcache_flush
                0x2000fec0      0x270 C:/ISIS/workspace/Taibeh/25.3.2020/25.3.2020/GlobusSatProject/..//hal/hcc/lib\libHCCD.a(fat_common.o)
                0x2000fec0                _f_fatcache_flush
 .text._f_writefatsector
                0x20010130      0x100 C:/ISIS/workspace/Taibeh/25.3.2020/25.3.2020/GlobusSatProject/..//hal/hcc/lib\libHCCD.a(fat_common.o)
                0x20010130                _f_writefatsector
 .text._f_getfatsector
                0x20010230      0x3bc C:/ISIS/workspace/Taibeh/25.3.2020/25.3.2020/GlobusSatProject/..//hal/hcc/lib\libHCCD.a(fat_common.o)
 .text._f_setclustervalue
                0x200105ec      0x490 C:/ISIS/workspace/Taibeh/25.3.2020/25.3.2020/GlobusSatProject/..//hal/hcc/lib\libHCCD.a(fat_common.o)
                0x200105ec                _f_setclustervalue
 .text._f_getclustervalue
                0x20010a7c      0x388 C:/ISIS/workspace/Taibeh/25.3.2020/25.3.2020/GlobusSatProject/..//hal/hcc/lib\libHCCD.a(fat_common.o)
                0x20010a7c                _f_getclustervalue
 .text._f_close_drive_files
                0x20010e04       0xac C:/ISIS/workspace/Taibeh/25.3.2020/25.3.2020/GlobusSatProject/..//hal/hcc/lib\libHCCD.a(fat_common.o)
 .text._f_inc_mount_count
                0x20010eb0       0xa4 C:/ISIS/workspace/Taibeh/25.3.2020/25.3.2020/GlobusSatProject/..//hal/hcc/lib\libHCCD.a(fat_common.o)
 .text._f_getvolume
                0x20010f54      0x2f8 C:/ISIS/workspace/Taibeh/25.3.2020/25.3.2020/GlobusSatProject/..//hal/hcc/lib\libHCCD.a(fat_common.o)
                0x20010f54                _f_getvolume
 .text.fn_createdriver
                0x2001124c      0x118 C:/ISIS/workspace/Taibeh/25.3.2020/25.3.2020/GlobusSatProject/..//hal/hcc/lib\libHCCD.a(fat_common.o)
                0x2001124c                fn_createdriver
 .text.fn_initvolume
                0x20011364      0x12c C:/ISIS/workspace/Taibeh/25.3.2020/25.3.2020/GlobusSatProject/..//hal/hcc/lib\libHCCD.a(fat_common.o)
                0x20011364                fn_initvolume
 .text.fn_releasedriver
                0x20011490       0xf4 C:/ISIS/workspace/Taibeh/25.3.2020/25.3.2020/GlobusSatProject/..//hal/hcc/lib\libHCCD.a(fat_common.o)
                0x20011490                fn_releasedriver
 .text.fn_initvolumepartition_sub
                0x20011584       0xe0 C:/ISIS/workspace/Taibeh/25.3.2020/25.3.2020/GlobusSatProject/..//hal/hcc/lib\libHCCD.a(fat_common.o)
 .text.fn_initvolumepartition
                0x20011664       0xac C:/ISIS/workspace/Taibeh/25.3.2020/25.3.2020/GlobusSatProject/..//hal/hcc/lib\libHCCD.a(fat_common.o)
                0x20011664                fn_initvolumepartition
 .text.fn_delvolume
                0x20011710      0x194 C:/ISIS/workspace/Taibeh/25.3.2020/25.3.2020/GlobusSatProject/..//hal/hcc/lib\libHCCD.a(fat_common.o)
                0x20011710                fn_delvolume
 .text._f_clustertopos
                0x200118a4       0xf8 C:/ISIS/workspace/Taibeh/25.3.2020/25.3.2020/GlobusSatProject/..//hal/hcc/lib\libHCCD.a(fat_common.o)
                0x200118a4                _f_clustertopos
 .text._f_getcurrsector
                0x2001199c      0x6c8 C:/ISIS/workspace/Taibeh/25.3.2020/25.3.2020/GlobusSatProject/..//hal/hcc/lib\libHCCD.a(fat_common.o)
                0x2001199c                _f_getcurrsector
 .text._f_getdecluster
                0x20012064       0x90 C:/ISIS/workspace/Taibeh/25.3.2020/25.3.2020/GlobusSatProject/..//hal/hcc/lib\libHCCD.a(fat_common.o)
                0x20012064                _f_getdecluster
 .text._f_setdecluster
                0x200120f4       0x8c C:/ISIS/workspace/Taibeh/25.3.2020/25.3.2020/GlobusSatProject/..//hal/hcc/lib\libHCCD.a(fat_common.o)
                0x200120f4                _f_setdecluster
 .text.fn_getdrive
                0x20012180       0x30 C:/ISIS/workspace/Taibeh/25.3.2020/25.3.2020/GlobusSatProject/..//hal/hcc/lib\libHCCD.a(fat_common.o)
                0x20012180                fn_getdrive
 .text._f_getcurrenttimedate
                0x200121b0      0x138 C:/ISIS/workspace/Taibeh/25.3.2020/25.3.2020/GlobusSatProject/..//hal/hcc/lib\libHCCD.a(fat_common.o)
                0x200121b0                _f_getcurrenttimedate
 .text._f_initentry
                0x200122e8       0xa0 C:/ISIS/workspace/Taibeh/25.3.2020/25.3.2020/GlobusSatProject/..//hal/hcc/lib\libHCCD.a(fat_common.o)
                0x200122e8                _f_initentry
 .text._f_alloccluster
                0x20012388      0x344 C:/ISIS/workspace/Taibeh/25.3.2020/25.3.2020/GlobusSatProject/..//hal/hcc/lib\libHCCD.a(fat_common.o)
                0x20012388                _f_alloccluster
 .text._f_dobadblock
                0x200126cc      0x2cc C:/ISIS/workspace/Taibeh/25.3.2020/25.3.2020/GlobusSatProject/..//hal/hcc/lib\libHCCD.a(fat_common.o)
                0x200126cc                _f_dobadblock
 .text._f_checklocked
                0x20012998       0xe4 C:/ISIS/workspace/Taibeh/25.3.2020/25.3.2020/GlobusSatProject/..//hal/hcc/lib\libHCCD.a(fat_common.o)
                0x20012998                _f_checklocked
 .text._f_checkappendlocked
                0x20012a7c      0x110 C:/ISIS/workspace/Taibeh/25.3.2020/25.3.2020/GlobusSatProject/..//hal/hcc/lib\libHCCD.a(fat_common.o)
                0x20012a7c                _f_checkappendlocked
 .text._f_setsyncafile
                0x20012b8c      0x114 C:/ISIS/workspace/Taibeh/25.3.2020/25.3.2020/GlobusSatProject/..//hal/hcc/lib\libHCCD.a(fat_common.o)
                0x20012b8c                _f_setsyncafile
 .text._f_syncfiles
                0x20012ca0      0x128 C:/ISIS/workspace/Taibeh/25.3.2020/25.3.2020/GlobusSatProject/..//hal/hcc/lib\libHCCD.a(fat_common.o)
                0x20012ca0                _f_syncfiles
 .text._f_syncfilescontent
                0x20012dc8      0x15c C:/ISIS/workspace/Taibeh/25.3.2020/25.3.2020/GlobusSatProject/..//hal/hcc/lib\libHCCD.a(fat_common.o)
 .text.fn_getfreespace
                0x20012f24      0x4c0 C:/ISIS/workspace/Taibeh/25.3.2020/25.3.2020/GlobusSatProject/..//hal/hcc/lib\libHCCD.a(fat_common.o)
                0x20012f24                fn_getfreespace
 .text._f_emptywritecache
                0x200133e4      0x4a4 C:/ISIS/workspace/Taibeh/25.3.2020/25.3.2020/GlobusSatProject/..//hal/hcc/lib\libHCCD.a(fat_common.o)
 .text._f_allocnextcluster
                0x20013888      0x54c C:/ISIS/workspace/Taibeh/25.3.2020/25.3.2020/GlobusSatProject/..//hal/hcc/lib\libHCCD.a(fat_common.o)
 .text._f_emptywritebuffer
                0x20013dd4      0x20c C:/ISIS/workspace/Taibeh/25.3.2020/25.3.2020/GlobusSatProject/..//hal/hcc/lib\libHCCD.a(fat_common.o)
 .text._f_writezeros
                0x20013fe0       0xf0 C:/ISIS/workspace/Taibeh/25.3.2020/25.3.2020/GlobusSatProject/..//hal/hcc/lib\libHCCD.a(fat_common.o)
                0x20013fe0                _f_writezeros
 .text._f_extend_file
                0x200140d0      0x570 C:/ISIS/workspace/Taibeh/25.3.2020/25.3.2020/GlobusSatProject/..//hal/hcc/lib\libHCCD.a(fat_common.o)
 .text._f_fseek
                0x20014640      0x9bc C:/ISIS/workspace/Taibeh/25.3.2020/25.3.2020/GlobusSatProject/..//hal/hcc/lib\libHCCD.a(fat_common.o)
                0x20014640                _f_fseek
 .text._f_removechain
                0x20014ffc      0x104 C:/ISIS/workspace/Taibeh/25.3.2020/25.3.2020/GlobusSatProject/..//hal/hcc/lib\libHCCD.a(fat_common.o)
                0x20014ffc                _f_removechain
 .text._f_updatefileentry
                0x20015100      0x1cc C:/ISIS/workspace/Taibeh/25.3.2020/25.3.2020/GlobusSatProject/..//hal/hcc/lib\libHCCD.a(fat_common.o)
 .text._f_checkreadlocked
                0x200152cc      0x1bc C:/ISIS/workspace/Taibeh/25.3.2020/25.3.2020/GlobusSatProject/..//hal/hcc/lib\libHCCD.a(fat_common.o)
                0x200152cc                _f_checkreadlocked
 .text._f_check_handle
                0x20015488       0x98 C:/ISIS/workspace/Taibeh/25.3.2020/25.3.2020/GlobusSatProject/..//hal/hcc/lib\libHCCD.a(fat_common.o)
                0x20015488                _f_check_handle
 .text._f_removesyncafile
                0x20015520      0x1ec C:/ISIS/workspace/Taibeh/25.3.2020/25.3.2020/GlobusSatProject/..//hal/hcc/lib\libHCCD.a(fat_common.o)
 .text.fn_close
                0x2001570c      0x3f8 C:/ISIS/workspace/Taibeh/25.3.2020/25.3.2020/GlobusSatProject/..//hal/hcc/lib\libHCCD.a(fat_common.o)
                0x2001570c                fn_close
 .text.fn_flush
                0x20015b04      0x374 C:/ISIS/workspace/Taibeh/25.3.2020/25.3.2020/GlobusSatProject/..//hal/hcc/lib\libHCCD.a(fat_common.o)
                0x20015b04                fn_flush
 .text.fn_read  0x20015e78      0x690 C:/ISIS/workspace/Taibeh/25.3.2020/25.3.2020/GlobusSatProject/..//hal/hcc/lib\libHCCD.a(fat_common.o)
                0x20015e78                fn_read
 .text._f_abortwrite
                0x20016508      0x100 C:/ISIS/workspace/Taibeh/25.3.2020/25.3.2020/GlobusSatProject/..//hal/hcc/lib\libHCCD.a(fat_common.o)
 .text._f_checkwritecluster
                0x20016608       0xe4 C:/ISIS/workspace/Taibeh/25.3.2020/25.3.2020/GlobusSatProject/..//hal/hcc/lib\libHCCD.a(fat_common.o)
 .text.fn_write
                0x200166ec      0x8a8 C:/ISIS/workspace/Taibeh/25.3.2020/25.3.2020/GlobusSatProject/..//hal/hcc/lib\libHCCD.a(fat_common.o)
                0x200166ec                fn_write
 .text.fn_seek  0x20016f94      0x270 C:/ISIS/workspace/Taibeh/25.3.2020/25.3.2020/GlobusSatProject/..//hal/hcc/lib\libHCCD.a(fat_common.o)
                0x20016f94                fn_seek
 .text.f_enterFS
                0x20017204      0x1c0 C:/ISIS/workspace/Taibeh/25.3.2020/25.3.2020/GlobusSatProject/..//hal/hcc/lib\libHCCD.a(fat_common.o)
                0x20017204                f_enterFS
 .text.f_releaseFS
                0x200173c4       0xb0 C:/ISIS/workspace/Taibeh/25.3.2020/25.3.2020/GlobusSatProject/..//hal/hcc/lib\libHCCD.a(fat_common.o)
                0x200173c4                f_releaseFS
 .text.fnGetTask
                0x20017474       0xfc C:/ISIS/workspace/Taibeh/25.3.2020/25.3.2020/GlobusSatProject/..//hal/hcc/lib\libHCCD.a(fat_common.o)
                0x20017474                fnGetTask
 .text._f_mutex_get
                0x20017570       0x98 C:/ISIS/workspace/Taibeh/25.3.2020/25.3.2020/GlobusSatProject/..//hal/hcc/lib\libHCCD.a(fat_common.o)
                0x20017570                _f_mutex_get
 .text._f_mutex_put
                0x20017608       0x54 C:/ISIS/workspace/Taibeh/25.3.2020/25.3.2020/GlobusSatProject/..//hal/hcc/lib\libHCCD.a(fat_common.o)
                0x20017608                _f_mutex_put
 .text._fn_initseekdivisor
                0x2001765c      0x158 C:/ISIS/workspace/Taibeh/25.3.2020/25.3.2020/GlobusSatProject/..//hal/hcc/lib\libHCCD.a(fat_common.o)
                0x2001765c                _fn_initseekdivisor
 .text._fn_updateseekpos
                0x200177b4       0xc4 C:/ISIS/workspace/Taibeh/25.3.2020/25.3.2020/GlobusSatProject/..//hal/hcc/lib\libHCCD.a(fat_common.o)
 .text._f_findopensize
                0x20017878       0x2c C:/ISIS/workspace/Taibeh/25.3.2020/25.3.2020/GlobusSatProject/..//hal/hcc/lib\libHCCD.a(fat_common.o)
                0x20017878                _f_findopensize
 .text.fn_setlasterror
                0x200178a4       0x34 C:/ISIS/workspace/Taibeh/25.3.2020/25.3.2020/GlobusSatProject/..//hal/hcc/lib\libHCCD.a(fat_common.o)
                0x200178a4                fn_setlasterror
 .text.fn_setlasterror_noret
                0x200178d8       0x2c C:/ISIS/workspace/Taibeh/25.3.2020/25.3.2020/GlobusSatProject/..//hal/hcc/lib\libHCCD.a(fat_common.o)
                0x200178d8                fn_setlasterror_noret
 .text.fm_initvolume
                0x20017904       0x70 C:/ISIS/workspace/Taibeh/25.3.2020/25.3.2020/GlobusSatProject/..//hal/hcc/lib\libHCCD.a(fat_m.o)
                0x20017904                fm_initvolume
 .text.fm_delvolume
                0x20017974       0x60 C:/ISIS/workspace/Taibeh/25.3.2020/25.3.2020/GlobusSatProject/..//hal/hcc/lib\libHCCD.a(fat_m.o)
                0x20017974                fm_delvolume
 .text.fm_getdrive
                0x200179d4       0x70 C:/ISIS/workspace/Taibeh/25.3.2020/25.3.2020/GlobusSatProject/..//hal/hcc/lib\libHCCD.a(fat_m.o)
                0x200179d4                fm_getdrive
 .text.fm_getfreespace
                0x20017a44       0x68 C:/ISIS/workspace/Taibeh/25.3.2020/25.3.2020/GlobusSatProject/..//hal/hcc/lib\libHCCD.a(fat_m.o)
                0x20017a44                fm_getfreespace
 .text.fm_findfirst
                0x20017aac       0x68 C:/ISIS/workspace/Taibeh/25.3.2020/25.3.2020/GlobusSatProject/..//hal/hcc/lib\libHCCD.a(fat_m.o)
                0x20017aac                fm_findfirst
 .text.fm_findnext
                0x20017b14       0x60 C:/ISIS/workspace/Taibeh/25.3.2020/25.3.2020/GlobusSatProject/..//hal/hcc/lib\libHCCD.a(fat_m.o)
                0x20017b14                fm_findnext
 .text.fm_filelength
                0x20017b74       0x60 C:/ISIS/workspace/Taibeh/25.3.2020/25.3.2020/GlobusSatProject/..//hal/hcc/lib\libHCCD.a(fat_m.o)
                0x20017b74                fm_filelength
 .text.fm_close
                0x20017bd4       0x60 C:/ISIS/workspace/Taibeh/25.3.2020/25.3.2020/GlobusSatProject/..//hal/hcc/lib\libHCCD.a(fat_m.o)
                0x20017bd4                fm_close
 .text.fm_flush
                0x20017c34       0x60 C:/ISIS/workspace/Taibeh/25.3.2020/25.3.2020/GlobusSatProject/..//hal/hcc/lib\libHCCD.a(fat_m.o)
                0x20017c34                fm_flush
 .text.fm_open  0x20017c94       0x68 C:/ISIS/workspace/Taibeh/25.3.2020/25.3.2020/GlobusSatProject/..//hal/hcc/lib\libHCCD.a(fat_m.o)
                0x20017c94                fm_open
 .text.fm_read  0x20017cfc       0x7c C:/ISIS/workspace/Taibeh/25.3.2020/25.3.2020/GlobusSatProject/..//hal/hcc/lib\libHCCD.a(fat_m.o)
                0x20017cfc                fm_read
 .text.fm_write
                0x20017d78       0x7c C:/ISIS/workspace/Taibeh/25.3.2020/25.3.2020/GlobusSatProject/..//hal/hcc/lib\libHCCD.a(fat_m.o)
                0x20017d78                fm_write
 .text.fm_seek  0x20017df4       0x70 C:/ISIS/workspace/Taibeh/25.3.2020/25.3.2020/GlobusSatProject/..//hal/hcc/lib\libHCCD.a(fat_m.o)
                0x20017df4                fm_seek
 .text.fm_delete
                0x20017e64       0x64 C:/ISIS/workspace/Taibeh/25.3.2020/25.3.2020/GlobusSatProject/..//hal/hcc/lib\libHCCD.a(fat_m.o)
                0x20017e64                fm_delete
 .text._s_checkzeroclusteratend
                0x20017ec8       0xf8 C:/ISIS/workspace/Taibeh/25.3.2020/25.3.2020/GlobusSatProject/..//hal/hcc/lib\libHCCD.a(safefat.o)
 .text._s_clearclustercontent
                0x20017fc0      0x108 C:/ISIS/workspace/Taibeh/25.3.2020/25.3.2020/GlobusSatProject/..//hal/hcc/lib\libHCCD.a(safefat.o)
 .text._s_clearclustercontentdir
                0x200180c8      0x19c C:/ISIS/workspace/Taibeh/25.3.2020/25.3.2020/GlobusSatProject/..//hal/hcc/lib\libHCCD.a(safefat.o)
 .text._s_writedirsector
                0x20018264       0xd0 C:/ISIS/workspace/Taibeh/25.3.2020/25.3.2020/GlobusSatProject/..//hal/hcc/lib\libHCCD.a(safefat.o)
 .text._s_getdirsector
                0x20018334      0x100 C:/ISIS/workspace/Taibeh/25.3.2020/25.3.2020/GlobusSatProject/..//hal/hcc/lib\libHCCD.a(safefat.o)
 .text._s_addentry
                0x20018434      0x394 C:/ISIS/workspace/Taibeh/25.3.2020/25.3.2020/GlobusSatProject/..//hal/hcc/lib\libHCCD.a(safefat.o)
 .text._s_findfile
                0x200187c8      0x33c C:/ISIS/workspace/Taibeh/25.3.2020/25.3.2020/GlobusSatProject/..//hal/hcc/lib\libHCCD.a(safefat.o)
 .text._s_findsubdir
                0x20018b04      0x248 C:/ISIS/workspace/Taibeh/25.3.2020/25.3.2020/GlobusSatProject/..//hal/hcc/lib\libHCCD.a(safefat.o)
 .text._s_createfile
                0x20018d4c      0x190 C:/ISIS/workspace/Taibeh/25.3.2020/25.3.2020/GlobusSatProject/..//hal/hcc/lib\libHCCD.a(safefat.o)
 .text._s_findsaffile
                0x20018edc      0x1b8 C:/ISIS/workspace/Taibeh/25.3.2020/25.3.2020/GlobusSatProject/..//hal/hcc/lib\libHCCD.a(safefat.o)
 .text._s_open  0x20019094       0xe4 C:/ISIS/workspace/Taibeh/25.3.2020/25.3.2020/GlobusSatProject/..//hal/hcc/lib\libHCCD.a(safefat.o)
 .text._s_open_saf
                0x20019178       0xe8 C:/ISIS/workspace/Taibeh/25.3.2020/25.3.2020/GlobusSatProject/..//hal/hcc/lib\libHCCD.a(safefat.o)
 .text._s_flush
                0x20019260       0x84 C:/ISIS/workspace/Taibeh/25.3.2020/25.3.2020/GlobusSatProject/..//hal/hcc/lib\libHCCD.a(safefat.o)
 .text._s_allocnextcluster
                0x200192e4      0x13c C:/ISIS/workspace/Taibeh/25.3.2020/25.3.2020/GlobusSatProject/..//hal/hcc/lib\libHCCD.a(safefat.o)
 .text._s_getnextsector
                0x20019420       0xdc C:/ISIS/workspace/Taibeh/25.3.2020/25.3.2020/GlobusSatProject/..//hal/hcc/lib\libHCCD.a(safefat.o)
 .text._s_seek  0x200194fc      0x1e8 C:/ISIS/workspace/Taibeh/25.3.2020/25.3.2020/GlobusSatProject/..//hal/hcc/lib\libHCCD.a(safefat.o)
 .text._s_get_len
                0x200196e4      0x10c C:/ISIS/workspace/Taibeh/25.3.2020/25.3.2020/GlobusSatProject/..//hal/hcc/lib\libHCCD.a(safefat.o)
 .text._s_set_len
                0x200197f0       0xb4 C:/ISIS/workspace/Taibeh/25.3.2020/25.3.2020/GlobusSatProject/..//hal/hcc/lib\libHCCD.a(safefat.o)
 .text.safe_fix_filelengths
                0x200198a4       0xcc C:/ISIS/workspace/Taibeh/25.3.2020/25.3.2020/GlobusSatProject/..//hal/hcc/lib\libHCCD.a(safefat.o)
                0x200198a4                safe_fix_filelengths
 .text._s_read  0x20019970      0x228 C:/ISIS/workspace/Taibeh/25.3.2020/25.3.2020/GlobusSatProject/..//hal/hcc/lib\libHCCD.a(safefat.o)
 .text._s_write
                0x20019b98      0x384 C:/ISIS/workspace/Taibeh/25.3.2020/25.3.2020/GlobusSatProject/..//hal/hcc/lib\libHCCD.a(safefat.o)
 .text._s_restoreclusters
                0x20019f1c      0x270 C:/ISIS/workspace/Taibeh/25.3.2020/25.3.2020/GlobusSatProject/..//hal/hcc/lib\libHCCD.a(safefat.o)
                0x20019f1c                _s_restoreclusters
 .text._s_findrestore
                0x2001a18c      0x18c C:/ISIS/workspace/Taibeh/25.3.2020/25.3.2020/GlobusSatProject/..//hal/hcc/lib\libHCCD.a(safefat.o)
 .text._s_cmd_writede
                0x2001a318       0xd8 C:/ISIS/workspace/Taibeh/25.3.2020/25.3.2020/GlobusSatProject/..//hal/hcc/lib\libHCCD.a(safefat.o)
 .text._s_cmd_setcluster
                0x2001a3f0       0x88 C:/ISIS/workspace/Taibeh/25.3.2020/25.3.2020/GlobusSatProject/..//hal/hcc/lib\libHCCD.a(safefat.o)
 .text._s_cmd_deletechain
                0x2001a478      0x100 C:/ISIS/workspace/Taibeh/25.3.2020/25.3.2020/GlobusSatProject/..//hal/hcc/lib\libHCCD.a(safefat.o)
 .text._s_cmd_validatecfn
                0x2001a578      0x308 C:/ISIS/workspace/Taibeh/25.3.2020/25.3.2020/GlobusSatProject/..//hal/hcc/lib\libHCCD.a(safefat.o)
 .text._s_cmd_seteof
                0x2001a880      0x3c4 C:/ISIS/workspace/Taibeh/25.3.2020/25.3.2020/GlobusSatProject/..//hal/hcc/lib\libHCCD.a(safefat.o)
 .text.safe_docommands
                0x2001ac44      0x56c C:/ISIS/workspace/Taibeh/25.3.2020/25.3.2020/GlobusSatProject/..//hal/hcc/lib\libHCCD.a(safefat.o)
                0x2001ac44                safe_docommands
 .text.safe_entercommand
                0x2001b1b0       0x68 C:/ISIS/workspace/Taibeh/25.3.2020/25.3.2020/GlobusSatProject/..//hal/hcc/lib\libHCCD.a(safefat.o)
                0x2001b1b0                safe_entercommand
 .text.safe_ready
                0x2001b218       0xf4 C:/ISIS/workspace/Taibeh/25.3.2020/25.3.2020/GlobusSatProject/..//hal/hcc/lib\libHCCD.a(safefat.o)
                0x2001b218                safe_ready
 .text.safe_copycfn
                0x2001b30c       0xb8 C:/ISIS/workspace/Taibeh/25.3.2020/25.3.2020/GlobusSatProject/..//hal/hcc/lib\libHCCD.a(safefat.o)
                0x2001b30c                safe_copycfn
 .text.safe_cfremove
                0x2001b3c4       0xb8 C:/ISIS/workspace/Taibeh/25.3.2020/25.3.2020/GlobusSatProject/..//hal/hcc/lib\libHCCD.a(safefat.o)
                0x2001b3c4                safe_cfremove
 .text.safe_writede
                0x2001b47c      0x104 C:/ISIS/workspace/Taibeh/25.3.2020/25.3.2020/GlobusSatProject/..//hal/hcc/lib\libHCCD.a(safefat.o)
                0x2001b47c                safe_writede
 .text.safe_setcluster
                0x2001b580       0xcc C:/ISIS/workspace/Taibeh/25.3.2020/25.3.2020/GlobusSatProject/..//hal/hcc/lib\libHCCD.a(safefat.o)
                0x2001b580                safe_setcluster
 .text.safe_deletechain
                0x2001b64c      0x1c8 C:/ISIS/workspace/Taibeh/25.3.2020/25.3.2020/GlobusSatProject/..//hal/hcc/lib\libHCCD.a(safefat.o)
                0x2001b64c                safe_deletechain
 .text.safe_cfclose
                0x2001b814      0x104 C:/ISIS/workspace/Taibeh/25.3.2020/25.3.2020/GlobusSatProject/..//hal/hcc/lib\libHCCD.a(safefat.o)
                0x2001b814                safe_cfclose
 .text.safe_cfflush
                0x2001b918      0x124 C:/ISIS/workspace/Taibeh/25.3.2020/25.3.2020/GlobusSatProject/..//hal/hcc/lib\libHCCD.a(safefat.o)
                0x2001b918                safe_cfflush
 .text.safe_reset
                0x2001ba3c       0x78 C:/ISIS/workspace/Taibeh/25.3.2020/25.3.2020/GlobusSatProject/..//hal/hcc/lib\libHCCD.a(safefat.o)
                0x2001ba3c                safe_reset
 .text.safe_loadcommands
                0x2001bab4       0x78 C:/ISIS/workspace/Taibeh/25.3.2020/25.3.2020/GlobusSatProject/..//hal/hcc/lib\libHCCD.a(safefat.o)
                0x2001bab4                safe_loadcommands
 .text.safe_poweron
                0x2001bb2c      0x1fc C:/ISIS/workspace/Taibeh/25.3.2020/25.3.2020/GlobusSatProject/..//hal/hcc/lib\libHCCD.a(safefat.o)
                0x2001bb2c                safe_poweron
 .text.cf_getname
                0x2001bd28       0xc0 C:/ISIS/workspace/Taibeh/25.3.2020/25.3.2020/GlobusSatProject/..//hal/hcc/lib\libHCCD.a(safefat.o)
 .text.cf_copyclusterchain
                0x2001bde8      0x138 C:/ISIS/workspace/Taibeh/25.3.2020/25.3.2020/GlobusSatProject/..//hal/hcc/lib\libHCCD.a(safefat.o)
 .text.cf_seektozero
                0x2001bf20       0x94 C:/ISIS/workspace/Taibeh/25.3.2020/25.3.2020/GlobusSatProject/..//hal/hcc/lib\libHCCD.a(safefat.o)
                0x2001bf20                cf_seektozero
 .text.cf_create
                0x2001bfb4      0x3a8 C:/ISIS/workspace/Taibeh/25.3.2020/25.3.2020/GlobusSatProject/..//hal/hcc/lib\libHCCD.a(safefat.o)
                0x2001bfb4                cf_create
 .text.cf_copyclustercontent
                0x2001c35c      0x128 C:/ISIS/workspace/Taibeh/25.3.2020/25.3.2020/GlobusSatProject/..//hal/hcc/lib\libHCCD.a(safefat.o)
                0x2001c35c                cf_copyclustercontent
 .text.cf_copycfn
                0x2001c484      0x4bc C:/ISIS/workspace/Taibeh/25.3.2020/25.3.2020/GlobusSatProject/..//hal/hcc/lib\libHCCD.a(safefat.o)
                0x2001c484                cf_copycfn
 .text.cf_remove
                0x2001c940      0x344 C:/ISIS/workspace/Taibeh/25.3.2020/25.3.2020/GlobusSatProject/..//hal/hcc/lib\libHCCD.a(safefat.o)
                0x2001c940                cf_remove
 .text.cf_setclusternew
                0x2001cc84       0xf0 C:/ISIS/workspace/Taibeh/25.3.2020/25.3.2020/GlobusSatProject/..//hal/hcc/lib\libHCCD.a(safefat.o)
                0x2001cc84                cf_setclusternew
 .text.cf_flush
                0x2001cd74       0x58 C:/ISIS/workspace/Taibeh/25.3.2020/25.3.2020/GlobusSatProject/..//hal/hcc/lib\libHCCD.a(safefat.o)
                0x2001cd74                cf_flush
 .text.cf_getcluster
                0x2001cdcc      0x1b4 C:/ISIS/workspace/Taibeh/25.3.2020/25.3.2020/GlobusSatProject/..//hal/hcc/lib\libHCCD.a(safefat.o)
                0x2001cdcc                cf_getcluster
 .text.cf_setnextcluster
                0x2001cf80      0x194 C:/ISIS/workspace/Taibeh/25.3.2020/25.3.2020/GlobusSatProject/..//hal/hcc/lib\libHCCD.a(safefat.o)
                0x2001cf80                cf_setnextcluster
 .text.cf_getpositions
                0x2001d114       0xbc C:/ISIS/workspace/Taibeh/25.3.2020/25.3.2020/GlobusSatProject/..//hal/hcc/lib\libHCCD.a(safefat.o)
                0x2001d114                cf_getpositions
 .text.cf_setpositions
                0x2001d1d0       0xb0 C:/ISIS/workspace/Taibeh/25.3.2020/25.3.2020/GlobusSatProject/..//hal/hcc/lib\libHCCD.a(safefat.o)
                0x2001d1d0                cf_setpositions
 .text.cf_opensyncafile
                0x2001d280      0x150 C:/ISIS/workspace/Taibeh/25.3.2020/25.3.2020/GlobusSatProject/..//hal/hcc/lib\libHCCD.a(safefat.o)
                0x2001d280                cf_opensyncafile
 .text.cf_reloadcfo
                0x2001d3d0       0xd8 C:/ISIS/workspace/Taibeh/25.3.2020/25.3.2020/GlobusSatProject/..//hal/hcc/lib\libHCCD.a(safefat.o)
                0x2001d3d0                cf_reloadcfo
 .text.mcipdc_cmd
                0x2001d4a8      0x22c C:/ISIS/workspace/Taibeh/25.3.2020/25.3.2020/GlobusSatProject/..//hal/hcc/lib\libHCCD.a(atmel_mcipdc.o)
 .text.mcipdc_stop
                0x2001d6d4       0xfc C:/ISIS/workspace/Taibeh/25.3.2020/25.3.2020/GlobusSatProject/..//hal/hcc/lib\libHCCD.a(atmel_mcipdc.o)
                0x2001d6d4                mcipdc_stop
 .text.mcipdc_read
                0x2001d7d0      0x27c C:/ISIS/workspace/Taibeh/25.3.2020/25.3.2020/GlobusSatProject/..//hal/hcc/lib\libHCCD.a(atmel_mcipdc.o)
 .text.mcipdc_write
                0x2001da4c      0x298 C:/ISIS/workspace/Taibeh/25.3.2020/25.3.2020/GlobusSatProject/..//hal/hcc/lib\libHCCD.a(atmel_mcipdc.o)
 .text.mcipdc_readsector
                0x2001dce4       0x9c C:/ISIS/workspace/Taibeh/25.3.2020/25.3.2020/GlobusSatProject/..//hal/hcc/lib\libHCCD.a(atmel_mcipdc.o)
                0x2001dce4                mcipdc_readsector
 .text.mcipdc_readmultiplesector
                0x2001dd80      0x124 C:/ISIS/workspace/Taibeh/25.3.2020/25.3.2020/GlobusSatProject/..//hal/hcc/lib\libHCCD.a(atmel_mcipdc.o)
                0x2001dd80                mcipdc_readmultiplesector
 .text.mcipdc_writesector
                0x2001dea4       0x90 C:/ISIS/workspace/Taibeh/25.3.2020/25.3.2020/GlobusSatProject/..//hal/hcc/lib\libHCCD.a(atmel_mcipdc.o)
                0x2001dea4                mcipdc_writesector
 .text.mcipdc_writemultiplesector
                0x2001df34      0x120 C:/ISIS/workspace/Taibeh/25.3.2020/25.3.2020/GlobusSatProject/..//hal/hcc/lib\libHCCD.a(atmel_mcipdc.o)
                0x2001df34                mcipdc_writemultiplesector
 .text.mcipdc_set_speed
                0x2001e054       0xb0 C:/ISIS/workspace/Taibeh/25.3.2020/25.3.2020/GlobusSatProject/..//hal/hcc/lib\libHCCD.a(atmel_mcipdc.o)
 .text.mcipdc_get_speed
                0x2001e104       0x48 C:/ISIS/workspace/Taibeh/25.3.2020/25.3.2020/GlobusSatProject/..//hal/hcc/lib\libHCCD.a(atmel_mcipdc.o)
 .text._get_csd_bits
                0x2001e14c      0x14c C:/ISIS/workspace/Taibeh/25.3.2020/25.3.2020/GlobusSatProject/..//hal/hcc/lib\libHCCD.a(atmel_mcipdc.o)
 .text.mcipdc_initcard
                0x2001e298      0x8f4 C:/ISIS/workspace/Taibeh/25.3.2020/25.3.2020/GlobusSatProject/..//hal/hcc/lib\libHCCD.a(atmel_mcipdc.o)
 .text.mcipdc_getstatus
                0x2001eb8c       0xe8 C:/ISIS/workspace/Taibeh/25.3.2020/25.3.2020/GlobusSatProject/..//hal/hcc/lib\libHCCD.a(atmel_mcipdc.o)
 .text.mcipdc_getphy
                0x2001ec74       0x90 C:/ISIS/workspace/Taibeh/25.3.2020/25.3.2020/GlobusSatProject/..//hal/hcc/lib\libHCCD.a(atmel_mcipdc.o)
 .text.mcipdc_release
                0x2001ed04       0x50 C:/ISIS/workspace/Taibeh/25.3.2020/25.3.2020/GlobusSatProject/..//hal/hcc/lib\libHCCD.a(atmel_mcipdc.o)
 .text.atmel_mcipdc_initfunc
                0x2001ed54      0x160 C:/ISIS/workspace/Taibeh/25.3.2020/25.3.2020/GlobusSatProject/..//hal/hcc/lib\libHCCD.a(atmel_mcipdc.o)
                0x2001ed54                atmel_mcipdc_initfunc
 .text.oal_mutex_create
                0x2001eeb4       0x54 C:/ISIS/workspace/Taibeh/25.3.2020/25.3.2020/GlobusSatProject/..//hal/hcc/lib\libHCCD.a(oalp_mutex.o)
                0x2001eeb4                oal_mutex_create
 .text.oal_mutex_delete
                0x2001ef08       0x30 C:/ISIS/workspace/Taibeh/25.3.2020/25.3.2020/GlobusSatProject/..//hal/hcc/lib\libHCCD.a(oalp_mutex.o)
                0x2001ef08                oal_mutex_delete
 .text.oal_mutex_get
                0x2001ef38       0x58 C:/ISIS/workspace/Taibeh/25.3.2020/25.3.2020/GlobusSatProject/..//hal/hcc/lib\libHCCD.a(oalp_mutex.o)
                0x2001ef38                oal_mutex_get
 .text.oal_mutex_put
                0x2001ef90       0x58 C:/ISIS/workspace/Taibeh/25.3.2020/25.3.2020/GlobusSatProject/..//hal/hcc/lib\libHCCD.a(oalp_mutex.o)
                0x2001ef90                oal_mutex_put
 .text.oal_task_get_id
                0x2001efe8       0x18 C:/ISIS/workspace/Taibeh/25.3.2020/25.3.2020/GlobusSatProject/..//hal/hcc/lib\libHCCD.a(oalp_task.o)
                0x2001efe8                oal_task_get_id
 .text.mcipdc_hw_init
                0x2001f000       0xe8 C:/ISIS/workspace/Taibeh/25.3.2020/25.3.2020/GlobusSatProject/..//hal/hcc/lib\libHCCD.a(atmel_mcipdc_hw.o)
                0x2001f000                mcipdc_hw_init
 .text.mcipdc_hw_delete
                0x2001f0e8       0x78 C:/ISIS/workspace/Taibeh/25.3.2020/25.3.2020/GlobusSatProject/..//hal/hcc/lib\libHCCD.a(atmel_mcipdc_hw.o)
                0x2001f0e8                mcipdc_hw_delete
 .text.mcipdc_hw_card_plugged
                0x2001f160       0x1c C:/ISIS/workspace/Taibeh/25.3.2020/25.3.2020/GlobusSatProject/..//hal/hcc/lib\libHCCD.a(atmel_mcipdc_hw.o)
                0x2001f160                mcipdc_hw_card_plugged
 .text.mcipdc_hw_card_writeprotect
                0x2001f17c       0x1c C:/ISIS/workspace/Taibeh/25.3.2020/25.3.2020/GlobusSatProject/..//hal/hcc/lib\libHCCD.a(atmel_mcipdc_hw.o)
                0x2001f17c                mcipdc_hw_card_writeprotect
 .text.psp_getcurrenttimedate
                0x2001f198       0x8c C:/ISIS/workspace/Taibeh/25.3.2020/25.3.2020/GlobusSatProject/..//hal/hcc/lib\libHCCD.a(psp_rtc.o)
                0x2001f198                psp_getcurrenttimedate
 .text._hcc_get_buf_dsc
                0x2001f224       0x8c C:/ISIS/workspace/Taibeh/25.3.2020/25.3.2020/GlobusSatProject/..//hal/hcc/lib\libHCCD.a(hcc_mem.o)
 .text._hcc_check_free_pages
                0x2001f2b0      0x18c C:/ISIS/workspace/Taibeh/25.3.2020/25.3.2020/GlobusSatProject/..//hal/hcc/lib\libHCCD.a(hcc_mem.o)
 .text._hcc_mark_pages
                0x2001f43c      0x158 C:/ISIS/workspace/Taibeh/25.3.2020/25.3.2020/GlobusSatProject/..//hal/hcc/lib\libHCCD.a(hcc_mem.o)
 .text._hcc_clear_lock_dsc
                0x2001f594       0x80 C:/ISIS/workspace/Taibeh/25.3.2020/25.3.2020/GlobusSatProject/..//hal/hcc/lib\libHCCD.a(hcc_mem.o)
 .text._hcc_lock_access
                0x2001f614      0x128 C:/ISIS/workspace/Taibeh/25.3.2020/25.3.2020/GlobusSatProject/..//hal/hcc/lib\libHCCD.a(hcc_mem.o)
 .text._hcc_unlock_access
                0x2001f73c       0x30 C:/ISIS/workspace/Taibeh/25.3.2020/25.3.2020/GlobusSatProject/..//hal/hcc/lib\libHCCD.a(hcc_mem.o)
 .text.hcc_mem_alloc
                0x2001f76c      0x454 C:/ISIS/workspace/Taibeh/25.3.2020/25.3.2020/GlobusSatProject/..//hal/hcc/lib\libHCCD.a(hcc_mem.o)
                0x2001f76c                hcc_mem_alloc
 .text.hcc_mem_free
                0x2001fbc0      0x178 C:/ISIS/workspace/Taibeh/25.3.2020/25.3.2020/GlobusSatProject/..//hal/hcc/lib\libHCCD.a(hcc_mem.o)
                0x2001fbc0                hcc_mem_free
 .text.hcc_mem_add
                0x2001fd38      0x3b0 C:/ISIS/workspace/Taibeh/25.3.2020/25.3.2020/GlobusSatProject/..//hal/hcc/lib\libHCCD.a(hcc_mem.o)
                0x2001fd38                hcc_mem_add
 .text.hcc_mem_init
                0x200200e8      0x164 C:/ISIS/workspace/Taibeh/25.3.2020/25.3.2020/GlobusSatProject/..//hal/hcc/lib\libHCCD.a(hcc_mem.o)
                0x200200e8                hcc_mem_init
 .text.hcc_mem_delete
                0x2002024c       0x94 C:/ISIS/workspace/Taibeh/25.3.2020/25.3.2020/GlobusSatProject/..//hal/hcc/lib\libHCCD.a(hcc_mem.o)
                0x2002024c                hcc_mem_delete
 .text._f_invalidatedir
                0x200202e0       0x28 C:/ISIS/workspace/Taibeh/25.3.2020/25.3.2020/GlobusSatProject/..//hal/hcc/lib\libHCCD.a(fat.o)
                0x200202e0                _f_invalidatedir
 .text._f_getdirsector
                0x20020308       0x88 C:/ISIS/workspace/Taibeh/25.3.2020/25.3.2020/GlobusSatProject/..//hal/hcc/lib\libHCCD.a(fat.o)
                0x20020308                _f_getdirsector
 .text._f_writedirsector
                0x20020390       0x74 C:/ISIS/workspace/Taibeh/25.3.2020/25.3.2020/GlobusSatProject/..//hal/hcc/lib\libHCCD.a(fat.o)
                0x20020390                _f_writedirsector
 .text._f_checknameinv
                0x20020404      0x180 C:/ISIS/workspace/Taibeh/25.3.2020/25.3.2020/GlobusSatProject/..//hal/hcc/lib\libHCCD.a(fat.o)
 .text._f_checkname
                0x20020584       0x7c C:/ISIS/workspace/Taibeh/25.3.2020/25.3.2020/GlobusSatProject/..//hal/hcc/lib\libHCCD.a(fat.o)
 .text._f_checknamewc
                0x20020600       0xf8 C:/ISIS/workspace/Taibeh/25.3.2020/25.3.2020/GlobusSatProject/..//hal/hcc/lib\libHCCD.a(fat.o)
 .text._f_setnameext
                0x200206f8      0x300 C:/ISIS/workspace/Taibeh/25.3.2020/25.3.2020/GlobusSatProject/..//hal/hcc/lib\libHCCD.a(fat.o)
 .text._f_setfsname
                0x200209f8      0x584 C:/ISIS/workspace/Taibeh/25.3.2020/25.3.2020/GlobusSatProject/..//hal/hcc/lib\libHCCD.a(fat.o)
 .text._f_findfile
                0x20020f7c      0x30c C:/ISIS/workspace/Taibeh/25.3.2020/25.3.2020/GlobusSatProject/..//hal/hcc/lib\libHCCD.a(fat.o)
 .text._f_cmp_wname
                0x20021288      0x274 C:/ISIS/workspace/Taibeh/25.3.2020/25.3.2020/GlobusSatProject/..//hal/hcc/lib\libHCCD.a(fat.o)
 .text._f_to_string
                0x200214fc      0x130 C:/ISIS/workspace/Taibeh/25.3.2020/25.3.2020/GlobusSatProject/..//hal/hcc/lib\libHCCD.a(fat.o)
 .text._f_findfilewc
                0x2002162c      0x278 C:/ISIS/workspace/Taibeh/25.3.2020/25.3.2020/GlobusSatProject/..//hal/hcc/lib\libHCCD.a(fat.o)
 .text._f_getfilename
                0x200218a4      0x20c C:/ISIS/workspace/Taibeh/25.3.2020/25.3.2020/GlobusSatProject/..//hal/hcc/lib\libHCCD.a(fat.o)
 .text._f_findpath
                0x20021ab0      0x35c C:/ISIS/workspace/Taibeh/25.3.2020/25.3.2020/GlobusSatProject/..//hal/hcc/lib\libHCCD.a(fat.o)
 .text.fn_getdcwd
                0x20021e0c      0x1e0 C:/ISIS/workspace/Taibeh/25.3.2020/25.3.2020/GlobusSatProject/..//hal/hcc/lib\libHCCD.a(fat.o)
                0x20021e0c                fn_getdcwd
 .text.fn_findfirst
                0x20021fec      0x13c C:/ISIS/workspace/Taibeh/25.3.2020/25.3.2020/GlobusSatProject/..//hal/hcc/lib\libHCCD.a(fat.o)
                0x20021fec                fn_findfirst
 .text.fn_findnext
                0x20022128      0x360 C:/ISIS/workspace/Taibeh/25.3.2020/25.3.2020/GlobusSatProject/..//hal/hcc/lib\libHCCD.a(fat.o)
                0x20022128                fn_findnext
 .text._f_lock_resfile
                0x20022488       0x6c C:/ISIS/workspace/Taibeh/25.3.2020/25.3.2020/GlobusSatProject/..//hal/hcc/lib\libHCCD.a(fat.o)
 .text._f_unlock_resfile
                0x200224f4       0x40 C:/ISIS/workspace/Taibeh/25.3.2020/25.3.2020/GlobusSatProject/..//hal/hcc/lib\libHCCD.a(fat.o)
 .text._f_getintfile
                0x20022534      0x124 C:/ISIS/workspace/Taibeh/25.3.2020/25.3.2020/GlobusSatProject/..//hal/hcc/lib\libHCCD.a(fat.o)
 .text._f_addentry
                0x20022658      0x540 C:/ISIS/workspace/Taibeh/25.3.2020/25.3.2020/GlobusSatProject/..//hal/hcc/lib\libHCCD.a(fat.o)
 .text.fn_filelength
                0x20022b98      0x1cc C:/ISIS/workspace/Taibeh/25.3.2020/25.3.2020/GlobusSatProject/..//hal/hcc/lib\libHCCD.a(fat.o)
                0x20022b98                fn_filelength
 .text.fn_open_sub
                0x20022d64     0x1698 C:/ISIS/workspace/Taibeh/25.3.2020/25.3.2020/GlobusSatProject/..//hal/hcc/lib\libHCCD.a(fat.o)
 .text.fn_open  0x200243fc       0x44 C:/ISIS/workspace/Taibeh/25.3.2020/25.3.2020/GlobusSatProject/..//hal/hcc/lib\libHCCD.a(fat.o)
                0x200243fc                fn_open
 .text.fn_delete
                0x20024440      0x490 C:/ISIS/workspace/Taibeh/25.3.2020/25.3.2020/GlobusSatProject/..//hal/hcc/lib\libHCCD.a(fat.o)
                0x20024440                fn_delete
 .text.hcc_mem_buf_alloc
                0x200248d0       0xe4 C:/ISIS/workspace/Taibeh/25.3.2020/25.3.2020/GlobusSatProject/..//hal/hcc/lib\libHCCD.a(psp_hcc_mem.o)
                0x200248d0                hcc_mem_buf_alloc
 .text.hcc_mem_buf_free
                0x200249b4       0x6c C:/ISIS/workspace/Taibeh/25.3.2020/25.3.2020/GlobusSatProject/..//hal/hcc/lib\libHCCD.a(psp_hcc_mem.o)
                0x200249b4                hcc_mem_buf_free
 .text.makeAntStransfer
                0x20024a20       0x4c C:/ISIS/workspace/Taibeh/25.3.2020/25.3.2020/GlobusSatProject/..//satellite-subsystems/satellite-subsystems/lib\libSatelliteSubsystemsD.a(IsisAntS.o)
 .text.checkInputsValid
                0x20024a6c       0x7c C:/ISIS/workspace/Taibeh/25.3.2020/25.3.2020/GlobusSatProject/..//satellite-subsystems/satellite-subsystems/lib\libSatelliteSubsystemsD.a(IsisAntS.o)
 .text.IsisAntS_initialize
                0x20024ae8      0x26c C:/ISIS/workspace/Taibeh/25.3.2020/25.3.2020/GlobusSatProject/..//satellite-subsystems/satellite-subsystems/lib\libSatelliteSubsystemsD.a(IsisAntS.o)
                0x20024ae8                IsisAntS_initialize
 .text.IsisAntS_setArmStatus
                0x20024d54      0x104 C:/ISIS/workspace/Taibeh/25.3.2020/25.3.2020/GlobusSatProject/..//satellite-subsystems/satellite-subsystems/lib\libSatelliteSubsystemsD.a(IsisAntS.o)
                0x20024d54                IsisAntS_setArmStatus
 .text.IsisAntS_getStatusData
                0x20024e58      0x120 C:/ISIS/workspace/Taibeh/25.3.2020/25.3.2020/GlobusSatProject/..//satellite-subsystems/satellite-subsystems/lib\libSatelliteSubsystemsD.a(IsisAntS.o)
                0x20024e58                IsisAntS_getStatusData
 .text.IsisAntS_getUptime
                0x20024f78      0x120 C:/ISIS/workspace/Taibeh/25.3.2020/25.3.2020/GlobusSatProject/..//satellite-subsystems/satellite-subsystems/lib\libSatelliteSubsystemsD.a(IsisAntS.o)
                0x20024f78                IsisAntS_getUptime
 .text.IsisAntS_getAlltelemetry
                0x20025098      0x120 C:/ISIS/workspace/Taibeh/25.3.2020/25.3.2020/GlobusSatProject/..//satellite-subsystems/satellite-subsystems/lib\libSatelliteSubsystemsD.a(IsisAntS.o)
                0x20025098                IsisAntS_getAlltelemetry
 .text.IsisAntS_reset
                0x200251b8      0x104 C:/ISIS/workspace/Taibeh/25.3.2020/25.3.2020/GlobusSatProject/..//satellite-subsystems/satellite-subsystems/lib\libSatelliteSubsystemsD.a(IsisAntS.o)
                0x200251b8                IsisAntS_reset
 .text.IsisAntS_cancelDeployment
                0x200252bc      0x104 C:/ISIS/workspace/Taibeh/25.3.2020/25.3.2020/GlobusSatProject/..//satellite-subsystems/satellite-subsystems/lib\libSatelliteSubsystemsD.a(IsisAntS.o)
                0x200252bc                IsisAntS_cancelDeployment
 .text.IsisAntS_autoDeployment
                0x200253c0      0x114 C:/ISIS/workspace/Taibeh/25.3.2020/25.3.2020/GlobusSatProject/..//satellite-subsystems/satellite-subsystems/lib\libSatelliteSubsystemsD.a(IsisAntS.o)
                0x200253c0                IsisAntS_autoDeployment
 .text.IsisSolarPanelv2_initialize
                0x200254d4       0xb4 C:/ISIS/workspace/Taibeh/25.3.2020/25.3.2020/GlobusSatProject/..//satellite-subsystems/satellite-subsystems/lib\libSatelliteSubsystemsD.a(IsisSolarPanelv2.o)
                0x200254d4                IsisSolarPanelv2_initialize
 .text.IsisSolarPanelv2_getTemperature
                0x20025588       0xc8 C:/ISIS/workspace/Taibeh/25.3.2020/25.3.2020/GlobusSatProject/..//satellite-subsystems/satellite-subsystems/lib\libSatelliteSubsystemsD.a(IsisSolarPanelv2.o)
                0x20025588                IsisSolarPanelv2_getTemperature
 .text.IsisSolarPanelv2_sleep
                0x20025650       0xbc C:/ISIS/workspace/Taibeh/25.3.2020/25.3.2020/GlobusSatProject/..//satellite-subsystems/satellite-subsystems/lib\libSatelliteSubsystemsD.a(IsisSolarPanelv2.o)
                0x20025650                IsisSolarPanelv2_sleep
 .text.IsisSolarPanelv2_getState
                0x2002570c       0x24 C:/ISIS/workspace/Taibeh/25.3.2020/25.3.2020/GlobusSatProject/..//satellite-subsystems/satellite-subsystems/lib\libSatelliteSubsystemsD.a(IsisSolarPanelv2.o)
                0x2002570c                IsisSolarPanelv2_getState
 .text._Reset   0x20025730       0x20 C:/ISIS/workspace/Taibeh/25.3.2020/25.3.2020/GlobusSatProject/..//satellite-subsystems/satellite-subsystems/lib\libSatelliteSubsystemsD.a(IsisSolarPanelv2.o)
 .text._WaitForStartup