Archive member included because of file (symbol)

C:/ISIS/workspace/Taibeh/25.3.2020/satellite-subsystems/demo/..//satellite-subsystems/lib\libSatelliteSubsystems.a(GomEPS.o)
                              ./src/Demos/GomEPSdemo.o (GomEpsInitialize)
C:/ISIS/workspace/Taibeh/25.3.2020/satellite-subsystems/demo/..//satellite-subsystems/lib\libSatelliteSubsystems.a(IsisAntS.o)
                              ./src/Demos/IsisAntSdemo.o (IsisAntS_initialize)
C:/ISIS/workspace/Taibeh/25.3.2020/satellite-subsystems/demo/..//satellite-subsystems/lib\libSatelliteSubsystems.a(IsisMTQv1.o)
                              ./src/Demos/IsisMTQv1demo.o (isisMTQv1_initialize)
C:/ISIS/workspace/Taibeh/25.3.2020/satellite-subsystems/demo/..//satellite-subsystems/lib\libSatelliteSubsystems.a(IsisMTQv2.o)
                              ./src/Demos/IsisMTQv2demo.o (IsisMTQv2_initialize)
C:/ISIS/workspace/Taibeh/25.3.2020/satellite-subsystems/demo/..//satellite-subsystems/lib\libSatelliteSubsystems.a(IsisSolarPanel.o)
                              ./src/Demos/IsisSPdemo.o (IsisSolarPanel_getTemperature)
C:/ISIS/workspace/Taibeh/25.3.2020/satellite-subsystems/demo/..//satellite-subsystems/lib\libSatelliteSubsystems.a(IsisSolarPanelv2.o)
                              ./src/Demos/IsisSPv2demo.o (IsisSolarPanelv2_initialize)
C:/ISIS/workspace/Taibeh/25.3.2020/satellite-subsystems/demo/..//satellite-subsystems/lib\libSatelliteSubsystems.a(IsisTRXUV.o)
                              ./src/Demos/IsisTRXUVdemo.o (IsisTrxuv_initialize)
C:/ISIS/workspace/Taibeh/25.3.2020/satellite-subsystems/demo/..//satellite-subsystems/lib\libSatelliteSubsystems.a(IsisTRXVU.o)
                              ./src/Demos/IsisTRXVUdemo.o (IsisTrxvu_initialize)
C:/ISIS/workspace/Taibeh/25.3.2020/satellite-subsystems/demo/..//satellite-subsystems/lib\libSatelliteSubsystems.a(IsisTxS.o)
                              ./src/Demos/IsisTxSdemo.o (IsisTxsInitialize)
C:/ISIS/workspace/Taibeh/25.3.2020/satellite-subsystems/demo/..//satellite-subsystems/lib\libSatelliteSubsystems.a(cspaceADCS.o)
                              ./src/Demos/cspaceADCSdemo.o (cspaceADCS_initialize)
C:/ISIS/workspace/Taibeh/25.3.2020/satellite-subsystems/demo/..//satellite-subsystems/lib\libSatelliteSubsystems.a(isis_eps_driver.o)
                              ./src/Demos/isis_eps_demo.o (ISIS_EPS_Init)
C:/ISIS/workspace/Taibeh/25.3.2020/satellite-subsystems/demo/..//satellite-subsystems/lib\libSatelliteSubsystems.a(version.o)
                              ./src/main.o (SatelliteSubsystemsVersionRevision)
C:/ISIS/workspace/Taibeh/25.3.2020/satellite-subsystems/demo/..//satellite-subsystems/lib\libSatelliteSubsystems.a(IsisTRXCommon.o)
                              C:/ISIS/workspace/Taibeh/25.3.2020/satellite-subsystems/demo/..//satellite-subsystems/lib\libSatelliteSubsystems.a(IsisTRXUV.o) (IsisTrxCommon_componentReset)
c:/isis/application/toolchain/bin/../lib/gcc/arm-none-eabi/4.7.4/../../../../arm-none-eabi/lib\libm.a(lib_a-w_exp.o)
                              ./src/Demos/common.o (exp)
c:/isis/application/toolchain/bin/../lib/gcc/arm-none-eabi/4.7.4/../../../../arm-none-eabi/lib\libm.a(lib_a-e_exp.o)
                              c:/isis/application/toolchain/bin/../lib/gcc/arm-none-eabi/4.7.4/../../../../arm-none-eabi/lib\libm.a(lib_a-w_exp.o) (__ieee754_exp)
c:/isis/application/toolchain/bin/../lib/gcc/arm-none-eabi/4.7.4/../../../../arm-none-eabi/lib\libm.a(lib_a-s_finite.o)
                              c:/isis/application/toolchain/bin/../lib/gcc/arm-none-eabi/4.7.4/../../../../arm-none-eabi/lib\libm.a(lib_a-w_exp.o) (finite)
c:/isis/application/toolchain/bin/../lib/gcc/arm-none-eabi/4.7.4/../../../../arm-none-eabi/lib\libm.a(lib_a-s_lib_ver.o)
                              c:/isis/application/toolchain/bin/../lib/gcc/arm-none-eabi/4.7.4/../../../../arm-none-eabi/lib\libm.a(lib_a-w_exp.o) (__fdlib_version)
c:/isis/application/toolchain/bin/../lib/gcc/arm-none-eabi/4.7.4/../../../../arm-none-eabi/lib\libm.a(lib_a-s_matherr.o)
                              c:/isis/application/toolchain/bin/../lib/gcc/arm-none-eabi/4.7.4/../../../../arm-none-eabi/lib\libm.a(lib_a-w_exp.o) (matherr)
C:/ISIS/workspace/Taibeh/25.3.2020/satellite-subsystems/demo/../..//hal/hcc/lib\libHCC.a(fat_common.o)
                              ./src/Demos/ScsGeckoDemo.o (fn_init)
C:/ISIS/workspace/Taibeh/25.3.2020/satellite-subsystems/demo/../..//hal/hcc/lib\libHCC.a(fat_m.o)
                              ./src/Demos/ScsGeckoDemo.o (fm_initvolume)
C:/ISIS/workspace/Taibeh/25.3.2020/satellite-subsystems/demo/../..//hal/hcc/lib\libHCC.a(safefat.o)
                              C:/ISIS/workspace/Taibeh/25.3.2020/satellite-subsystems/demo/../..//hal/hcc/lib\libHCC.a(fat_common.o) (safe_fix_filelengths)
C:/ISIS/workspace/Taibeh/25.3.2020/satellite-subsystems/demo/../..//hal/hcc/lib\libHCC.a(atmel_mcipdc.o)
                              ./src/Demos/ScsGeckoDemo.o (atmel_mcipdc_initfunc)
[...]
Memory Configuration

Name             Origin             Length             Attributes
sram0            0x00200000         0x00004000         w !xr
sram1            0x00300000         0x00004000         w !xr
sdram            0x20000000         0x02000000         w !xr
*default*        0x00000000         0xffffffff

Linker script and memory map

LOAD c:/isis/application/toolchain/bin/../lib/gcc/arm-none-eabi/4.7.4/../../../../arm-none-eabi/lib\libc.a
LOAD ./src/Demos/GomEPSdemo.o
LOAD ./src/Demos/IsisAntSdemo.o
LOAD ./src/Demos/IsisMTQv1demo.o
LOAD ./src/Demos/IsisMTQv2demo.o
LOAD ./src/Demos/IsisSPdemo.o
LOAD ./src/Demos/IsisSPv2demo.o
LOAD ./src/Demos/IsisTRXUVdemo.o
LOAD ./src/Demos/IsisTRXVUdemo.o
LOAD ./src/Demos/IsisTxSdemo.o
LOAD ./src/Demos/ScsGeckoDemo.o
LOAD ./src/Demos/common.o
LOAD ./src/Demos/cspaceADCSdemo.o
LOAD ./src/Demos/input.o
LOAD ./src/Demos/isis_eps_demo.o
LOAD ./src/Demos/trxvu_frame_ready.o
LOAD ./src/main.o
LOAD C:/ISIS/workspace/Taibeh/25.3.2020/satellite-subsystems/demo/..//satellite-subsystems/lib\libSatelliteSubsystems.a
LOAD c:/isis/application/toolchain/bin/../lib/gcc/arm-none-eabi/4.7.4/../../../../arm-none-eabi/lib\libm.a
LOAD C:/ISIS/workspace/Taibeh/25.3.2020/satellite-subsystems/demo/../..//hal/hcc/lib\libHCC.a
LOAD C:/ISIS/workspace/Taibeh/25.3.2020/satellite-subsystems/demo/../..//hal/hal/lib\libHAL.a
LOAD C:/ISIS/workspace/Taibeh/25.3.2020/satellite-subsystems/demo/../..//hal/freertos/lib\libFreeRTOS.a
LOAD C:/ISIS/workspace/Taibeh/25.3.2020/satellite-subsystems/demo/../..//hal/at91/lib\libAt91.a
START GROUP
LOAD c:/isis/application/toolchain/bin/../lib/gcc/arm-none-eabi/4.7.4\libgcc.a
LOAD c:/isis/application/toolchain/bin/../lib/gcc/arm-none-eabi/4.7.4/../../../../arm-none-eabi/lib\libc.a
END GROUP

.fixed          0x20000000    0x28338
                0x20000000                . = ALIGN (0x4)
                0x20000000                _sfixed = .
 *(.startup)
 .startup       0x20000000      0x134 C:/ISIS/workspace/Taibeh/25.3.2020/satellite-subsystems/demo/../..//hal/at91/lib\libAt91.a(board_cstartup.o)
                0x20000000                entry
 *(.text)
 .text          0x20000134       0x64 C:/ISIS/workspace/Taibeh/25.3.2020/satellite-subsystems/demo/../..//hal/at91/lib\libAt91.a(cp15_asm.o)
                0x20000134                _readControlRegister
                0x20000140                _writeControlRegister
                0x20000148                _waitForInterrupt
                0x20000154                _writeTTB
                0x2000015c                _writeDomain
                0x20000164                _writeITLBLockdown
                0x2000016c                _prefetchICacheLine
                0x20000174                _flushDCache
                0x20000180                _flushWriteBuffer
                0x2000018c                _invalidateIDTLBs
 .text          0x20000198      0x114 c:/isis/application/toolchain/bin/../lib/gcc/arm-none-eabi/4.7.4\libgcc.a(_udivsi3.o)
                0x20000198                __aeabi_uidiv
                0x20000198                __udivsi3
                0x2000028c                __aeabi_uidivmod
 .text          0x200002ac      0x148 c:/isis/application/toolchain/bin/../lib/gcc/arm-none-eabi/4.7.4\libgcc.a(_divsi3.o)
                0x200002ac                __divsi3
                0x200002ac                __aeabi_idiv
                0x200003d4                __aeabi_idivmod
 .text          0x200003f4        0x4 c:/isis/application/toolchain/bin/../lib/gcc/arm-none-eabi/4.7.4\libgcc.a(_dvmd_tls.o)
                0x200003f4                __aeabi_idiv0
                0x200003f4                __aeabi_ldiv0
 .text          0x200003f8      0x41c c:/isis/application/toolchain/bin/../lib/gcc/arm-none-eabi/4.7.4\libgcc.a(_arm_addsubdf3.o)
                0x200003f8                __aeabi_drsub
                0x20000400                __aeabi_dsub
                0x20000400                __subdf3
                0x20000404                __aeabi_dadd
                0x20000404                __adddf3
                0x20000714                __floatunsidf
                0x20000714                __aeabi_ui2d
                0x20000738                __floatsidf
                0x20000738                __aeabi_i2d
                0x20000760                __aeabi_f2d
                0x20000760                __extendsfdf2
                0x200007a0                __floatundidf
                0x200007a0                __aeabi_ul2d
                0x200007b4                __floatdidf
                0x200007b4                __aeabi_l2d
 .text          0x20000814      0x49c c:/isis/application/toolchain/bin/../lib/gcc/arm-none-eabi/4.7.4\libgcc.a(_arm_muldivdf3.o)
                0x20000814                __aeabi_dmul
                0x20000814                __muldf3
                0x20000aa4                __divdf3
                0x20000aa4                __aeabi_ddiv
 .text          0x20000cb0      0x144 c:/isis/application/toolchain/bin/../lib/gcc/arm-none-eabi/4.7.4\libgcc.a(_arm_cmpdf2.o)
                0x20000cb0                __gtdf2
                0x20000cb0                __gedf2
                0x20000cb8                __ltdf2
                0x20000cb8                __ledf2
                0x20000cc0                __nedf2
                0x20000cc0                __eqdf2
                0x20000cc0                __cmpdf2
                0x20000d48                __aeabi_cdrcmple
                0x20000d64                __aeabi_cdcmpeq
                0x20000d64                __aeabi_cdcmple
                0x20000d7c                __aeabi_dcmpeq
                0x20000d94                __aeabi_dcmplt
                0x20000dac                __aeabi_dcmple
                0x20000dc4                __aeabi_dcmpge
                0x20000ddc                __aeabi_dcmpgt
 .text          0x20000df4       0x5c c:/isis/application/toolchain/bin/../lib/gcc/arm-none-eabi/4.7.4\libgcc.a(_arm_fixdfsi.o)
                0x20000df4                __aeabi_d2iz
                0x20000df4                __fixdfsi
 .text          0x20000e50       0x54 c:/isis/application/toolchain/bin/../lib/gcc/arm-none-eabi/4.7.4\libgcc.a(_arm_fixunsdfsi.o)
                0x20000e50                __aeabi_d2uiz
                0x20000e50                __fixunsdfsi
 .text          0x20000ea4       0xa0 c:/isis/application/toolchain/bin/../lib/gcc/arm-none-eabi/4.7.4\libgcc.a(_arm_truncdfsf2.o)
                0x20000ea4                __truncdfsf2
                0x20000ea4                __aeabi_d2f
 .text          0x20000f44      0x2ac c:/isis/application/toolchain/bin/../lib/gcc/arm-none-eabi/4.7.4\libgcc.a(_arm_addsubsf3.o)
                0x20000f44                __aeabi_frsub
                0x20000f4c                __subsf3
                0x20000f4c                __aeabi_fsub
                0x20000f50                __aeabi_fadd
                0x20000f50                __addsf3
                0x2000110c                __aeabi_ui2f
                0x2000110c                __floatunsisf
                0x20001114                __aeabi_i2f
                0x20001114                __floatsisf
                0x20001134                __aeabi_ul2f
                0x20001134                __floatundisf
                0x20001144                __aeabi_l2f
                0x20001144                __floatdisf
 .text          0x200011f0      0x2f8 c:/isis/application/toolchain/bin/../lib/gcc/arm-none-eabi/4.7.4\libgcc.a(_arm_muldivsf3.o)
                0x200011f0                __mulsf3
                0x200011f0                __aeabi_fmul
                0x20001388                __aeabi_fdiv
                0x20001388                __divsf3
 .text          0x200014e8       0x3c c:/isis/application/toolchain/bin/../lib/gcc/arm-none-eabi/4.7.4\libgcc.a(_aeabi_uldivmod.o)
                0x200014e8                __aeabi_uldivmod
 .text          0x20001524       0x84 c:/isis/application/toolchain/bin/../lib/gcc/arm-none-eabi/4.7.4\libgcc.a(bpabi.o)
                0x20001524                __gnu_ldivmod_helper
                0x20001568                __gnu_uldivmod_helper
 .text          0x200015a8      0x4f0 c:/isis/application/toolchain/bin/../lib/gcc/arm-none-eabi/4.7.4\libgcc.a(_divdi3.o)
                0x200015a8                __divdi3
 .text          0x20001a98      0x488 c:/isis/application/toolchain/bin/../lib/gcc/arm-none-eabi/4.7.4\libgcc.a(_udivdi3.o)
                0x20001a98                __udivdi3
 .text          0x20001f20       0x48 c:/isis/application/toolchain/bin/../lib/gcc/arm-none-eabi/4.7.4\libgcc.a(_clzsi2.o)
                0x20001f20                __clzsi2
 *(.text*)
 .text.GomEPSdemoInit
                0x20001f68       0x40 ./src/Demos/GomEPSdemo.o
                0x20001f68                GomEPSdemoInit
 .text.GomEPSdemoLoop
                0x20001fa8     0x10ec ./src/Demos/GomEPSdemo.o
                0x20001fa8                GomEPSdemoLoop
 .text.GomEPSdemoMain
                0x20003094       0x1c ./src/Demos/GomEPSdemo.o
                0x20003094                GomEPSdemoMain
 .text.GomEPStest
                0x200030b0       0x10 ./src/Demos/GomEPSdemo.o
                0x200030b0                GomEPStest
 .text.printDeploymentStatus
                0x200030c0       0x38 ./src/Demos/IsisAntSdemo.o
 .text.getStatusAntSTest
                0x200030f8       0xe8 ./src/Demos/IsisAntSdemo.o
 .text.telemAntSTest
                0x200031e0      0x108 ./src/Demos/IsisAntSdemo.o
 .text.setARMStatus
                0x200032e8       0xdc ./src/Demos/IsisAntSdemo.o
 .text.autoDeploymentAntSTest
                0x200033c4       0xb0 ./src/Demos/IsisAntSdemo.o
 .text.manualDeploymentAntSTest
                0x20003474       0xf8 ./src/Demos/IsisAntSdemo.o
 .text.selectAndExecuteAntSDemoTest
                0x2000356c      0x350 ./src/Demos/IsisAntSdemo.o
                0x2000356c                selectAndExecuteAntSDemoTest
 .text.AntStest
                0x200038bc       0x64 ./src/Demos/IsisAntSdemo.o
                0x200038bc                AntStest
 .text.MTQv1test
                0x20003920       0xbc ./src/Demos/IsisMTQv1demo.o
                0x20003920                MTQv1test
 .text._parse_resp
                0x200039dc      0x120 ./src/Demos/IsisMTQv2demo.o
 .text._parse_selftest_step
                0x20003afc      0x388 ./src/Demos/IsisMTQv2demo.o
 .text._get_axis_inputs
                0x20003e84      0x180 ./src/Demos/IsisMTQv2demo.o
 .text._startSelfTest
                0x20004004      0x18c ./src/Demos/IsisMTQv2demo.o
 .text._getSelftestDataAllAxis
                0x20004190      0x174 ./src/Demos/IsisMTQv2demo.o
 .text.IsisMTQv2demoInit
                0x20004304       0x40 ./src/Demos/IsisMTQv2demo.o
                0x20004304                IsisMTQv2demoInit
 .text.IsisMTQv2demoLoop
                0x20004344     0x14ec ./src/Demos/IsisMTQv2demo.o
                0x20004344                IsisMTQv2demoLoop
 .text.IsisMTQv2demoMain
                0x20005830       0x1c ./src/Demos/IsisMTQv2demo.o
                0x20005830                IsisMTQv2demoMain
 .text.IsisMTQv2test
                0x2000584c       0x10 ./src/Demos/IsisMTQv2demo.o
                0x2000584c                IsisMTQv2test
 .text.SolarPaneltest
                0x2000585c      0x1bc ./src/Demos/IsisSPdemo.o
                0x2000585c                SolarPaneltest
 .text.SolarPanelv2_Temperature
                0x20005a18       0x9c ./src/Demos/IsisSPv2demo.o
                0x20005a18                SolarPanelv2_Temperature
 .text.selectAndExecuteSolarPanelsv2DemoTest
                0x20005ab4       0x6c ./src/Demos/IsisSPv2demo.o
                0x20005ab4                selectAndExecuteSolarPanelsv2DemoTest
 .text.SolarPanelsv2_mainDemo
                0x20005b20       0x14 ./src/Demos/IsisSPv2demo.o
                0x20005b20                SolarPanelsv2_mainDemo
 .text.SolarPanelv2test
                0x20005b34       0x44 ./src/Demos/IsisSPv2demo.o
                0x20005b34                SolarPanelv2test
 .text.TRXUVtest
                0x20005b78      0x82c ./src/Demos/IsisTRXUVdemo.o
                0x20005b78                TRXUVtest
 .text.vurc_revDInterruptCallback
                0x200063a4       0x38 ./src/Demos/IsisTRXVUdemo.o
 .text._WatchDogKickTask
                0x200063dc       0x2c ./src/Demos/IsisTRXVUdemo.o
 .text.IsisTRXVUdemoInit
                0x20006408       0xa4 ./src/Demos/IsisTRXVUdemo.o
                0x20006408                IsisTRXVUdemoInit
 .text.IsisTRXVUdemoLoop
                0x200064ac      0xe88 ./src/Demos/IsisTRXVUdemo.o
                0x200064ac                IsisTRXVUdemoLoop
 .text.IsisTRXVUdemoMain
                0x20007334       0x1c ./src/Demos/IsisTRXVUdemo.o
                0x20007334                IsisTRXVUdemoMain
 .text.TRXVUtest
                0x20007350       0x10 ./src/Demos/IsisTRXVUdemo.o
                0x20007350                TRXVUtest
 .text.IsisTxSdemoInit
                0x20007360       0x4c ./src/Demos/IsisTxSdemo.o
                0x20007360                IsisTxSdemoInit
 .text.IsisTxSdemoLoop
                0x200073ac      0x5d8 ./src/Demos/IsisTxSdemo.o
                0x200073ac                IsisTxSdemoLoop
 .text.IsisTxSdemoMain
                0x20007984       0x1c ./src/Demos/IsisTxSdemo.o
                0x20007984                IsisTxSdemoMain
 .text.TxStest  0x200079a0       0x10 ./src/Demos/IsisTxSdemo.o
                0x200079a0                TxStest
 .text.sendCommand
                0x200079b0       0x78 ./src/Demos/ScsGeckoDemo.o
                0x200079b0                sendCommand
 .text.print_res
                0x20007a28       0x50 ./src/Demos/ScsGeckoDemo.o
                0x20007a28                print_res
 .text.selectAndExecuteGeckoDemoTest
                0x20007a78      0x390 ./src/Demos/ScsGeckoDemo.o
                0x20007a78                selectAndExecuteGeckoDemoTest
 .text.ScsGeckoDemoLoop
                0x20007e08       0x14 ./src/Demos/ScsGeckoDemo.o
                0x20007e08                ScsGeckoDemoLoop
 .text.GeckoTest
                0x20007e1c       0x10 ./src/Demos/ScsGeckoDemo.o
                0x20007e1c                GeckoTest
 .text.ing_interact
                0x20007e2c      0x230 ./src/Demos/common.o
                0x20007e2c                ing_interact
 .text.ing_parse
                0x2000805c      0x448 ./src/Demos/common.o
                0x2000805c                ing_parse
 .text.ing      0x200084a4       0x5c ./src/Demos/common.o
                0x200084a4                ing
 .text.config_param_info
                0x20008500      0x740 ./src/Demos/common.o
                0x20008500                config_param_info
 .text.print_error
                0x20008c40       0x14 ./src/Demos/common.o
                0x20008c40                print_error
 .text.cspaceADCSdemoInit
                0x20008c54       0x40 ./src/Demos/cspaceADCSdemo.o
                0x20008c54                cspaceADCSdemoInit
 .text.cspaceADCSdemoLoop
                0x20008c94     0x17f0 ./src/Demos/cspaceADCSdemo.o
                0x20008c94                cspaceADCSdemoLoop
 .text.cspaceADCSdemoMain
                0x2000a484       0x1c ./src/Demos/cspaceADCSdemo.o
                0x2000a484                cspaceADCSdemoMain
 .text.cspaceADCStest
                0x2000a4a0       0x10 ./src/Demos/cspaceADCSdemo.o
                0x2000a4a0                cspaceADCStest
 .text._GetInput
                0x2000a4b0       0x84 ./src/Demos/input.o
 .text.INPUT_GetINT8
                0x2000a534       0x98 ./src/Demos/input.o
                0x2000a534                INPUT_GetINT8
 .text._print_eps_respone
                0x2000a5cc       0x80 ./src/Demos/isis_eps_demo.o
 .text.isis_eps__demo__init
                0x2000a64c       0x90 ./src/Demos/isis_eps_demo.o
                0x2000a64c                isis_eps__demo__init
 .text.isis_eps__demo__loop
                0x2000a6dc      0xbbc ./src/Demos/isis_eps_demo.o
                0x2000a6dc                isis_eps__demo__loop
 .text.isis_eps__demo__main
                0x2000b298       0x1c ./src/Demos/isis_eps_demo.o
                0x2000b298                isis_eps__demo__main
 .text.isis_eps__test
                0x2000b2b4        0x4 ./src/Demos/isis_eps_demo.o
                0x2000b2b4                isis_eps__test
 .text._Handler
                0x2000b2b8       0x24 ./src/Demos/trxvu_frame_ready.o
 .text.TRXVU_FR_Enable
                0x2000b2dc       0x44 ./src/Demos/trxvu_frame_ready.o
                0x2000b2dc                TRXVU_FR_Enable
 .text.TRXVU_FR_Disable
                0x2000b320        0xc ./src/Demos/trxvu_frame_ready.o
                0x2000b320                TRXVU_FR_Disable
 .text.TRXVU_FR_IsReady
                0x2000b32c       0x14 ./src/Demos/trxvu_frame_ready.o
                0x2000b32c                TRXVU_FR_IsReady
 .text.selectAndExecuteTest
                0x2000b340      0x1d0 ./src/main.o
                0x2000b340                selectAndExecuteTest
 .text.taskMain
                0x2000b510       0x38 ./src/main.o
                0x2000b510                taskMain
 .text.startup.main
                0x2000b548      0x188 ./src/main.o
                0x2000b548                main
 .text.makeEPStransfer.isra.0
                0x2000b6d0       0x1c C:/ISIS/workspace/Taibeh/25.3.2020/satellite-subsystems/demo/..//satellite-subsystems/lib\libSatelliteSubsystems.a(GomEPS.o)
 .text.GomEpsInitialize
                0x2000b6ec       0x98 C:/ISIS/workspace/Taibeh/25.3.2020/satellite-subsystems/demo/..//satellite-subsystems/lib\libSatelliteSubsystems.a(GomEPS.o)
                0x2000b6ec                GomEpsInitialize
 .text.GomEpsSoftReset
                0x2000b784       0x7c C:/ISIS/workspace/Taibeh/25.3.2020/satellite-subsystems/demo/..//satellite-subsystems/lib\libSatelliteSubsystems.a(GomEPS.o)
                0x2000b784                GomEpsSoftReset
 .text.GomEpsHardReset
                0x2000b800       0x6c C:/ISIS/workspace/Taibeh/25.3.2020/satellite-subsystems/demo/..//satellite-subsystems/lib\libSatelliteSubsystems.a(GomEPS.o)
                0x2000b800                GomEpsHardReset
 .text.GomEpsGetHkData_param
                0x2000b86c       0xe4 C:/ISIS/workspace/Taibeh/25.3.2020/satellite-subsystems/demo/..//satellite-subsystems/lib\libSatelliteSubsystems.a(GomEPS.o)
                0x2000b86c                GomEpsGetHkData_param
 .text.GomEpsGetHkData_general
                0x2000b950      0x164 C:/ISIS/workspace/Taibeh/25.3.2020/satellite-subsystems/demo/..//satellite-subsystems/lib\libSatelliteSubsystems.a(GomEPS.o)
                0x2000b950                GomEpsGetHkData_general
 .text.GomEpsGetHkData_vi
                0x2000bab4       0xb8 C:/ISIS/workspace/Taibeh/25.3.2020/satellite-subsystems/demo/..//satellite-subsystems/lib\libSatelliteSubsystems.a(GomEPS.o)
                0x2000bab4                GomEpsGetHkData_vi
 .text.GomEpsGetHkData_out
                0x2000bb6c       0xdc C:/ISIS/workspace/Taibeh/25.3.2020/satellite-subsystems/demo/..//satellite-subsystems/lib\libSatelliteSubsystems.a(GomEPS.o)
                0x2000bb6c                GomEpsGetHkData_out
 .text.GomEpsGetHkData_wdt
                0x2000bc48      0x104 C:/ISIS/workspace/Taibeh/25.3.2020/satellite-subsystems/demo/..//satellite-subsystems/lib\libSatelliteSubsystems.a(GomEPS.o)
                0x2000bc48                GomEpsGetHkData_wdt
 .text.GomEpsGetHkData_basic
                0x2000bd4c       0xd4 C:/ISIS/workspace/Taibeh/25.3.2020/satellite-subsystems/demo/..//satellite-subsystems/lib\libSatelliteSubsystems.a(GomEPS.o)
                0x2000bd4c                GomEpsGetHkData_basic
 .text.GomEpsSetOutput
                0x2000be20       0x74 C:/ISIS/workspace/Taibeh/25.3.2020/satellite-subsystems/demo/..//satellite-subsystems/lib\libSatelliteSubsystems.a(GomEPS.o)
                0x2000be20                GomEpsSetOutput
 .text.GomEpsSetSingleOutput
                0x2000be94       0x80 C:/ISIS/workspace/Taibeh/25.3.2020/satellite-subsystems/demo/..//satellite-subsystems/lib\libSatelliteSubsystems.a(GomEPS.o)
                0x2000be94                GomEpsSetSingleOutput
 .text.checkInputsValid
                0x2000bf14       0x2c C:/ISIS/workspace/Taibeh/25.3.2020/satellite-subsystems/demo/..//satellite-subsystems/lib\libSatelliteSubsystems.a(IsisAntS.o)
 .text.makeAntStransfer.isra.0
                0x2000bf40       0x1c C:/ISIS/workspace/Taibeh/25.3.2020/satellite-subsystems/demo/..//satellite-subsystems/lib\libSatelliteSubsystems.a(IsisAntS.o)
 .text.IsisAntS_initialize
                0x2000bf5c      0x104 C:/ISIS/workspace/Taibeh/25.3.2020/satellite-subsystems/demo/..//satellite-subsystems/lib\libSatelliteSubsystems.a(IsisAntS.o)
                0x2000bf5c                IsisAntS_initialize
 .text.IsisAntS_setArmStatus
                0x2000c060       0x74 C:/ISIS/workspace/Taibeh/25.3.2020/satellite-subsystems/demo/..//satellite-subsystems/lib\libSatelliteSubsystems.a(IsisAntS.o)
                0x2000c060                IsisAntS_setArmStatus
 .text.IsisAntS_attemptDeployment
                0x2000c0d4       0xa8 C:/ISIS/workspace/Taibeh/25.3.2020/satellite-subsystems/demo/..//satellite-subsystems/lib\libSatelliteSubsystems.a(IsisAntS.o)
                0x2000c0d4                IsisAntS_attemptDeployment
 .text.IsisAntS_getStatusData
                0x2000c17c       0x90 C:/ISIS/workspace/Taibeh/25.3.2020/satellite-subsystems/demo/..//satellite-subsystems/lib\libSatelliteSubsystems.a(IsisAntS.o)
                0x2000c17c                IsisAntS_getStatusData
 .text.IsisAntS_getTemperature
                0x2000c20c       0x90 C:/ISIS/workspace/Taibeh/25.3.2020/satellite-subsystems/demo/..//satellite-subsystems/lib\libSatelliteSubsystems.a(IsisAntS.o)
                0x2000c20c                IsisAntS_getTemperature
 .text.IsisAntS_getUptime
                0x2000c29c       0x90 C:/ISIS/workspace/Taibeh/25.3.2020/satellite-subsystems/demo/..//satellite-subsystems/lib\libSatelliteSubsystems.a(IsisAntS.o)
                0x2000c29c                IsisAntS_getUptime
 .text.IsisAntS_getAlltelemetry
                0x2000c32c       0x90 C:/ISIS/workspace/Taibeh/25.3.2020/satellite-subsystems/demo/..//satellite-subsystems/lib\libSatelliteSubsystems.a(IsisAntS.o)
                0x2000c32c                IsisAntS_getAlltelemetry
 .text.IsisAntS_reset
                0x2000c3bc       0x78 C:/ISIS/workspace/Taibeh/25.3.2020/satellite-subsystems/demo/..//satellite-subsystems/lib\libSatelliteSubsystems.a(IsisAntS.o)
                0x2000c3bc                IsisAntS_reset
 .text.IsisAntS_autoDeployment
                0x2000c434       0x7c C:/ISIS/workspace/Taibeh/25.3.2020/satellite-subsystems/demo/..//satellite-subsystems/lib\libSatelliteSubsystems.a(IsisAntS.o)
                0x2000c434                IsisAntS_autoDeployment
 .text.isisMTQv1_initialize
                0x2000c4b0       0xc0 C:/ISIS/workspace/Taibeh/25.3.2020/satellite-subsystems/demo/..//satellite-subsystems/lib\libSatelliteSubsystems.a(IsisMTQv1.o)
                0x2000c4b0                isisMTQv1_initialize
 .text.IsisMTQv1GetTemperature
                0x2000c570       0x7c C:/ISIS/workspace/Taibeh/25.3.2020/satellite-subsystems/demo/..//satellite-subsystems/lib\libSatelliteSubsystems.a(IsisMTQv1.o)
                0x2000c570                IsisMTQv1GetTemperature
 .text._make_isisMTQtransfer.isra.0
                0x2000c5ec       0x1c C:/ISIS/workspace/Taibeh/25.3.2020/satellite-subsystems/demo/..//satellite-subsystems/lib\libSatelliteSubsystems.a(IsisMTQv2.o)
 .text.IsisMTQv2_initialize
                0x2000c608       0xc0 C:/ISIS/workspace/Taibeh/25.3.2020/satellite-subsystems/demo/..//satellite-subsystems/lib\libSatelliteSubsystems.a(IsisMTQv2.o)
                0x2000c608                IsisMTQv2_initialize
 .text.IsisMTQv2_softReset
                0x2000c6c8       0x7c C:/ISIS/workspace/Taibeh/25.3.2020/satellite-subsystems/demo/..//satellite-subsystems/lib\libSatelliteSubsystems.a(IsisMTQv2.o)
                0x2000c6c8                IsisMTQv2_softReset
 .text.IsisMTQv2_noOperation
                0x2000c744       0x68 C:/ISIS/workspace/Taibeh/25.3.2020/satellite-subsystems/demo/..//satellite-subsystems/lib\libSatelliteSubsystems.a(IsisMTQv2.o)
                0x2000c744                IsisMTQv2_noOperation
 .text.IsisMTQv2_cancelOperation
                0x2000c7ac       0x6c C:/ISIS/workspace/Taibeh/25.3.2020/satellite-subsystems/demo/..//satellite-subsystems/lib\libSatelliteSubsystems.a(IsisMTQv2.o)
                0x2000c7ac                IsisMTQv2_cancelOperation
 .text.IsisMTQv2_startMTMMeasurement
                0x2000c818       0x6c C:/ISIS/workspace/Taibeh/25.3.2020/satellite-subsystems/demo/..//satellite-subsystems/lib\libSatelliteSubsystems.a(IsisMTQv2.o)
                0x2000c818                IsisMTQv2_startMTMMeasurement
 .text.IsisMTQv2_startMTQActuationCurrent
                0x2000c884       0x80 C:/ISIS/workspace/Taibeh/25.3.2020/satellite-subsystems/demo/..//satellite-subsystems/lib\libSatelliteSubsystems.a(IsisMTQv2.o)
                0x2000c884                IsisMTQv2_startMTQActuationCurrent
 .text.IsisMTQv2_startMTQActuationDipole
                0x2000c904       0x80 C:/ISIS/workspace/Taibeh/25.3.2020/satellite-subsystems/demo/..//satellite-subsystems/lib\libSatelliteSubsystems.a(IsisMTQv2.o)
                0x2000c904                IsisMTQv2_startMTQActuationDipole
 .text.IsisMTQv2_startMTQActuationPWM
                0x2000c984       0x80 C:/ISIS/workspace/Taibeh/25.3.2020/satellite-subsystems/demo/..//satellite-subsystems/lib\libSatelliteSubsystems.a(IsisMTQv2.o)
                0x2000c984                IsisMTQv2_startMTQActuationPWM
 .text.IsisMTQv2_startSelfTest
                0x2000ca04       0x6c C:/ISIS/workspace/Taibeh/25.3.2020/satellite-subsystems/demo/..//satellite-subsystems/lib\libSatelliteSubsystems.a(IsisMTQv2.o)
                0x2000ca04                IsisMTQv2_startSelfTest
 .text.IsisMTQv2_startDetumble
                0x2000ca70       0x80 C:/ISIS/workspace/Taibeh/25.3.2020/satellite-subsystems/demo/..//satellite-subsystems/lib\libSatelliteSubsystems.a(IsisMTQv2.o)
                0x2000ca70                IsisMTQv2_startDetumble
 .text.IsisMTQv2_getSystemState
                0x2000caf0       0xb8 C:/ISIS/workspace/Taibeh/25.3.2020/satellite-subsystems/demo/..//satellite-subsystems/lib\libSatelliteSubsystems.a(IsisMTQv2.o)
                0x2000caf0                IsisMTQv2_getSystemState
 .text.IsisMTQv2_getRawMTMData
                0x2000cba8       0xb8 C:/ISIS/workspace/Taibeh/25.3.2020/satellite-subsystems/demo/..//satellite-subsystems/lib\libSatelliteSubsystems.a(IsisMTQv2.o)
                0x2000cba8                IsisMTQv2_getRawMTMData
 .text.IsisMTQv2_getCalMTMData
                0x2000cc60       0xb8 C:/ISIS/workspace/Taibeh/25.3.2020/satellite-subsystems/demo/..//satellite-subsystems/lib\libSatelliteSubsystems.a(IsisMTQv2.o)
                0x2000cc60                IsisMTQv2_getCalMTMData
 .text.IsisMTQv2_getCoilCurrent
                0x2000cd18       0xb0 C:/ISIS/workspace/Taibeh/25.3.2020/satellite-subsystems/demo/..//satellite-subsystems/lib\libSatelliteSubsystems.a(IsisMTQv2.o)
                0x2000cd18                IsisMTQv2_getCoilCurrent
 .text.IsisMTQv2_getCoilTemperature
                0x2000cdc8       0xb0 C:/ISIS/workspace/Taibeh/25.3.2020/satellite-subsystems/demo/..//satellite-subsystems/lib\libSatelliteSubsystems.a(IsisMTQv2.o)
                0x2000cdc8                IsisMTQv2_getCoilTemperature
 .text.IsisMTQv2_getCmdActuationDipole
                0x2000ce78       0xb0 C:/ISIS/workspace/Taibeh/25.3.2020/satellite-subsystems/demo/..//satellite-subsystems/lib\libSatelliteSubsystems.a(IsisMTQv2.o)
                0x2000ce78                IsisMTQv2_getCmdActuationDipole
 .text.IsisMTQv2_getSelftestDataSingleAxis
                0x2000cf28      0x104 C:/ISIS/workspace/Taibeh/25.3.2020/satellite-subsystems/demo/..//satellite-subsystems/lib\libSatelliteSubsystems.a(IsisMTQv2.o)
                0x2000cf28                IsisMTQv2_getSelftestDataSingleAxis
 .text.IsisMTQv2_getSelftestDataAllAxis
                0x2000d02c      0x1dc C:/ISIS/workspace/Taibeh/25.3.2020/satellite-subsystems/demo/..//satellite-subsystems/lib\libSatelliteSubsystems.a(IsisMTQv2.o)
                0x2000d02c                IsisMTQv2_getSelftestDataAllAxis
 .text.IsisMTQv2_getDetumbleData
                0x2000d208       0xb8 C:/ISIS/workspace/Taibeh/25.3.2020/satellite-subsystems/demo/..//satellite-subsystems/lib\libSatelliteSubsystems.a(IsisMTQv2.o)
                0x2000d208                IsisMTQv2_getDetumbleData
 .text.IsisMTQv2_getRawHKData
                0x2000d2c0       0xb8 C:/ISIS/workspace/Taibeh/25.3.2020/satellite-subsystems/demo/..//satellite-subsystems/lib\libSatelliteSubsystems.a(IsisMTQv2.o)
                0x2000d2c0                IsisMTQv2_getRawHKData
 .text.IsisMTQv2_getEngHKData
                0x2000d378       0xb8 C:/ISIS/workspace/Taibeh/25.3.2020/satellite-subsystems/demo/..//satellite-subsystems/lib\libSatelliteSubsystems.a(IsisMTQv2.o)
                0x2000d378                IsisMTQv2_getEngHKData
 .text.IsisMTQv2_getParSize
                0x2000d430       0x74 C:/ISIS/workspace/Taibeh/25.3.2020/satellite-subsystems/demo/..//satellite-subsystems/lib\libSatelliteSubsystems.a(IsisMTQv2.o)
                0x2000d430                IsisMTQv2_getParSize
 .text.IsisMTQv2_getParameter
                0x2000d4a4      0x13c C:/ISIS/workspace/Taibeh/25.3.2020/satellite-subsystems/demo/..//satellite-subsystems/lib\libSatelliteSubsystems.a(IsisMTQv2.o)
                0x2000d4a4                IsisMTQv2_getParameter
 .text.IsisMTQv2_setParameter
                0x2000d5e0      0x158 C:/ISIS/workspace/Taibeh/25.3.2020/satellite-subsystems/demo/..//satellite-subsystems/lib\libSatelliteSubsystems.a(IsisMTQv2.o)
                0x2000d5e0                IsisMTQv2_setParameter
 .text.IsisMTQv2_resetParameter
                0x2000d738      0x13c C:/ISIS/workspace/Taibeh/25.3.2020/satellite-subsystems/demo/..//satellite-subsystems/lib\libSatelliteSubsystems.a(IsisMTQv2.o)
                0x2000d738                IsisMTQv2_resetParameter
 .text.IsisSolarPanel_getTemperature
                0x2000d874       0x60 C:/ISIS/workspace/Taibeh/25.3.2020/satellite-subsystems/demo/..//satellite-subsystems/lib\libSatelliteSubsystems.a(IsisSolarPanel.o)
                0x2000d874                IsisSolarPanel_getTemperature
 .text._WaitForStartup
                0x2000d8d4       0x60 C:/ISIS/workspace/Taibeh/25.3.2020/satellite-subsystems/demo/..//satellite-subsystems/lib\libSatelliteSubsystems.a(IsisSolarPanelv2.o)
 .text._SpiWriteRead.constprop.0
                0x2000d934       0x38 C:/ISIS/workspace/Taibeh/25.3.2020/satellite-subsystems/demo/..//satellite-subsystems/lib\libSatelliteSubsystems.a(IsisSolarPanelv2.o)
 .text._AssignAllChannels
                0x2000d96c       0x84 C:/ISIS/workspace/Taibeh/25.3.2020/satellite-subsystems/demo/..//satellite-subsystems/lib\libSatelliteSubsystems.a(IsisSolarPanelv2.o)
 .text.IsisSolarPanelv2_initialize
                0x2000d9f0       0x88 C:/ISIS/workspace/Taibeh/25.3.2020/satellite-subsystems/demo/..//satellite-subsystems/lib\libSatelliteSubsystems.a(IsisSolarPanelv2.o)
                0x2000d9f0                IsisSolarPanelv2_initialize
 .text.IsisSolarPanelv2_getTemperature
                0x2000da78      0x180 C:/ISIS/workspace/Taibeh/25.3.2020/satellite-subsystems/demo/..//satellite-subsystems/lib\libSatelliteSubsystems.a(IsisSolarPanelv2.o)
                0x2000da78                IsisSolarPanelv2_getTemperature
 .text.IsisSolarPanelv2_sleep
                0x2000dbf8       0x50 C:/ISIS/workspace/Taibeh/25.3.2020/satellite-subsystems/demo/..//satellite-subsystems/lib\libSatelliteSubsystems.a(IsisSolarPanelv2.o)
                0x2000dbf8                IsisSolarPanelv2_sleep
 .text.IsisSolarPanelv2_wakeup
                0x2000dc48       0x54 C:/ISIS/workspace/Taibeh/25.3.2020/satellite-subsystems/demo/..//satellite-subsystems/lib\libSatelliteSubsystems.a(IsisSolarPanelv2.o)
                0x2000dc48                IsisSolarPanelv2_wakeup
 .text.makeTRXUVtransfer.isra.0
                0x2000dc9c       0x1c C:/ISIS/workspace/Taibeh/25.3.2020/satellite-subsystems/demo/..//satellite-subsystems/lib\libSatelliteSubsystems.a(IsisTRXUV.o)
 .text.IsisTrxuv_initialize
                0x2000dcb8      0x140 C:/ISIS/workspace/Taibeh/25.3.2020/satellite-subsystems/demo/..//satellite-subsystems/lib\libSatelliteSubsystems.a(IsisTRXUV.o)
                0x2000dcb8                IsisTrxuv_initialize
 .text.IsisTrxuv_componentReset
                0x2000ddf8       0x3c C:/ISIS/workspace/Taibeh/25.3.2020/satellite-subsystems/demo/..//satellite-subsystems/lib\libSatelliteSubsystems.a(IsisTRXUV.o)
                0x2000ddf8                IsisTrxuv_componentReset
 .text.IsisTrxuv_reset
                0x2000de34       0x30 C:/ISIS/workspace/Taibeh/25.3.2020/satellite-subsystems/demo/..//satellite-subsystems/lib\libSatelliteSubsystems.a(IsisTRXUV.o)
                0x2000de34                IsisTrxuv_reset
 .text.IsisTrxuv_itcSendAX25DefClSign
                0x2000de64       0x78 C:/ISIS/workspace/Taibeh/25.3.2020/satellite-subsystems/demo/..//satellite-subsystems/lib\libSatelliteSubsystems.a(IsisTRXUV.o)
                0x2000de64                IsisTrxuv_itcSendAX25DefClSign
 .text.IsisTrxuv_itcSendCwMessage
                0x2000dedc       0xe4 C:/ISIS/workspace/Taibeh/25.3.2020/satellite-subsystems/demo/..//satellite-subsystems/lib\libSatelliteSubsystems.a(IsisTRXUV.o)
                0x2000dedc                IsisTrxuv_itcSendCwMessage
 .text.IsisTrxuv_itcSetIdlestate
                0x2000dfc0       0x5c C:/ISIS/workspace/Taibeh/25.3.2020/satellite-subsystems/demo/..//satellite-subsystems/lib\libSatelliteSubsystems.a(IsisTRXUV.o)
                0x2000dfc0                IsisTrxuv_itcSetIdlestate
 .text.IsisTrxuv_itcSetAx25Bitrate
                0x2000e01c       0x60 C:/ISIS/workspace/Taibeh/25.3.2020/satellite-subsystems/demo/..//satellite-subsystems/lib\libSatelliteSubsystems.a(IsisTRXUV.o)
                0x2000e01c                IsisTrxuv_itcSetAx25Bitrate
 .text.IsisTrxuv_imcGetFrameCount
                0x2000e07c       0x64 C:/ISIS/workspace/Taibeh/25.3.2020/satellite-subsystems/demo/..//satellite-subsystems/lib\libSatelliteSubsystems.a(IsisTRXUV.o)
                0x2000e07c                IsisTrxuv_imcGetFrameCount
 .text.IsisTrxuv_imcGetCommandFrame
                0x2000e0e0      0x178 C:/ISIS/workspace/Taibeh/25.3.2020/satellite-subsystems/demo/..//satellite-subsystems/lib\libSatelliteSubsystems.a(IsisTRXUV.o)
                0x2000e0e0                IsisTrxuv_imcGetCommandFrame
 .text.IsisTrxuv_imcGetTelemetryAll
                0x2000e258       0x94 C:/ISIS/workspace/Taibeh/25.3.2020/satellite-subsystems/demo/..//satellite-subsystems/lib\libSatelliteSubsystems.a(IsisTRXUV.o)
                0x2000e258                IsisTrxuv_imcGetTelemetryAll
 .text.makeTRXVUtransfer.isra.0
                0x2000e2ec       0x1c C:/ISIS/workspace/Taibeh/25.3.2020/satellite-subsystems/demo/..//satellite-subsystems/lib\libSatelliteSubsystems.a(IsisTRXVU.o)
 .text.IsisTrxvu_initialize
                0x2000e308      0x134 C:/ISIS/workspace/Taibeh/25.3.2020/satellite-subsystems/demo/..//satellite-subsystems/lib\libSatelliteSubsystems.a(IsisTRXVU.o)
                0x2000e308                IsisTrxvu_initialize
 .text.IsisTrxvu_componentSoftReset
                0x2000e43c       0x34 C:/ISIS/workspace/Taibeh/25.3.2020/satellite-subsystems/demo/..//satellite-subsystems/lib\libSatelliteSubsystems.a(IsisTRXVU.o)
                0x2000e43c                IsisTrxvu_componentSoftReset
 .text.IsisTrxvu_componentHardReset
                0x2000e470       0x70 C:/ISIS/workspace/Taibeh/25.3.2020/satellite-subsystems/demo/..//satellite-subsystems/lib\libSatelliteSubsystems.a(IsisTRXVU.o)
                0x2000e470                IsisTrxvu_componentHardReset
 .text.IsisTrxvu_tcSendAX25DefClSign
                0x2000e4e0       0x70 C:/ISIS/workspace/Taibeh/25.3.2020/satellite-subsystems/demo/..//satellite-subsystems/lib\libSatelliteSubsystems.a(IsisTRXVU.o)
                0x2000e4e0                IsisTrxvu_tcSendAX25DefClSign
 .text.IsisTrxvu_tcSetIdlestate
                0x2000e550       0x54 C:/ISIS/workspace/Taibeh/25.3.2020/satellite-subsystems/demo/..//satellite-subsystems/lib\libSatelliteSubsystems.a(IsisTRXVU.o)
                0x2000e550                IsisTrxvu_tcSetIdlestate
 .text.IsisTrxvu_tcSetAx25Bitrate
                0x2000e5a4       0x7c C:/ISIS/workspace/Taibeh/25.3.2020/satellite-subsystems/demo/..//satellite-subsystems/lib\libSatelliteSubsystems.a(IsisTRXVU.o)
                0x2000e5a4                IsisTrxvu_tcSetAx25Bitrate
 .text.IsisTrxvu_tcGetUptime
                0x2000e620       0x60 C:/ISIS/workspace/Taibeh/25.3.2020/satellite-subsystems/demo/..//satellite-subsystems/lib\libSatelliteSubsystems.a(IsisTRXVU.o)
                0x2000e620                IsisTrxvu_tcGetUptime
 .text.IsisTrxvu_tcGetTelemetryAll
                0x2000e680       0x80 C:/ISIS/workspace/Taibeh/25.3.2020/satellite-subsystems/demo/..//satellite-subsystems/lib\libSatelliteSubsystems.a(IsisTRXVU.o)
                0x2000e680                IsisTrxvu_tcGetTelemetryAll
 .text.IsisTrxvu_tcGetTelemetryAll_revC
                0x2000e700       0x80 C:/ISIS/workspace/Taibeh/25.3.2020/satellite-subsystems/demo/..//satellite-subsystems/lib\libSatelliteSubsystems.a(IsisTRXVU.o)
                0x2000e700                IsisTrxvu_tcGetTelemetryAll_revC
 .text.IsisTrxvu_rcGetFrameCount
                0x2000e780       0x5c C:/ISIS/workspace/Taibeh/25.3.2020/satellite-subsystems/demo/..//satellite-subsystems/lib\libSatelliteSubsystems.a(IsisTRXVU.o)
                0x2000e780                IsisTrxvu_rcGetFrameCount
 .text.IsisTrxvu_rcGetCommandFrame
                0x2000e7dc      0x19c C:/ISIS/workspace/Taibeh/25.3.2020/satellite-subsystems/demo/..//satellite-subsystems/lib\libSatelliteSubsystems.a(IsisTRXVU.o)
                0x2000e7dc                IsisTrxvu_rcGetCommandFrame
 .text.IsisTrxvu_rcGetTelemetryAll
                0x2000e978       0x7c C:/ISIS/workspace/Taibeh/25.3.2020/satellite-subsystems/demo/..//satellite-subsystems/lib\libSatelliteSubsystems.a(IsisTRXVU.o)
                0x2000e978                IsisTrxvu_rcGetTelemetryAll
 .text.IsisTrxvu_rcGetTelemetryAll_revC
                0x2000e9f4       0x8c C:/ISIS/workspace/Taibeh/25.3.2020/satellite-subsystems/demo/..//satellite-subsystems/lib\libSatelliteSubsystems.a(IsisTRXVU.o)
                0x2000e9f4                IsisTrxvu_rcGetTelemetryAll_revC
 .text.makeTxStransfer.isra.0
                0x2000ea80       0x1c C:/ISIS/workspace/Taibeh/25.3.2020/satellite-subsystems/demo/..//satellite-subsystems/lib\libSatelliteSubsystems.a(IsisTxS.o)
 .text.IsisTxsInitialize
                0x2000ea9c       0x8c C:/ISIS/workspace/Taibeh/25.3.2020/satellite-subsystems/demo/..//satellite-subsystems/lib\libSatelliteSubsystems.a(IsisTxS.o)
                0x2000ea9c                IsisTxsInitialize
 .text.IsisTxsSetModulatorAttenuator
                0x2000eb28       0x84 C:/ISIS/workspace/Taibeh/25.3.2020/satellite-subsystems/demo/..//satellite-subsystems/lib\libSatelliteSubsystems.a(IsisTxS.o)
                0x2000eb28                IsisTxsSetModulatorAttenuator
 .text.IsisTxsSetAx25Bitrate
                0x2000ebac       0x88 C:/ISIS/workspace/Taibeh/25.3.2020/satellite-subsystems/demo/..//satellite-subsystems/lib\libSatelliteSubsystems.a(IsisTxS.o)
                0x2000ebac                IsisTxsSetAx25Bitrate
 .text.IsisTxsSetState
                0x2000ec34       0x80 C:/ISIS/workspace/Taibeh/25.3.2020/satellite-subsystems/demo/..//satellite-subsystems/lib\libSatelliteSubsystems.a(IsisTxS.o)
                0x2000ec34                IsisTxsSetState
 .text.IsisTxsReset
                0x2000ecb4       0x70 C:/ISIS/workspace/Taibeh/25.3.2020/satellite-subsystems/demo/..//satellite-subsystems/lib\libSatelliteSubsystems.a(IsisTxS.o)
                0x2000ecb4                IsisTxsReset
 .text.IsisTxsSendAX25DefClSign
                0x2000ed24       0xec C:/ISIS/workspace/Taibeh/25.3.2020/satellite-subsystems/demo/..//satellite-subsystems/lib\libSatelliteSubsystems.a(IsisTxS.o)
                0x2000ed24                IsisTxsSendAX25DefClSign
 .text.IsisTxsGetHousekeepingData
                0x2000ee10       0x80 C:/ISIS/workspace/Taibeh/25.3.2020/satellite-subsystems/demo/..//satellite-subsystems/lib\libSatelliteSubsystems.a(IsisTxS.o)
                0x2000ee10                IsisTxsGetHousekeepingData
 .text.make_cspaceADCStransfer
                0x2000ee90      0x128 C:/ISIS/workspace/Taibeh/25.3.2020/satellite-subsystems/demo/..//satellite-subsystems/lib\libSatelliteSubsystems.a(cspaceADCS.o)
 .text.cspaceADCS_initialize
                0x2000efb8       0xc0 C:/ISIS/workspace/Taibeh/25.3.2020/satellite-subsystems/demo/..//satellite-subsystems/lib\libSatelliteSubsystems.a(cspaceADCS.o)
                0x2000efb8                cspaceADCS_initialize
 .text.cspaceADCS_componentReset
                0x2000f078       0x74 C:/ISIS/workspace/Taibeh/25.3.2020/satellite-subsystems/demo/..//satellite-subsystems/lib\libSatelliteSubsystems.a(cspaceADCS.o)
                0x2000f078                cspaceADCS_componentReset
 .text.cspaceADCS_setCurrentTime
                0x2000f0ec       0x84 C:/ISIS/workspace/Taibeh/25.3.2020/satellite-subsystems/demo/..//satellite-subsystems/lib\libSatelliteSubsystems.a(cspaceADCS.o)
                0x2000f0ec                cspaceADCS_setCurrentTime
 .text.cspaceADCS_setRunMode
                0x2000f170       0x70 C:/ISIS/workspace/Taibeh/25.3.2020/satellite-subsystems/demo/..//satellite-subsystems/lib\libSatelliteSubsystems.a(cspaceADCS.o)
                0x2000f170                cspaceADCS_setRunMode
 .text.cspaceADCS_setPwrCtrlDevice
                0x2000f1e0       0x84 C:/ISIS/workspace/Taibeh/25.3.2020/satellite-subsystems/demo/..//satellite-subsystems/lib\libSatelliteSubsystems.a(cspaceADCS.o)
                0x2000f1e0                cspaceADCS_setPwrCtrlDevice
 .text.cspaceADCS_setMagOutput
                0x2000f264       0x84 C:/ISIS/workspace/Taibeh/25.3.2020/satellite-subsystems/demo/..//satellite-subsystems/lib\libSatelliteSubsystems.a(cspaceADCS.o)
                0x2000f264                cspaceADCS_setMagOutput
 .text.cspaceADCS_setWheelSpeed
                0x2000f2e8       0x84 C:/ISIS/workspace/Taibeh/25.3.2020/satellite-subsystems/demo/..//satellite-subsystems/lib\libSatelliteSubsystems.a(cspaceADCS.o)
                0x2000f2e8                cspaceADCS_setWheelSpeed
 .text.cspaceADCS_getGeneralInfo
                0x2000f36c       0x80 C:/ISIS/workspace/Taibeh/25.3.2020/satellite-subsystems/demo/..//satellite-subsystems/lib\libSatelliteSubsystems.a(cspaceADCS.o)
                0x2000f36c                cspaceADCS_getGeneralInfo
 .text.cspaceADCS_getCurrentTime
                0x2000f3ec       0x80 C:/ISIS/workspace/Taibeh/25.3.2020/satellite-subsystems/demo/..//satellite-subsystems/lib\libSatelliteSubsystems.a(cspaceADCS.o)
                0x2000f3ec                cspaceADCS_getCurrentTime
 .text.cspaceADCS_getCommStatus
                0x2000f46c       0x80 C:/ISIS/workspace/Taibeh/25.3.2020/satellite-subsystems/demo/..//satellite-subsystems/lib\libSatelliteSubsystems.a(cspaceADCS.o)
                0x2000f46c                cspaceADCS_getCommStatus
 .text.cspaceADCS_getCurrentState
                0x2000f4ec       0x80 C:/ISIS/workspace/Taibeh/25.3.2020/satellite-subsystems/demo/..//satellite-subsystems/lib\libSatelliteSubsystems.a(cspaceADCS.o)
                0x2000f4ec                cspaceADCS_getCurrentState
 .text.cspaceADCS_getMagneticFieldVec
                0x2000f56c       0x80 C:/ISIS/workspace/Taibeh/25.3.2020/satellite-subsystems/demo/..//satellite-subsystems/lib\libSatelliteSubsystems.a(cspaceADCS.o)
                0x2000f56c                cspaceADCS_getMagneticFieldVec
 .text.cspaceADCS_getCoarseSunVec
                0x2000f5ec       0x80 C:/ISIS/workspace/Taibeh/25.3.2020/satellite-subsystems/demo/..//satellite-subsystems/lib\libSatelliteSubsystems.a(cspaceADCS.o)
                0x2000f5ec                cspaceADCS_getCoarseSunVec
 .text.cspaceADCS_getFineSunVec
                0x2000f66c       0x80 C:/ISIS/workspace/Taibeh/25.3.2020/satellite-subsystems/demo/..//satellite-subsystems/lib\libSatelliteSubsystems.a(cspaceADCS.o)
                0x2000f66c                cspaceADCS_getFineSunVec
 .text.cspaceADCS_getNadirVector
                0x2000f6ec       0x80 C:/ISIS/workspace/Taibeh/25.3.2020/satellite-subsystems/demo/..//satellite-subsystems/lib\libSatelliteSubsystems.a(cspaceADCS.o)
                0x2000f6ec                cspaceADCS_getNadirVector
 .text.cspaceADCS_getSensorRates
                0x2000f76c       0x80 C:/ISIS/workspace/Taibeh/25.3.2020/satellite-subsystems/demo/..//satellite-subsystems/lib\libSatelliteSubsystems.a(cspaceADCS.o)
                0x2000f76c                cspaceADCS_getSensorRates
 .text.cspaceADCS_getWheelSpeed
                0x2000f7ec       0x80 C:/ISIS/workspace/Taibeh/25.3.2020/satellite-subsystems/demo/..//satellite-subsystems/lib\libSatelliteSubsystems.a(cspaceADCS.o)
                0x2000f7ec                cspaceADCS_getWheelSpeed
 .text.cspaceADCS_getMagnetorquerCmd
                0x2000f86c       0x80 C:/ISIS/workspace/Taibeh/25.3.2020/satellite-subsystems/demo/..//satellite-subsystems/lib\libSatelliteSubsystems.a(cspaceADCS.o)
                0x2000f86c                cspaceADCS_getMagnetorquerCmd
 .text.cspaceADCS_getWheelSpeedCmd
                0x2000f8ec       0x80 C:/ISIS/workspace/Taibeh/25.3.2020/satellite-subsystems/demo/..//satellite-subsystems/lib\libSatelliteSubsystems.a(cspaceADCS.o)
                0x2000f8ec                cspaceADCS_getWheelSpeedCmd
 .text.cspaceADCS_getRawCam2Sensor
                0x2000f96c       0x80 C:/ISIS/workspace/Taibeh/25.3.2020/satellite-subsystems/demo/..//satellite-subsystems/lib\libSatelliteSubsystems.a(cspaceADCS.o)
                0x2000f96c                cspaceADCS_getRawCam2Sensor
 .text.cspaceADCS_getRawCam1Sensor
                0x2000f9ec       0x80 C:/ISIS/workspace/Taibeh/25.3.2020/satellite-subsystems/demo/..//satellite-subsystems/lib\libSatelliteSubsystems.a(cspaceADCS.o)
                0x2000f9ec                cspaceADCS_getRawCam1Sensor
 .text.cspaceADCS_getRawCss1_6Measurements
                0x2000fa6c       0x80 C:/ISIS/workspace/Taibeh/25.3.2020/satellite-subsystems/demo/..//satellite-subsystems/lib\libSatelliteSubsystems.a(cspaceADCS.o)
                0x2000fa6c                cspaceADCS_getRawCss1_6Measurements
 .text.cspaceADCS_getRawCss7_10Measurements
                0x2000faec       0x80 C:/ISIS/workspace/Taibeh/25.3.2020/satellite-subsystems/demo/..//satellite-subsystems/lib\libSatelliteSubsystems.a(cspaceADCS.o)
                0x2000faec                cspaceADCS_getRawCss7_10Measurements
 .text.cspaceADCS_getRawMagnetometerMeas
                0x2000fb6c       0x80 C:/ISIS/workspace/Taibeh/25.3.2020/satellite-subsystems/demo/..//satellite-subsystems/lib\libSatelliteSubsystems.a(cspaceADCS.o)
                0x2000fb6c                cspaceADCS_getRawMagnetometerMeas
 .text.cspaceADCS_getCSenseCurrentMeasurements
                0x2000fbec       0x80 C:/ISIS/workspace/Taibeh/25.3.2020/satellite-subsystems/demo/..//satellite-subsystems/lib\libSatelliteSubsystems.a(cspaceADCS.o)
                0x2000fbec                cspaceADCS_getCSenseCurrentMeasurements
 .text.cspaceADCS_getCControlCurrentMeasurements
                0x2000fc6c       0x80 C:/ISIS/workspace/Taibeh/25.3.2020/satellite-subsystems/demo/..//satellite-subsystems/lib\libSatelliteSubsystems.a(cspaceADCS.o)
                0x2000fc6c                cspaceADCS_getCControlCurrentMeasurements
 .text.cspaceADCS_getWheelCurrentsTlm
                0x2000fcec       0x80 C:/ISIS/workspace/Taibeh/25.3.2020/satellite-subsystems/demo/..//satellite-subsystems/lib\libSatelliteSubsystems.a(cspaceADCS.o)
                0x2000fcec                cspaceADCS_getWheelCurrentsTlm
 .text.cspaceADCS_getADCSTemperatureTlm
                0x2000fd6c       0x80 C:/ISIS/workspace/Taibeh/25.3.2020/satellite-subsystems/demo/..//satellite-subsystems/lib\libSatelliteSubsystems.a(cspaceADCS.o)
                0x2000fd6c                cspaceADCS_getADCSTemperatureTlm
 .text.cspaceADCS_getRateSensorTempTlm
                0x2000fdec       0x80 C:/ISIS/workspace/Taibeh/25.3.2020/satellite-subsystems/demo/..//satellite-subsystems/lib\libSatelliteSubsystems.a(cspaceADCS.o)
                0x2000fdec                cspaceADCS_getRateSensorTempTlm
 .text.cspaceADCS_getRawGpsStatus
                0x2000fe6c       0x80 C:/ISIS/workspace/Taibeh/25.3.2020/satellite-subsystems/demo/..//satellite-subsystems/lib\libSatelliteSubsystems.a(cspaceADCS.o)
                0x2000fe6c                cspaceADCS_getRawGpsStatus
 .text.cspaceADCS_getRawGpsTime
                0x2000feec       0x80 C:/ISIS/workspace/Taibeh/25.3.2020/satellite-subsystems/demo/..//satellite-subsystems/lib\libSatelliteSubsystems.a(cspaceADCS.o)
                0x2000feec                cspaceADCS_getRawGpsTime
 .text.cspaceADCS_getRawGpsX
                0x2000ff6c       0x80 C:/ISIS/workspace/Taibeh/25.3.2020/satellite-subsystems/demo/..//satellite-subsystems/lib\libSatelliteSubsystems.a(cspaceADCS.o)
                0x2000ff6c                cspaceADCS_getRawGpsX
 .text.cspaceADCS_getRawGpsY
                0x2000ffec       0x80 C:/ISIS/workspace/Taibeh/25.3.2020/satellite-subsystems/demo/..//satellite-subsystems/lib\libSatelliteSubsystems.a(cspaceADCS.o)
                0x2000ffec                cspaceADCS_getRawGpsY
 .text.cspaceADCS_getRawGpsZ
                0x2001006c       0x80 C:/ISIS/workspace/Taibeh/25.3.2020/satellite-subsystems/demo/..//satellite-subsystems/lib\libSatelliteSubsystems.a(cspaceADCS.o)
                0x2001006c                cspaceADCS_getRawGpsZ
 .text.cspaceADCS_getStateTlm
                0x200100ec       0x80 C:/ISIS/workspace/Taibeh/25.3.2020/satellite-subsystems/demo/..//satellite-subsystems/lib\libSatelliteSubsystems.a(cspaceADCS.o)
                0x200100ec                cspaceADCS_getStateTlm
 .text.cspaceADCS_getActuatorsCmds
                0x2001016c       0x80 C:/ISIS/workspace/Taibeh/25.3.2020/satellite-subsystems/demo/..//satellite-subsystems/lib\libSatelliteSubsystems.a(cspaceADCS.o)
                0x2001016c                cspaceADCS_getActuatorsCmds
 .text.cspaceADCS_getPowTempMeasTLM
                0x200101ec       0x80 C:/ISIS/workspace/Taibeh/25.3.2020/satellite-subsystems/demo/..//satellite-subsystems/lib\libSatelliteSubsystems.a(cspaceADCS.o)
                0x200101ec                cspaceADCS_getPowTempMeasTLM
 .text.cspaceADCS_getPwrCtrlDevice
                0x2001026c       0x80 C:/ISIS/workspace/Taibeh/25.3.2020/satellite-subsystems/demo/..//satellite-subsystems/lib\libSatelliteSubsystems.a(cspaceADCS.o)
                0x2001026c                cspaceADCS_getPwrCtrlDevice
 .text.cspaceADCS_getADCSRawGPSMeas
                0x200102ec       0x80 C:/ISIS/workspace/Taibeh/25.3.2020/satellite-subsystems/demo/..//satellite-subsystems/lib\libSatelliteSubsystems.a(cspaceADCS.o)
                0x200102ec                cspaceADCS_getADCSRawGPSMeas
 .text._I2C_Send
                0x2001036c       0x30 C:/ISIS/workspace/Taibeh/25.3.2020/satellite-subsystems/demo/..//satellite-subsystems/lib\libSatelliteSubsystems.a(isis_eps_driver.o)
 .text.ISIS_EPS_Init
                0x2001039c       0x74 C:/ISIS/workspace/Taibeh/25.3.2020/satellite-subsystems/demo/..//satellite-subsystems/lib\libSatelliteSubsystems.a(isis_eps_driver.o)
                0x2001039c                ISIS_EPS_Init
 .text.isis_eps__reset__tmtc
                0x20010410       0x80 C:/ISIS/workspace/Taibeh/25.3.2020/satellite-subsystems/demo/..//satellite-subsystems/lib\libSatelliteSubsystems.a(isis_eps_driver.o)
                0x20010410                isis_eps__reset__tmtc
 .text.isis_eps__cancel__tm
                0x20010490       0x68 C:/ISIS/workspace/Taibeh/25.3.2020/satellite-subsystems/demo/..//satellite-subsystems/lib\libSatelliteSubsystems.a(isis_eps_driver.o)
                0x20010490                isis_eps__cancel__tm
 .text.isis_eps__watchdog__tm
                0x200104f8       0x68 C:/ISIS/workspace/Taibeh/25.3.2020/satellite-subsystems/demo/..//satellite-subsystems/lib\libSatelliteSubsystems.a(isis_eps_driver.o)
                0x200104f8                isis_eps__watchdog__tm
 .text.isis_eps__outputbuschannelon__tmtc
                0x20010560       0x80 C:/ISIS/workspace/Taibeh/25.3.2020/satellite-subsystems/demo/..//satellite-subsystems/lib\libSatelliteSubsystems.a(isis_eps_driver.o)
                0x20010560                isis_eps__outputbuschannelon__tmtc
 .text.isis_eps__outputbuschanneloff__tmtc
                0x200105e0       0x80 C:/ISIS/workspace/Taibeh/25.3.2020/satellite-subsystems/demo/..//satellite-subsystems/lib\libSatelliteSubsystems.a(isis_eps_driver.o)
                0x200105e0                isis_eps__outputbuschanneloff__tmtc
 .text.isis_eps__switchtonominal__tm
                0x20010660       0x68 C:/ISIS/workspace/Taibeh/25.3.2020/satellite-subsystems/demo/..//satellite-subsystems/lib\libSatelliteSubsystems.a(isis_eps_driver.o)
                0x20010660                isis_eps__switchtonominal__tm
 .text.isis_eps__switchtosafety__tm
                0x200106c8       0x68 C:/ISIS/workspace/Taibeh/25.3.2020/satellite-subsystems/demo/..//satellite-subsystems/lib\libSatelliteSubsystems.a(isis_eps_driver.o)
                0x200106c8                isis_eps__switchtosafety__tm
 .text.isis_eps__getsystemstatus__tm
                0x20010730       0x68 C:/ISIS/workspace/Taibeh/25.3.2020/satellite-subsystems/demo/..//satellite-subsystems/lib\libSatelliteSubsystems.a(isis_eps_driver.o)
                0x20010730                isis_eps__getsystemstatus__tm
 .text.isis_eps__gethousekeepingraw__tm
                0x20010798       0x68 C:/ISIS/workspace/Taibeh/25.3.2020/satellite-subsystems/demo/..//satellite-subsystems/lib\libSatelliteSubsystems.a(isis_eps_driver.o)
                0x20010798                isis_eps__gethousekeepingraw__tm
 .text.isis_eps__gethousekeepingeng__tm
                0x20010800       0x68 C:/ISIS/workspace/Taibeh/25.3.2020/satellite-subsystems/demo/..//satellite-subsystems/lib\libSatelliteSubsystems.a(isis_eps_driver.o)
                0x20010800                isis_eps__gethousekeepingeng__tm
 .text.makeTRXCommonTransfer
                0x20010868       0x1c C:/ISIS/workspace/Taibeh/25.3.2020/satellite-subsystems/demo/..//satellite-subsystems/lib\libSatelliteSubsystems.a(IsisTRXCommon.o)
 .text.IsisTrxCommon_componentReset
                0x20010884       0x48 C:/ISIS/workspace/Taibeh/25.3.2020/satellite-subsystems/demo/..//satellite-subsystems/lib\libSatelliteSubsystems.a(IsisTRXCommon.o)
                0x20010884                IsisTrxCommon_componentReset
 .text.IsisTrxCommon_TxSendAX25DefClSign
                0x200108cc       0x88 C:/ISIS/workspace/Taibeh/25.3.2020/satellite-subsystems/demo/..//satellite-subsystems/lib\libSatelliteSubsystems.a(IsisTRXCommon.o)
                0x200108cc                IsisTrxCommon_TxSendAX25DefClSign
 .text.IsisTrxCommon_TxSetIdlestate
                0x20010954       0x48 C:/ISIS/workspace/Taibeh/25.3.2020/satellite-subsystems/demo/..//satellite-subsystems/lib\libSatelliteSubsystems.a(IsisTRXCommon.o)
                0x20010954                IsisTrxCommon_TxSetIdlestate
 .text.IsisTrxCommon_TxSetAx25Bitrate
                0x2001099c       0x48 C:/ISIS/workspace/Taibeh/25.3.2020/satellite-subsystems/demo/..//satellite-subsystems/lib\libSatelliteSubsystems.a(IsisTRXCommon.o)
                0x2001099c                IsisTrxCommon_TxSetAx25Bitrate
 .text.IsisTrxCommon_RxGetFrameCount
                0x200109e4       0x4c C:/ISIS/workspace/Taibeh/25.3.2020/satellite-subsystems/demo/..//satellite-subsystems/lib\libSatelliteSubsystems.a(IsisTRXCommon.o)
                0x200109e4                IsisTrxCommon_RxGetFrameCount
 .text.IsisTrxCommon_RxGetTelemetryAll
                0x20010a30       0x50 C:/ISIS/workspace/Taibeh/25.3.2020/satellite-subsystems/demo/..//satellite-subsystems/lib\libSatelliteSubsystems.a(IsisTRXCommon.o)
                0x20010a30                IsisTrxCommon_RxGetTelemetryAll
 .text.IsisTrxCommon_RxGetTelemetryAll_revC
                0x20010a80       0x50 C:/ISIS/workspace/Taibeh/25.3.2020/satellite-subsystems/demo/..//satellite-subsystems/lib\libSatelliteSubsystems.a(IsisTRXCommon.o)
                0x20010a80                IsisTrxCommon_RxGetTelemetryAll_revC
 .text.IsisTrxCommon_GetUptime
                0x20010ad0       0x50 C:/ISIS/workspace/Taibeh/25.3.2020/satellite-subsystems/demo/..//satellite-subsystems/lib\libSatelliteSubsystems.a(IsisTRXCommon.o)
                0x20010ad0                IsisTrxCommon_GetUptime
 .text.exp      0x20010b20      0x190 c:/isis/application/toolchain/bin/../lib/gcc/arm-none-eabi/4.7.4/../../../../arm-none-eabi/lib\libm.a(lib_a-w_exp.o)
                0x20010b20                exp
 .text.__ieee754_exp
                0x20010cb0      0x448 c:/isis/application/toolchain/bin/../lib/gcc/arm-none-eabi/4.7.4/../../../../arm-none-eabi/lib\libm.a(lib_a-e_exp.o)
                0x20010cb0                __ieee754_exp
 .text.finite   0x200110f8       0x10 c:/isis/application/toolchain/bin/../lib/gcc/arm-none-eabi/4.7.4/../../../../arm-none-eabi/lib\libm.a(lib_a-s_finite.o)
                0x200110f8                finite
 .text.matherr  0x20011108        0x8 c:/isis/application/toolchain/bin/../lib/gcc/arm-none-eabi/4.7.4/../../../../arm-none-eabi/lib\libm.a(lib_a-s_matherr.o)
                0x20011108                matherr
 .text.I2C_internalCallback
                0x20011110       0x3c C:/ISIS/workspace/Taibeh/25.3.2020/satellite-subsystems/demo/../..//hal/hal/lib\libHAL.a(I2C.o)
 .text.I2C_queueTransfer
                0x2001114c      0x10c C:/ISIS/workspace/Taibeh/25.3.2020/satellite-subsystems/demo/../..//hal/hal/lib\libHAL.a(I2C.o)
                0x2001114c                I2C_queueTransfer
 .text.I2C_doBlockingTransfer
                0x20011258       0xf4 C:/ISIS/workspace/Taibeh/25.3.2020/satellite-subsystems/demo/../..//hal/hal/lib\libHAL.a(I2C.o)
 .text.I2C_write
                0x2001134c       0x60 C:/ISIS/workspace/Taibeh/25.3.2020/satellite-subsystems/demo/../..//hal/hal/lib\libHAL.a(I2C.o)
                0x2001134c                I2C_write
 .text.I2C_read
                0x200113ac       0x60 C:/ISIS/workspace/Taibeh/25.3.2020/satellite-subsystems/demo/../..//hal/hal/lib\libHAL.a(I2C.o)
                0x200113ac                I2C_read
 .text.I2C_writeRead
                0x2001140c       0x9c C:/ISIS/workspace/Taibeh/25.3.2020/satellite-subsystems/demo/../..//hal/hal/lib\libHAL.a(I2C.o)
                0x2001140c                I2C_writeRead
 .text.I2C_stop
                0x200114a8       0xf8 C:/ISIS/workspace/Taibeh/25.3.2020/satellite-subsystems/demo/../..//hal/hal/lib\libHAL.a(I2C.o)
                0x200114a8                I2C_stop
 .text.I2C_setTransferTimeout
                0x200115a0       0x1c C:/ISIS/workspace/Taibeh/25.3.2020/satellite-subsystems/demo/../..//hal/hal/lib\libHAL.a(I2C.o)
                0x200115a0                I2C_setTransferTimeout
 .text.I2C_start
                0x200115bc      0x200 C:/ISIS/workspace/Taibeh/25.3.2020/satellite-subsystems/demo/../..//hal/hal/lib\libHAL.a(I2C.o)
                0x200115bc                I2C_start
 .text.uSdelay.constprop.0
                0x200117bc       0x4c C:/ISIS/workspace/Taibeh/25.3.2020/satellite-subsystems/demo/../..//hal/hal/lib\libHAL.a(LED.o)
 .text.LED_start
                0x20011808       0x10 C:/ISIS/workspace/Taibeh/25.3.2020/satellite-subsystems/demo/../..//hal/hal/lib\libHAL.a(LED.o)
                0x20011808                LED_start
 .text.LED_glow
                0x20011818       0x30 C:/ISIS/workspace/Taibeh/25.3.2020/satellite-subsystems/demo/../..//hal/hal/lib\libHAL.a(LED.o)
                0x20011818                LED_glow
 .text.LED_dark
                0x20011848       0x30 C:/ISIS/workspace/Taibeh/25.3.2020/satellite-subsystems/demo/../..//hal/hal/lib\libHAL.a(LED.o)
                0x20011848                LED_dark
 .text.LED_toggle
                0x20011878       0x1c C:/ISIS/workspace/Taibeh/25.3.2020/satellite-subsystems/demo/../..//hal/hal/lib\libHAL.a(LED.o)
                0x20011878                LED_toggle
 .text.LED_wave
                0x20011894       0x80 C:/ISIS/workspace/Taibeh/25.3.2020/satellite-subsystems/demo/../..//hal/hal/lib\libHAL.a(LED.o)
                0x20011894                LED_wave
 .text.clearPDCtransfers
                0x20011914       0x40 C:/ISIS/workspace/Taibeh/25.3.2020/satellite-subsystems/demo/../..//hal/hal/lib\libHAL.a(SPI.o)
 .text.waitForTransfer
                0x20011954       0x44 C:/ISIS/workspace/Taibeh/25.3.2020/satellite-subsystems/demo/../..//hal/hal/lib\libHAL.a(SPI.o)
 .text.SPI_internalCallback
                0x20011998       0x3c C:/ISIS/workspace/Taibeh/25.3.2020/satellite-subsystems/demo/../..//hal/hal/lib\libHAL.a(SPI.o)
 .text.SPI_stop
                0x200119d4      0x174 C:/ISIS/workspace/Taibeh/25.3.2020/satellite-subsystems/demo/../..//hal/hal/lib\libHAL.a(SPI.o)
                0x200119d4                SPI_stop
 .text.SPI_start
                0x20011b48      0x2c4 C:/ISIS/workspace/Taibeh/25.3.2020/satellite-subsystems/demo/../..//hal/hal/lib\libHAL.a(SPI.o)
                0x20011b48                SPI_start
 .text.SPI_queueTransfer
                0x20011e0c       0xe0 C:/ISIS/workspace/Taibeh/25.3.2020/satellite-subsystems/demo/../..//hal/hal/lib\libHAL.a(SPI.o)
                0x20011e0c                SPI_queueTransfer
 .text.SPI_writeRead
                0x20011eec       0xe4 C:/ISIS/workspace/Taibeh/25.3.2020/satellite-subsystems/demo/../..//hal/hal/lib\libHAL.a(SPI.o)
                0x20011eec                SPI_writeRead
 .text.WDT_start
                0x20011fd0       0x3c C:/ISIS/workspace/Taibeh/25.3.2020/satellite-subsystems/demo/../..//hal/hal/lib\libHAL.a(WatchDogTimerNoOS.o)
                0x20011fd0                WDT_start
 .text.WDT_startWatchdogKickTask
                0x2001200c       0x88 C:/ISIS/workspace/Taibeh/25.3.2020/satellite-subsystems/demo/../..//hal/hal/lib\libHAL.a(WatchDogTimerOS.o)
                0x2001200c                WDT_startWatchdogKickTask
 .text.WDT_forceKickEveryNms
                0x20012094       0x34 C:/ISIS/workspace/Taibeh/25.3.2020/satellite-subsystems/demo/../..//hal/hal/lib\libHAL.a(WatchDogTimerOS.o)
                0x20012094                WDT_forceKickEveryNms
 .text.UTIL_DbguGetInteger
                0x200120c8       0xbc C:/ISIS/workspace/Taibeh/25.3.2020/satellite-subsystems/demo/../..//hal/hal/lib\libHAL.a(util.o)
                0x200120c8                UTIL_DbguGetInteger
 .text.UTIL_DbguGetIntegerMinMax
                0x20012184       0x74 C:/ISIS/workspace/Taibeh/25.3.2020/satellite-subsystems/demo/../..//hal/hal/lib\libHAL.a(util.o)
                0x20012184                UTIL_DbguGetIntegerMinMax
 .text.prvCopyDataFromQueue
                0x200121f8       0x40 C:/ISIS/workspace/Taibeh/25.3.2020/satellite-subsystems/demo/../..//hal/freertos/lib\libFreeRTOS.a(queue.o)
 .text.prvUnlockQueue
                0x20012238       0xa4 C:/ISIS/workspace/Taibeh/25.3.2020/satellite-subsystems/demo/../..//hal/freertos/lib\libFreeRTOS.a(queue.o)
 .text.prvCopyDataToQueue
                0x200122dc       0xc4 C:/ISIS/workspace/Taibeh/25.3.2020/satellite-subsystems/demo/../..//hal/freertos/lib\libFreeRTOS.a(queue.o)
 .text.xQueueGenericReset
                0x200123a0       0xbc C:/ISIS/workspace/Taibeh/25.3.2020/satellite-subsystems/demo/../..//hal/freertos/lib\libFreeRTOS.a(queue.o)
                0x200123a0                xQueueGenericReset
 .text.xQueueGenericCreate
                0x2001245c       0x84 C:/ISIS/workspace/Taibeh/25.3.2020/satellite-subsystems/demo/../..//hal/freertos/lib\libFreeRTOS.a(queue.o)
                0x2001245c                xQueueGenericCreate
 .text.xQueueGenericSend
                0x200124e0      0x1dc C:/ISIS/workspace/Taibeh/25.3.2020/satellite-subsystems/demo/../..//hal/freertos/lib\libFreeRTOS.a(queue.o)
                0x200124e0                xQueueGenericSend
 .text.xQueueCreateMutex
                0x200126bc       0x98 C:/ISIS/workspace/Taibeh/25.3.2020/satellite-subsystems/demo/../..//hal/freertos/lib\libFreeRTOS.a(queue.o)
                0x200126bc                xQueueCreateMutex
 .text.xQueueGenericSendFromISR
                0x20012754      0x118 C:/ISIS/workspace/Taibeh/25.3.2020/satellite-subsystems/demo/../..//hal/freertos/lib\libFreeRTOS.a(queue.o)
                0x20012754                xQueueGenericSendFromISR
 .text.xQueueGenericReceive
                0x2001286c      0x204 C:/ISIS/workspace/Taibeh/25.3.2020/satellite-subsystems/demo/../..//hal/freertos/lib\libFreeRTOS.a(queue.o)
                0x2001286c                xQueueGenericReceive
 .text.uxQueueMessagesWaiting
                0x20012a70       0x4c C:/ISIS/workspace/Taibeh/25.3.2020/satellite-subsystems/demo/../..//hal/freertos/lib\libFreeRTOS.a(queue.o)
                0x20012a70                uxQueueMessagesWaiting
 .text.vQueueUnregisterQueue
                0x20012abc       0x38 C:/ISIS/workspace/Taibeh/25.3.2020/satellite-subsystems/demo/../..//hal/freertos/lib\libFreeRTOS.a(queue.o)
                0x20012abc                vQueueUnregisterQueue
 .text.vQueueDelete
                0x20012af4       0x50 C:/ISIS/workspace/Taibeh/25.3.2020/satellite-subsystems/demo/../..//hal/freertos/lib\libFreeRTOS.a(queue.o)
                0x20012af4                vQueueDelete
 .text.prvAddCurrentTaskToDelayedList
                0x20012b44       0x60 C:/ISIS/workspace/Taibeh/25.3.2020/satellite-subsystems/demo/../..//hal/freertos/lib\libFreeRTOS.a(tasks.o)
 .text.xTaskGenericCreate
                0x20012ba4      0x260 C:/ISIS/workspace/Taibeh/25.3.2020/satellite-subsystems/demo/../..//hal/freertos/lib\libFreeRTOS.a(tasks.o)
                0x20012ba4                xTaskGenericCreate
 .text.vTaskDelete
                0x20012e04       0x88 C:/ISIS/workspace/Taibeh/25.3.2020/satellite-subsystems/demo/../..//hal/freertos/lib\libFreeRTOS.a(tasks.o)
                0x20012e04                vTaskDelete
 .text.vTaskStartScheduler
                0x20012e8c       0xa8 C:/ISIS/workspace/Taibeh/25.3.2020/satellite-subsystems/demo/../..//hal/freertos/lib\libFreeRTOS.a(tasks.o)
                0x20012e8c                vTaskStartScheduler
 .text.vTaskSuspendAll
                0x20012f34       0x18 C:/ISIS/workspace/Taibeh/25.3.2020/satellite-subsystems/demo/../..//hal/freertos/lib\libFreeRTOS.a(tasks.o)
                0x20012f34                vTaskSuspendAll
 .text.xTaskGetTickCount
                0x20012f4c       0x20 C:/ISIS/workspace/Taibeh/25.3.2020/satellite-subsystems/demo/../..//hal/freertos/lib\libFreeRTOS.a(tasks.o)
                0x20012f4c                xTaskGetTickCount
 .text.xTaskIncrementTick
                0x20012f6c      0x16c C:/ISIS/workspace/Taibeh/25.3.2020/satellite-subsystems/demo/../..//hal/freertos/lib\libFreeRTOS.a(tasks.o)
                0x20012f6c                xTaskIncrementTick
 .text.xTaskResumeAll
                0x200130d8      0x140 C:/ISIS/workspace/Taibeh/25.3.2020/satellite-subsystems/demo/../..//hal/freertos/lib\libFreeRTOS.a(tasks.o)
                0x200130d8                xTaskResumeAll
 .text.prvIdleTask
                0x20013218       0x7c C:/ISIS/workspace/Taibeh/25.3.2020/satellite-subsystems/demo/../..//hal/freertos/lib\libFreeRTOS.a(tasks.o)
 .text.vTaskDelay
                0x20013294       0x4c C:/ISIS/workspace/Taibeh/25.3.2020/satellite-subsystems/demo/../..//hal/freertos/lib\libFreeRTOS.a(tasks.o)
                0x20013294                vTaskDelay
 .text.vTaskDelayUntil
                0x200132e0       0xe0 C:/ISIS/workspace/Taibeh/25.3.2020/satellite-subsystems/demo/../..//hal/freertos/lib\libFreeRTOS.a(tasks.o)
                0x200132e0                vTaskDelayUntil
 .text.vTaskSwitchContext
                0x200133c0       0xe8 C:/ISIS/workspace/Taibeh/25.3.2020/satellite-subsystems/demo/../..//hal/freertos/lib\libFreeRTOS.a(tasks.o)
                0x200133c0                vTaskSwitchContext
 .text.vTaskPlaceOnEventList
                0x200134a8       0x84 C:/ISIS/workspace/Taibeh/25.3.2020/satellite-subsystems/demo/../..//hal/freertos/lib\libFreeRTOS.a(tasks.o)
                0x200134a8                vTaskPlaceOnEventList
 .text.xTaskRemoveFromEventList
                0x2001352c       0xbc C:/ISIS/workspace/Taibeh/25.3.2020/satellite-subsystems/demo/../..//hal/freertos/lib\libFreeRTOS.a(tasks.o)
                0x2001352c                xTaskRemoveFromEventList
 .text.vTaskSetTimeOutState
                0x200135e8       0x54 C:/ISIS/workspace/Taibeh/25.3.2020/satellite-subsystems/demo/../..//hal/freertos/lib\libFreeRTOS.a(tasks.o)
                0x200135e8                vTaskSetTimeOutState
 .text.xTaskCheckForTimeOut
                0x2001363c       0xd4 C:/ISIS/workspace/Taibeh/25.3.2020/satellite-subsystems/demo/../..//hal/freertos/lib\libFreeRTOS.a(tasks.o)
                0x2001363c                xTaskCheckForTimeOut
 .text.vTaskMissedYield
                0x20013710       0x14 C:/ISIS/workspace/Taibeh/25.3.2020/satellite-subsystems/demo/../..//hal/freertos/lib\libFreeRTOS.a(tasks.o)
                0x20013710                vTaskMissedYield
 .text.xTaskGetCurrentTaskHandle
                0x20013724       0x10 C:/ISIS/workspace/Taibeh/25.3.2020/satellite-subsystems/demo/../..//hal/freertos/lib\libFreeRTOS.a(tasks.o)
                0x20013724                xTaskGetCurrentTaskHandle
 .text.xTaskGetSchedulerState
                0x20013734       0x28 C:/ISIS/workspace/Taibeh/25.3.2020/satellite-subsystems/demo/../..//hal/freertos/lib\libFreeRTOS.a(tasks.o)
                0x20013734                xTaskGetSchedulerState
 .text.vTaskPriorityInherit
                0x2001375c       0x98 C:/ISIS/workspace/Taibeh/25.3.2020/satellite-subsystems/demo/../..//hal/freertos/lib\libFreeRTOS.a(tasks.o)
                0x2001375c                vTaskPriorityInherit
 .text.vTaskPriorityDisinherit
                0x200137f4       0x68 C:/ISIS/workspace/Taibeh/25.3.2020/satellite-subsystems/demo/../..//hal/freertos/lib\libFreeRTOS.a(tasks.o)
                0x200137f4                vTaskPriorityDisinherit
 .text.vApplicationStackOverflowHook
                0x2001385c       0x40 C:/ISIS/workspace/Taibeh/25.3.2020/satellite-subsystems/demo/../..//hal/freertos/lib\libFreeRTOS.a(hooks.o)
                0x2001385c                vApplicationStackOverflowHook
 .text.vApplicationIdleHook
                0x2001389c        0x4 C:/ISIS/workspace/Taibeh/25.3.2020/satellite-subsystems/demo/../..//hal/freertos/lib\libFreeRTOS.a(hooks.o)
                0x2001389c                vApplicationIdleHook
 .text.pvPortMalloc
                0x200138a0        0x4 C:/ISIS/workspace/Taibeh/25.3.2020/satellite-subsystems/demo/../..//hal/freertos/lib\libFreeRTOS.a(standardMemMang.o)
                0x200138a0                pvPortMalloc
 .text.vPortFree
                0x200138a4        0x4 C:/ISIS/workspace/Taibeh/25.3.2020/satellite-subsystems/demo/../..//hal/freertos/lib\libFreeRTOS.a(standardMemMang.o)
                0x200138a4                vPortFree
 .text.pxPortInitialiseStack
                0x200138a8       0xb8 C:/ISIS/workspace/Taibeh/25.3.2020/satellite-subsystems/demo/../..//hal/freertos/lib\libFreeRTOS.a(port.o)
                0x200138a8                pxPortInitialiseStack
 .text.xPortStartScheduler
                0x20013960       0x94 C:/ISIS/workspace/Taibeh/25.3.2020/satellite-subsystems/demo/../..//hal/freertos/lib\libFreeRTOS.a(port.o)
                0x20013960                xPortStartScheduler
 .text.vPortEnterCritical
                0x200139f4       0x2c C:/ISIS/workspace/Taibeh/25.3.2020/satellite-subsystems/demo/../..//hal/freertos/lib\libFreeRTOS.a(port.o)
                0x200139f4                vPortEnterCritical
 .text.vPortExitCritical
                0x20013a20       0x44 C:/ISIS/workspace/Taibeh/25.3.2020/satellite-subsystems/demo/../..//hal/freertos/lib\libFreeRTOS.a(port.o)
                0x20013a20                vPortExitCritical
 .text.vListInitialise
                0x20013a64       0x24 C:/ISIS/workspace/Taibeh/25.3.2020/satellite-subsystems/demo/../..//hal/freertos/lib\libFreeRTOS.a(list.o)
                0x20013a64                vListInitialise
 .text.vListInitialiseItem
                0x20013a88        0xc C:/ISIS/workspace/Taibeh/25.3.2020/satellite-subsystems/demo/../..//hal/freertos/lib\libFreeRTOS.a(list.o)
                0x20013a88                vListInitialiseItem
 .text.vListInsertEnd
                0x20013a94       0x30 C:/ISIS/workspace/Taibeh/25.3.2020/satellite-subsystems/demo/../..//hal/freertos/lib\libFreeRTOS.a(list.o)
                0x20013a94                vListInsertEnd
 .text.vListInsert
                0x20013ac4       0x58 C:/ISIS/workspace/Taibeh/25.3.2020/satellite-subsystems/demo/../..//hal/freertos/lib\libFreeRTOS.a(list.o)
                0x20013ac4                vListInsert
 .text.uxListRemove
                0x20013b1c       0x3c C:/ISIS/workspace/Taibeh/25.3.2020/satellite-subsystems/demo/../..//hal/freertos/lib\libFreeRTOS.a(list.o)
                0x20013b1c                uxListRemove
 .text._read    0x20013b58       0x54 C:/ISIS/workspace/Taibeh/25.3.2020/satellite-subsystems/demo/../..//hal/at91/lib\libAt91.a(syscalls.o)
                0x20013b58                _read
 .text._write   0x20013bac       0x64 C:/ISIS/workspace/Taibeh/25.3.2020/satellite-subsystems/demo/../..//hal/at91/lib\libAt91.a(syscalls.o)
                0x20013bac                _write
 .text._lseek   0x20013c10        0x8 C:/ISIS/workspace/Taibeh/25.3.2020/satellite-subsystems/demo/../..//hal/at91/lib\libAt91.a(syscalls.o)
                0x20013c10                _lseek
 .text._close   0x20013c18        0x8 C:/ISIS/workspace/Taibeh/25.3.2020/satellite-subsystems/demo/../..//hal/at91/lib\libAt91.a(syscalls.o)
                0x20013c18                _close
 .text._fstat   0x20013c20        0x8 C:/ISIS/workspace/Taibeh/25.3.2020/satellite-subsystems/demo/../..//hal/at91/lib\libAt91.a(syscalls.o)
                0x20013c20                _fstat
 .text._isatty  0x20013c28       0x10 C:/ISIS/workspace/Taibeh/25.3.2020/satellite-subsystems/demo/../..//hal/at91/lib\libAt91.a(syscalls.o)
                0x20013c28                _isatty
 .text.exit     0x20013c38       0x1c C:/ISIS/workspace/Taibeh/25.3.2020/satellite-subsystems/demo/../..//hal/at91/lib\libAt91.a(syscalls.o)
                0x20013c38                exit
 .text._sbrk    0x20013c54       0x64 C:/ISIS/workspace/Taibeh/25.3.2020/satellite-subsystems/demo/../..//hal/at91/lib\libAt91.a(syscalls.o)
                0x20013c54                _sbrk
 .text.AIC_ConfigureIT
                0x20013cb8       0x30 C:/ISIS/workspace/Taibeh/25.3.2020/satellite-subsystems/demo/../..//hal/at91/lib\libAt91.a(aic.o)
                0x20013cb8                AIC_ConfigureIT
 .text.AIC_EnableIT
                0x20013ce8       0x14 C:/ISIS/workspace/Taibeh/25.3.2020/satellite-subsystems/demo/../..//hal/at91/lib\libAt91.a(aic.o)
                0x20013ce8                AIC_EnableIT
 .text.AIC_DisableIT
                0x20013cfc       0x14 C:/ISIS/workspace/Taibeh/25.3.2020/satellite-subsystems/demo/../..//hal/at91/lib\libAt91.a(aic.o)
                0x20013cfc                AIC_DisableIT
 .text.CP15_Enable_I_Cache
                0x20013d10       0x1c C:/ISIS/workspace/Taibeh/25.3.2020/satellite-subsystems/demo/../..//hal/at91/lib\libAt91.a(cp15.o)
                0x20013d10                CP15_Enable_I_Cache
 .text.CP15_Disable_I_Cache
                0x20013d2c       0x1c C:/ISIS/workspace/Taibeh/25.3.2020/satellite-subsystems/demo/../..//hal/at91/lib\libAt91.a(cp15.o)
                0x20013d2c                CP15_Disable_I_Cache
 .text.CP15_DisableMMU
                0x20013d48       0x1c C:/ISIS/workspace/Taibeh/25.3.2020/satellite-subsystems/demo/../..//hal/at91/lib\libAt91.a(cp15.o)
                0x20013d48                CP15_DisableMMU
 .text.CP15_Disable_D_Cache
                0x20013d64       0x1c C:/ISIS/workspace/Taibeh/25.3.2020/satellite-subsystems/demo/../..//hal/at91/lib\libAt91.a(cp15.o)
                0x20013d64                CP15_Disable_D_Cache
 .text.DBGU_Configure
                0x20013d80       0x44 C:/ISIS/workspace/Taibeh/25.3.2020/satellite-subsystems/demo/../..//hal/at91/lib\libAt91.a(dbgu.o)
                0x20013d80                DBGU_Configure
 .text.DBGU_PutChar
                0x20013dc4       0x28 C:/ISIS/workspace/Taibeh/25.3.2020/satellite-subsystems/demo/../..//hal/at91/lib\libAt91.a(dbgu.o)
                0x20013dc4                DBGU_PutChar
 .text.DBGU_IsRxReady
                0x20013dec       0x10 C:/ISIS/workspace/Taibeh/25.3.2020/satellite-subsystems/demo/../..//hal/at91/lib\libAt91.a(dbgu.o)
                0x20013dec                DBGU_IsRxReady
 .text.DBGU_GetChar
                0x20013dfc       0x1c C:/ISIS/workspace/Taibeh/25.3.2020/satellite-subsystems/demo/../..//hal/at91/lib\libAt91.a(dbgu.o)
                0x20013dfc                DBGU_GetChar
 .text.PIO_Configure
                0x20013e18      0x128 C:/ISIS/workspace/Taibeh/25.3.2020/satellite-subsystems/demo/../..//hal/at91/lib\libAt91.a(pio.o)
                0x20013e18                PIO_Configure
 .text.PIO_Set  0x20013f40       0x10 C:/ISIS/workspace/Taibeh/25.3.2020/satellite-subsystems/demo/../..//hal/at91/lib\libAt91.a(pio.o)
                0x20013f40                PIO_Set
 .text.PIO_Clear
                0x20013f50       0x10 C:/ISIS/workspace/Taibeh/25.3.2020/satellite-subsystems/demo/../..//hal/at91/lib\libAt91.a(pio.o)
                0x20013f50                PIO_Clear
 .text.PIO_Get  0x20013f60       0x34 C:/ISIS/workspace/Taibeh/25.3.2020/satellite-subsystems/demo/../..//hal/at91/lib\libAt91.a(pio.o)
                0x20013f60                PIO_Get
 .text.PioInterruptHandler
                0x20013f94       0x84 C:/ISIS/workspace/Taibeh/25.3.2020/satellite-subsystems/demo/../..//hal/at91/lib\libAt91.a(pio_it.o)
 .text.InterruptHandler
                0x20014018       0x38 C:/ISIS/workspace/Taibeh/25.3.2020/satellite-subsystems/demo/../..//hal/at91/lib\libAt91.a(pio_it.o)
 .text.PIO_InitializeInterrupts
                0x20014050       0xa4 C:/ISIS/workspace/Taibeh/25.3.2020/satellite-subsystems/demo/../..//hal/at91/lib\libAt91.a(pio_it.o)
                0x20014050                PIO_InitializeInterrupts
 .text.PIO_ConfigureIt
                0x200140f4       0x44 C:/ISIS/workspace/Taibeh/25.3.2020/satellite-subsystems/demo/../..//hal/at91/lib\libAt91.a(pio_it.o)
                0x200140f4                PIO_ConfigureIt
 .text.PIO_EnableIt
                0x20014138       0x6c C:/ISIS/workspace/Taibeh/25.3.2020/satellite-subsystems/demo/../..//hal/at91/lib\libAt91.a(pio_it.o)
                0x20014138                PIO_EnableIt
 .text.PIO_DisableIt
                0x200141a4       0x18 C:/ISIS/workspace/Taibeh/25.3.2020/satellite-subsystems/demo/../..//hal/at91/lib\libAt91.a(pio_it.o)
                0x200141a4                PIO_DisableIt
 .text.PIT_Init
                0x200141bc       0x28 C:/ISIS/workspace/Taibeh/25.3.2020/satellite-subsystems/demo/../..//hal/at91/lib\libAt91.a(pit.o)
                0x200141bc                PIT_Init
 .text.PIT_Enable
                0x200141e4       0x14 C:/ISIS/workspace/Taibeh/25.3.2020/satellite-subsystems/demo/../..//hal/at91/lib\libAt91.a(pit.o)
                0x200141e4                PIT_Enable
 .text.PIT_EnableIT
                0x200141f8       0x14 C:/ISIS/workspace/Taibeh/25.3.2020/satellite-subsystems/demo/../..//hal/at91/lib\libAt91.a(pit.o)
                0x200141f8                PIT_EnableIT
 .text.PMC_EnablePeripheral
                0x2001420c       0x54 C:/ISIS/workspace/Taibeh/25.3.2020/satellite-subsystems/demo/../..//hal/at91/lib\libAt91.a(pmc.o)
                0x2001420c                PMC_EnablePeripheral
 .text.PMC_DisablePeripheral
                0x20014260       0x54 C:/ISIS/workspace/Taibeh/25.3.2020/satellite-subsystems/demo/../..//hal/at91/lib\libAt91.a(pmc.o)
                0x20014260                PMC_DisablePeripheral
 .text.SPI_Enable
                0x200142b4        0xc C:/ISIS/workspace/Taibeh/25.3.2020/satellite-subsystems/demo/../..//hal/at91/lib\libAt91.a(spi_at91.o)
                0x200142b4                SPI_Enable
 .text.SPI_Disable
                0x200142c0        0xc C:/ISIS/workspace/Taibeh/25.3.2020/satellite-subsystems/demo/../..//hal/at91/lib\libAt91.a(spi_at91.o)
                0x200142c0                SPI_Disable
 .text.SPI_Configure
                0x200142cc       0x2c C:/ISIS/workspace/Taibeh/25.3.2020/satellite-subsystems/demo/../..//hal/at91/lib\libAt91.a(spi_at91.o)
                0x200142cc                SPI_Configure
 .text.SPI_ConfigureNPCS
                0x200142f8        0xc C:/ISIS/workspace/Taibeh/25.3.2020/satellite-subsystems/demo/../..//hal/at91/lib\libAt91.a(spi_at91.o)
                0x200142f8                SPI_ConfigureNPCS
 .text.TWI_ConfigureMaster
                0x20014304      0x178 C:/ISIS/workspace/Taibeh/25.3.2020/satellite-subsystems/demo/../..//hal/at91/lib\libAt91.a(twi_at91.o)
                0x20014304                TWI_ConfigureMaster
 .text.TWI_GetMaskedStatus
                0x2001447c       0x48 C:/ISIS/workspace/Taibeh/25.3.2020/satellite-subsystems/demo/../..//hal/at91/lib\libAt91.a(twi_at91.o)
                0x2001447c                TWI_GetMaskedStatus
 .text.restartDataAbort
                0x200144c4       0x2c C:/ISIS/workspace/Taibeh/25.3.2020/satellite-subsystems/demo/../..//hal/at91/lib\libAt91.a(ExitHandler.o)
                0x200144c4                restartDataAbort
 .text.restartPrefetchAbort
                0x200144f0       0x2c C:/ISIS/workspace/Taibeh/25.3.2020/satellite-subsystems/demo/../..//hal/at91/lib\libAt91.a(ExitHandler.o)
                0x200144f0                restartPrefetchAbort
 .text.restart  0x2001451c       0x2c C:/ISIS/workspace/Taibeh/25.3.2020/satellite-subsystems/demo/../..//hal/at91/lib\libAt91.a(ExitHandler.o)
                0x2001451c                restart
 .text.defaultSpuriousHandler
                0x20014548        0x4 C:/ISIS/workspace/Taibeh/25.3.2020/satellite-subsystems/demo/../..//hal/at91/lib\libAt91.a(board_lowlevel.o)
                0x20014548                defaultSpuriousHandler
 .text.defaultIrqHandler
                0x2001454c       0x14 C:/ISIS/workspace/Taibeh/25.3.2020/satellite-subsystems/demo/../..//hal/at91/lib\libAt91.a(board_lowlevel.o)
                0x2001454c                defaultIrqHandler
 .text.defaultFiqHandler
                0x20014560       0x14 C:/ISIS/workspace/Taibeh/25.3.2020/satellite-subsystems/demo/../..//hal/at91/lib\libAt91.a(board_lowlevel.o)
                0x20014560                defaultFiqHandler
 .text.LowLevelInit
                0x20014574       0x94 C:/ISIS/workspace/Taibeh/25.3.2020/satellite-subsystems/demo/../..//hal/at91/lib\libAt91.a(board_lowlevel.o)
                0x20014574                LowLevelInit
 .text.BOARD_RemapRam
                0x20014608       0x10 C:/ISIS/workspace/Taibeh/25.3.2020/satellite-subsystems/demo/../..//hal/at91/lib\libAt91.a(board_memories.o)
                0x20014608                BOARD_RemapRam
 .text.calloc   0x20014618       0x28 c:/isis/application/toolchain/bin/../lib/gcc/arm-none-eabi/4.7.4/../../../../arm-none-eabi/lib\libc.a(lib_a-calloc.o)
                0x20014618                calloc
 .text._calloc_r
                0x20014640       0x94 c:/isis/application/toolchain/bin/../lib/gcc/arm-none-eabi/4.7.4/../../../../arm-none-eabi/lib\libc.a(lib_a-callocr.o)
                0x20014640                _calloc_r
 .text.__errno  0x200146d4       0x10 c:/isis/application/toolchain/bin/../lib/gcc/arm-none-eabi/4.7.4/../../../../arm-none-eabi/lib\libc.a(lib_a-errno.o)
                0x200146d4                __errno
 .text._fflush_r
                0x200146e4      0x250 c:/isis/application/toolchain/bin/../lib/gcc/arm-none-eabi/4.7.4/../../../../arm-none-eabi/lib\libc.a(lib_a-fflush.o)
                0x200146e4                _fflush_r
 .text.fflush   0x20014934       0x40 c:/isis/application/toolchain/bin/../lib/gcc/arm-none-eabi/4.7.4/../../../../arm-none-eabi/lib\libc.a(lib_a-fflush.o)
                0x20014934                fflush
 .text._cleanup_r
                0x20014974       0x18 c:/isis/application/toolchain/bin/../lib/gcc/arm-none-eabi/4.7.4/../../../../arm-none-eabi/lib\libc.a(lib_a-findfp.o)
                0x20014974                _cleanup_r
 .text.std.isra.0
                0x2001498c       0x7c c:/isis/application/toolchain/bin/../lib/gcc/arm-none-eabi/4.7.4/../../../../arm-none-eabi/lib\libc.a(lib_a-findfp.o)
 .text.__sinit  0x20014a08       0x78 c:/isis/application/toolchain/bin/../lib/gcc/arm-none-eabi/4.7.4/../../../../arm-none-eabi/lib\libc.a(lib_a-findfp.o)
                0x20014a08                __sinit
 .text.__sfp_lock_acquire
                0x20014a80        0x4 c:/isis/application/toolchain/bin/../lib/gcc/arm-none-eabi/4.7.4/../../../../arm-none-eabi/lib\libc.a(lib_a-findfp.o)
                0x20014a80                __sfp_lock_acquire
 .text.__sfp_lock_release
                0x20014a84        0x4 c:/isis/application/toolchain/bin/../lib/gcc/arm-none-eabi/4.7.4/../../../../arm-none-eabi/lib\libc.a(lib_a-findfp.o)
                0x20014a84                __sfp_lock_release
 .text._malloc_trim_r
                0x20014a88       0xfc c:/isis/application/toolchain/bin/../lib/gcc/arm-none-eabi/4.7.4/../../../../arm-none-eabi/lib\libc.a(lib_a-freer.o)
                0x20014a88                _malloc_trim_r
 .text._free_r  0x20014b84      0x26c c:/isis/application/toolchain/bin/../lib/gcc/arm-none-eabi/4.7.4/../../../../arm-none-eabi/lib\libc.a(lib_a-freer.o)
                0x20014b84                _free_r
 .text._fwalk   0x20014df0       0x88 c:/isis/application/toolchain/bin/../lib/gcc/arm-none-eabi/4.7.4/../../../../arm-none-eabi/lib\libc.a(lib_a-fwalk.o)
                0x20014df0                _fwalk
 .text._fwalk_reent
                0x20014e78       0x8c c:/isis/application/toolchain/bin/../lib/gcc/arm-none-eabi/4.7.4/../../../../arm-none-eabi/lib\libc.a(lib_a-fwalk.o)
                0x20014e78                _fwalk_reent
 .text.malloc   0x20014f04       0x20 c:/isis/application/toolchain/bin/../lib/gcc/arm-none-eabi/4.7.4/../../../../arm-none-eabi/lib\libc.a(lib_a-malloc.o)
                0x20014f04                malloc
 .text.free     0x20014f24       0x20 c:/isis/application/toolchain/bin/../lib/gcc/arm-none-eabi/4.7.4/../../../../arm-none-eabi/lib\libc.a(lib_a-malloc.o)
                0x20014f24                free
 .text._malloc_r
                0x20014f44      0x73c c:/isis/application/toolchain/bin/../lib/gcc/arm-none-eabi/4.7.4/../../../../arm-none-eabi/lib\libc.a(lib_a-mallocr.o)
                0x20014f44                _malloc_r
 .text.memcmp   0x20015680       0xb4 c:/isis/application/toolchain/bin/../lib/gcc/arm-none-eabi/4.7.4/../../../../arm-none-eabi/lib\libc.a(lib_a-memcmp.o)
                0x20015680                memcmp
 .text.memcpy   0x20015734       0xf4 c:/isis/application/toolchain/bin/../lib/gcc/arm-none-eabi/4.7.4/../../../../arm-none-eabi/lib\libc.a(lib_a-memcpy.o)
                0x20015734                memcpy
 .text.memset   0x20015828       0xf8 c:/isis/application/toolchain/bin/../lib/gcc/arm-none-eabi/4.7.4/../../../../arm-none-eabi/lib\libc.a(lib_a-memset.o)
                0x20015828                memset
 .text.__malloc_lock
                0x20015920        0x4 c:/isis/application/toolchain/bin/../lib/gcc/arm-none-eabi/4.7.4/../../../../arm-none-eabi/lib\libc.a(lib_a-mlock.o)
                0x20015920                __malloc_lock
 .text.__malloc_unlock
                0x20015924        0x4 c:/isis/application/toolchain/bin/../lib/gcc/arm-none-eabi/4.7.4/../../../../arm-none-eabi/lib\libc.a(lib_a-mlock.o)
                0x20015924                __malloc_unlock
 .text.printf   0x20015928       0x40 c:/isis/application/toolchain/bin/../lib/gcc/arm-none-eabi/4.7.4/../../../../arm-none-eabi/lib\libc.a(lib_a-printf.o)
                0x20015928                printf
 .text._puts_r  0x20015968       0xa4 c:/isis/application/toolchain/bin/../lib/gcc/arm-none-eabi/4.7.4/../../../../arm-none-eabi/lib\libc.a(lib_a-puts.o)
                0x20015968                _puts_r
 .text.puts     0x20015a0c       0x14 c:/isis/application/toolchain/bin/../lib/gcc/arm-none-eabi/4.7.4/../../../../arm-none-eabi/lib\libc.a(lib_a-puts.o)
                0x20015a0c                puts
 .text._sbrk_r  0x20015a20       0x40 c:/isis/application/toolchain/bin/../lib/gcc/arm-none-eabi/4.7.4/../../../../arm-none-eabi/lib\libc.a(lib_a-sbrkr.o)
                0x20015a20                _sbrk_r
 .text.snprintf
                0x20015a60       0x9c c:/isis/application/toolchain/bin/../lib/gcc/arm-none-eabi/4.7.4/../../../../arm-none-eabi/lib\libc.a(lib_a-snprintf.o)
                0x20015a60                snprintf
 .text.__sread  0x20015afc       0x34 c:/isis/application/toolchain/bin/../lib/gcc/arm-none-eabi/4.7.4/../../../../arm-none-eabi/lib\libc.a(lib_a-stdio.o)
                0x20015afc                __sread
 .text.__swrite
                0x20015b30       0x58 c:/isis/application/toolchain/bin/../lib/gcc/arm-none-eabi/4.7.4/../../../../arm-none-eabi/lib\libc.a(lib_a-stdio.o)
                0x20015b30                __swrite
 .text.__sseek  0x20015b88       0x34 c:/isis/application/toolchain/bin/../lib/gcc/arm-none-eabi/4.7.4/../../../../arm-none-eabi/lib\libc.a(lib_a-stdio.o)
                0x20015b88                __sseek
 .text.__sclose
                0x20015bbc       0x14 c:/isis/application/toolchain/bin/../lib/gcc/arm-none-eabi/4.7.4/../../../../arm-none-eabi/lib\libc.a(lib_a-stdio.o)
                0x20015bbc                __sclose
 .text.strlen   0x20015bd0       0x60 c:/isis/application/toolchain/bin/../lib/gcc/arm-none-eabi/4.7.4/../../../../arm-none-eabi/lib\libc.a(lib_a-strlen.o)
                0x20015bd0                strlen
 .text._strtol_r
                0x20015c30      0x1cc c:/isis/application/toolchain/bin/../lib/gcc/arm-none-eabi/4.7.4/../../../../arm-none-eabi/lib\libc.a(lib_a-strtol.o)
                0x20015c30                _strtol_r
 .text.strtol   0x20015dfc       0x2c c:/isis/application/toolchain/bin/../lib/gcc/arm-none-eabi/4.7.4/../../../../arm-none-eabi/lib\libc.a(lib_a-strtol.o)
                0x20015dfc                strtol
 .text._svfprintf_r
                0x20015e28     0x1f80 c:/isis/application/toolchain/bin/../lib/gcc/arm-none-eabi/4.7.4/../../../../arm-none-eabi/lib\libc.a(lib_a-svfprintf.o)
                0x20015e28                _svfprintf_r
 .text._vfprintf_r
                0x20017da8     0x1fe8 c:/isis/application/toolchain/bin/../lib/gcc/arm-none-eabi/4.7.4/../../../../arm-none-eabi/lib\libc.a(lib_a-vfprintf.o)
                0x20017da8                _vfprintf_r
 .text.__sbprintf
                0x20019d90       0xd0 c:/isis/application/toolchain/bin/../lib/gcc/arm-none-eabi/4.7.4/../../../../arm-none-eabi/lib\libc.a(lib_a-vfprintf.o)
 .text._write_r
                0x20019e60       0x44 c:/isis/application/toolchain/bin/../lib/gcc/arm-none-eabi/4.7.4/../../../../arm-none-eabi/lib\libc.a(lib_a-writer.o)
                0x20019e60                _write_r
 .text.__swsetup_r
                0x20019ea4      0x138 c:/isis/application/toolchain/bin/../lib/gcc/arm-none-eabi/4.7.4/../../../../arm-none-eabi/lib\libc.a(lib_a-wsetup.o)
                0x20019ea4                __swsetup_r
 .text._close_r
                0x20019fdc       0x3c c:/isis/application/toolchain/bin/../lib/gcc/arm-none-eabi/4.7.4/../../../../arm-none-eabi/lib\libc.a(lib_a-closer.o)
                0x20019fdc                _close_r
 .text.quorem   0x2001a018      0x1e0 c:/isis/application/toolchain/bin/../lib/gcc/arm-none-eabi/4.7.4/../../../../arm-none-eabi/lib\libc.a(lib_a-dtoa.o)
 .text._dtoa_r  0x2001a1f8     0x1698 c:/isis/application/toolchain/bin/../lib/gcc/arm-none-eabi/4.7.4/../../../../arm-none-eabi/lib\libc.a(lib_a-dtoa.o)
                0x2001a1f8                _dtoa_r
 .text._fclose_r
                0x2001b890       0xf8 c:/isis/application/toolchain/bin/../lib/gcc/arm-none-eabi/4.7.4/../../../../arm-none-eabi/lib\libc.a(lib_a-fclose.o)
                0x2001b890                _fclose_r
 .text.fclose   0x2001b988       0x14 c:/isis/application/toolchain/bin/../lib/gcc/arm-none-eabi/4.7.4/../../../../arm-none-eabi/lib\libc.a(lib_a-fclose.o)
                0x2001b988                fclose
 .text.__sfvwrite_r
                0x2001b99c      0x4c4 c:/isis/application/toolchain/bin/../lib/gcc/arm-none-eabi/4.7.4/../../../../arm-none-eabi/lib\libc.a(lib_a-fvwrite.o)
                0x2001b99c                __sfvwrite_r
 .text.__locale_charset
                0x2001be60        0xc c:/isis/application/toolchain/bin/../lib/gcc/arm-none-eabi/4.7.4/../../../../arm-none-eabi/lib\libc.a(lib_a-locale.o)
                0x2001be60                __locale_charset
 .text.__locale_mb_cur_max
                0x2001be6c       0x10 c:/isis/application/toolchain/bin/../lib/gcc/arm-none-eabi/4.7.4/../../../../arm-none-eabi/lib\libc.a(lib_a-locale.o)
                0x2001be6c                __locale_mb_cur_max
 .text._localeconv_r
                0x2001be7c        0xc c:/isis/application/toolchain/bin/../lib/gcc/arm-none-eabi/4.7.4/../../../../arm-none-eabi/lib\libc.a(lib_a-locale.o)
                0x2001be7c                _localeconv_r
 .text._lseek_r
                0x2001be88       0x44 c:/isis/application/toolchain/bin/../lib/gcc/arm-none-eabi/4.7.4/../../../../arm-none-eabi/lib\libc.a(lib_a-lseekr.o)
                0x2001be88                _lseek_r
 .text.__smakebuf_r