Archive member included because of file (symbol)

C:/ISIS/workspace/Taibeh/25.3.2020/satellite-subsystems/demo/..//satellite-subsystems/lib\libSatelliteSubsystemsD.a(version.o)
                              ./src/main.o (SatelliteSubsystemsCompileDate)
C:/ISIS/workspace/Taibeh/25.3.2020/satellite-subsystems/demo/../..//hal/hal/lib\libHALD.a(I2C.o)
                              ./src/main.o (I2C_start)
C:/ISIS/workspace/Taibeh/25.3.2020/satellite-subsystems/demo/../..//hal/hal/lib\libHALD.a(LED.o)
                              ./src/main.o (LED_start)
C:/ISIS/workspace/Taibeh/25.3.2020/satellite-subsystems/demo/../..//hal/hal/lib\libHALD.a(SPI.o)
                              ./src/main.o (SPI_start)
C:/ISIS/workspace/Taibeh/25.3.2020/satellite-subsystems/demo/../..//hal/hal/lib\libHALD.a(WatchDogTimerNoOS.o)
                              ./src/main.o (WDT_start)
C:/ISIS/workspace/Taibeh/25.3.2020/satellite-subsystems/demo/../..//hal/hal/lib\libHALD.a(WatchDogTimerOS.o)
                              ./src/main.o (WDT_startWatchdogKickTask)
C:/ISIS/workspace/Taibeh/25.3.2020/satellite-subsystems/demo/../..//hal/hal/lib\libHALD.a(util.o)
                              ./src/main.o (UTIL_DbguGetIntegerMinMax)
C:/ISIS/workspace/Taibeh/25.3.2020/satellite-subsystems/demo/../..//hal/hal/lib\libHALD.a(version.o)
                              ./src/main.o (HalCompileDate)
C:/ISIS/workspace/Taibeh/25.3.2020/satellite-subsystems/demo/../..//hal/freertos/lib\libFreeRTOSD.a(queue.o)
                              C:/ISIS/workspace/Taibeh/25.3.2020/satellite-subsystems/demo/../..//hal/hal/lib\libHALD.a(I2C.o) (xQueueGenericCreate)
C:/ISIS/workspace/Taibeh/25.3.2020/satellite-subsystems/demo/../..//hal/freertos/lib\libFreeRTOSD.a(tasks.o)
                              ./src/main.o (xTaskGenericCreate)
C:/ISIS/workspace/Taibeh/25.3.2020/satellite-subsystems/demo/../..//hal/freertos/lib\libFreeRTOSD.a(hooks.o)
                              C:/ISIS/workspace/Taibeh/25.3.2020/satellite-subsystems/demo/../..//hal/freertos/lib\libFreeRTOSD.a(tasks.o) (vApplicationStackOverflowHook)
C:/ISIS/workspace/Taibeh/25.3.2020/satellite-subsystems/demo/../..//hal/freertos/lib\libFreeRTOSD.a(standardMemMang.o)
                              C:/ISIS/workspace/Taibeh/25.3.2020/satellite-subsystems/demo/../..//hal/freertos/lib\libFreeRTOSD.a(queue.o) (pvPortMalloc)
C:/ISIS/workspace/Taibeh/25.3.2020/satellite-subsystems/demo/../..//hal/freertos/lib\libFreeRTOSD.a(port.o)
                              C:/ISIS/workspace/Taibeh/25.3.2020/satellite-subsystems/demo/../..//hal/freertos/lib\libFreeRTOSD.a(tasks.o) (pxPortInitialiseStack)
C:/ISIS/workspace/Taibeh/25.3.2020/satellite-subsystems/demo/../..//hal/freertos/lib\libFreeRTOSD.a(list.o)
                              C:/ISIS/workspace/Taibeh/25.3.2020/satellite-subsystems/demo/../..//hal/freertos/lib\libFreeRTOSD.a(queue.o) (vListInitialise)
C:/ISIS/workspace/Taibeh/25.3.2020/satellite-subsystems/demo/../..//hal/at91/lib\libAt91D.a(syscalls.o)
                              ./src/main.o (exit)
C:/ISIS/workspace/Taibeh/25.3.2020/satellite-subsystems/demo/../..//hal/at91/lib\libAt91D.a(aic.o)
                              C:/ISIS/workspace/Taibeh/25.3.2020/satellite-subsystems/demo/../..//hal/hal/lib\libHALD.a(I2C.o) (AIC_ConfigureIT)
C:/ISIS/workspace/Taibeh/25.3.2020/satellite-subsystems/demo/../..//hal/at91/lib\libAt91D.a(cp15.o)
                              ./src/main.o (CP15_Enable_I_Cache)
C:/ISIS/workspace/Taibeh/25.3.2020/satellite-subsystems/demo/../..//hal/at91/lib\libAt91D.a(dbgu.o)
                              ./src/main.o (DBGU_Configure)
C:/ISIS/workspace/Taibeh/25.3.2020/satellite-subsystems/demo/../..//hal/at91/lib\libAt91D.a(pio.o)
                              ./src/main.o (PIO_Configure)
C:/ISIS/workspace/Taibeh/25.3.2020/satellite-subsystems/demo/../..//hal/at91/lib\libAt91D.a(pio_it.o)
                              ./src/main.o (PIO_InitializeInterrupts)
C:/ISIS/workspace/Taibeh/25.3.2020/satellite-subsystems/demo/../..//hal/at91/lib\libAt91D.a(pit.o)
                              C:/ISIS/workspace/Taibeh/25.3.2020/satellite-subsystems/demo/../..//hal/freertos/lib\libFreeRTOSD.a(port.o) (PIT_Init)
C:/ISIS/workspace/Taibeh/25.3.2020/satellite-subsystems/demo/../..//hal/at91/lib\libAt91D.a(pmc.o)
                              C:/ISIS/workspace/Taibeh/25.3.2020/satellite-subsystems/demo/../..//hal/hal/lib\libHALD.a(I2C.o) (PMC_EnablePeripheral)
C:/ISIS/workspace/Taibeh/25.3.2020/satellite-subsystems/demo/../..//hal/at91/lib\libAt91D.a(spi_at91.o)
                              C:/ISIS/workspace/Taibeh/25.3.2020/satellite-subsystems/demo/../..//hal/hal/lib\libHALD.a(SPI.o) (SPI_Enable)
C:/ISIS/workspace/Taibeh/25.3.2020/satellite-subsystems/demo/../..//hal/at91/lib\libAt91D.a(twi_at91.o)
                              C:/ISIS/workspace/Taibeh/25.3.2020/satellite-subsystems/demo/../..//hal/hal/lib\libHALD.a(I2C.o) (TWI_ConfigureMaster)
[...]
Memory Configuration

Name             Origin             Length             Attributes
sram0            0x00200000         0x00004000         w !xr
sram1            0x00300000         0x00004000         w !xr
sdram            0x20000000         0x02000000         w !xr
*default*        0x00000000         0xffffffff

Linker script and memory map

LOAD c:/isis/application/toolchain/bin/../lib/gcc/arm-none-eabi/4.7.4/../../../../arm-none-eabi/lib\libc.a
LOAD ./src/main.o
LOAD C:/ISIS/workspace/Taibeh/25.3.2020/satellite-subsystems/demo/..//satellite-subsystems/lib\libSatelliteSubsystemsD.a
LOAD c:/isis/application/toolchain/bin/../lib/gcc/arm-none-eabi/4.7.4/../../../../arm-none-eabi/lib\libm.a
LOAD C:/ISIS/workspace/Taibeh/25.3.2020/satellite-subsystems/demo/../..//hal/hcc/lib\libHCCD.a
LOAD C:/ISIS/workspace/Taibeh/25.3.2020/satellite-subsystems/demo/../..//hal/hal/lib\libHALD.a
LOAD C:/ISIS/workspace/Taibeh/25.3.2020/satellite-subsystems/demo/../..//hal/freertos/lib\libFreeRTOSD.a
LOAD C:/ISIS/workspace/Taibeh/25.3.2020/satellite-subsystems/demo/../..//hal/at91/lib\libAt91D.a
START GROUP
LOAD c:/isis/application/toolchain/bin/../lib/gcc/arm-none-eabi/4.7.4\libgcc.a
LOAD c:/isis/application/toolchain/bin/../lib/gcc/arm-none-eabi/4.7.4/../../../../arm-none-eabi/lib\libg.a
LOAD c:/isis/application/toolchain/bin/../lib/gcc/arm-none-eabi/4.7.4/../../../../arm-none-eabi/lib\libc.a
END GROUP

.fixed          0x20000000     0xf7d4
                0x20000000                . = ALIGN (0x4)
                0x20000000                _sfixed = .
 *(.startup)
 .startup       0x20000000      0x134 C:/ISIS/workspace/Taibeh/25.3.2020/satellite-subsystems/demo/../..//hal/at91/lib\libAt91D.a(board_cstartup.o)
                0x20000000                entry
 *(.text)
 .text          0x20000134       0x64 C:/ISIS/workspace/Taibeh/25.3.2020/satellite-subsystems/demo/../..//hal/at91/lib\libAt91D.a(cp15_asm.o)
                0x20000134                _readControlRegister
                0x20000140                _writeControlRegister
                0x20000148                _waitForInterrupt
                0x20000154                _writeTTB
                0x2000015c                _writeDomain
                0x20000164                _writeITLBLockdown
                0x2000016c                _prefetchICacheLine
                0x20000174                _flushDCache
                0x20000180                _flushWriteBuffer
                0x2000018c                _invalidateIDTLBs
 .text          0x20000198      0x114 c:/isis/application/toolchain/bin/../lib/gcc/arm-none-eabi/4.7.4\libgcc.a(_udivsi3.o)
                0x20000198                __aeabi_uidiv
                0x20000198                __udivsi3
                0x2000028c                __aeabi_uidivmod
 .text          0x200002ac        0x4 c:/isis/application/toolchain/bin/../lib/gcc/arm-none-eabi/4.7.4\libgcc.a(_dvmd_tls.o)
                0x200002ac                __aeabi_idiv0
                0x200002ac                __aeabi_ldiv0
 .text          0x200002b0      0x41c c:/isis/application/toolchain/bin/../lib/gcc/arm-none-eabi/4.7.4\libgcc.a(_arm_addsubdf3.o)
                0x200002b0                __aeabi_drsub
                0x200002b8                __aeabi_dsub
                0x200002b8                __subdf3
                0x200002bc                __aeabi_dadd
                0x200002bc                __adddf3
                0x200005cc                __floatunsidf
                0x200005cc                __aeabi_ui2d
                0x200005f0                __floatsidf
                0x200005f0                __aeabi_i2d
                0x20000618                __aeabi_f2d
                0x20000618                __extendsfdf2
                0x20000658                __floatundidf
                0x20000658                __aeabi_ul2d
                0x2000066c                __floatdidf
                0x2000066c                __aeabi_l2d
 .text          0x200006cc      0x49c c:/isis/application/toolchain/bin/../lib/gcc/arm-none-eabi/4.7.4\libgcc.a(_arm_muldivdf3.o)
                0x200006cc                __aeabi_dmul
                0x200006cc                __muldf3
                0x2000095c                __divdf3
                0x2000095c                __aeabi_ddiv
 .text          0x20000b68      0x144 c:/isis/application/toolchain/bin/../lib/gcc/arm-none-eabi/4.7.4\libgcc.a(_arm_cmpdf2.o)
                0x20000b68                __gtdf2
                0x20000b68                __gedf2
                0x20000b70                __ltdf2
                0x20000b70                __ledf2
                0x20000b78                __nedf2
                0x20000b78                __eqdf2
                0x20000b78                __cmpdf2
                0x20000c00                __aeabi_cdrcmple
                0x20000c1c                __aeabi_cdcmpeq
                0x20000c1c                __aeabi_cdcmple
                0x20000c34                __aeabi_dcmpeq
                0x20000c4c                __aeabi_dcmplt
                0x20000c64                __aeabi_dcmple
                0x20000c7c                __aeabi_dcmpge
                0x20000c94                __aeabi_dcmpgt
 .text          0x20000cac       0x5c c:/isis/application/toolchain/bin/../lib/gcc/arm-none-eabi/4.7.4\libgcc.a(_arm_fixdfsi.o)
                0x20000cac                __aeabi_d2iz
                0x20000cac                __fixdfsi
 .text          0x20000d08       0x3c c:/isis/application/toolchain/bin/../lib/gcc/arm-none-eabi/4.7.4\libgcc.a(_aeabi_uldivmod.o)
                0x20000d08                __aeabi_uldivmod
 .text          0x20000d44       0x84 c:/isis/application/toolchain/bin/../lib/gcc/arm-none-eabi/4.7.4\libgcc.a(bpabi.o)
                0x20000d44                __gnu_ldivmod_helper
                0x20000d88                __gnu_uldivmod_helper
 .text          0x20000dc8      0x4f0 c:/isis/application/toolchain/bin/../lib/gcc/arm-none-eabi/4.7.4\libgcc.a(_divdi3.o)
                0x20000dc8                __divdi3
 .text          0x200012b8      0x488 c:/isis/application/toolchain/bin/../lib/gcc/arm-none-eabi/4.7.4\libgcc.a(_udivdi3.o)
                0x200012b8                __udivdi3
 .text          0x20001740       0x48 c:/isis/application/toolchain/bin/../lib/gcc/arm-none-eabi/4.7.4\libgcc.a(_clzsi2.o)
                0x20001740                __clzsi2
 *(.text*)
 .text.selectAndExecuteTest
                0x20001788      0x280 ./src/main.o
                0x20001788                selectAndExecuteTest
 .text.taskMain
                0x20001a08       0x5c ./src/main.o
                0x20001a08                taskMain
 .text.main     0x20001a64      0x234 ./src/main.o
                0x20001a64                main
 .text.I2C_start
                0x20001c98      0x2e8 C:/ISIS/workspace/Taibeh/25.3.2020/satellite-subsystems/demo/../..//hal/hal/lib\libHALD.a(I2C.o)
                0x20001c98                I2C_start
 .text.I2C_stop
                0x20001f80      0x184 C:/ISIS/workspace/Taibeh/25.3.2020/satellite-subsystems/demo/../..//hal/hal/lib\libHALD.a(I2C.o)
                0x20001f80                I2C_stop
 .text.I2C_setTransferTimeout
                0x20002104       0x48 C:/ISIS/workspace/Taibeh/25.3.2020/satellite-subsystems/demo/../..//hal/hal/lib\libHALD.a(I2C.o)
                0x20002104                I2C_setTransferTimeout
 .text.uSdelay  0x2000214c       0x88 C:/ISIS/workspace/Taibeh/25.3.2020/satellite-subsystems/demo/../..//hal/hal/lib\libHALD.a(LED.o)
 .text.LED_start
                0x200021d4       0x1c C:/ISIS/workspace/Taibeh/25.3.2020/satellite-subsystems/demo/../..//hal/hal/lib\libHALD.a(LED.o)
                0x200021d4                LED_start
 .text.LED_glow
                0x200021f0       0x58 C:/ISIS/workspace/Taibeh/25.3.2020/satellite-subsystems/demo/../..//hal/hal/lib\libHALD.a(LED.o)
                0x200021f0                LED_glow
 .text.LED_dark
                0x20002248       0x58 C:/ISIS/workspace/Taibeh/25.3.2020/satellite-subsystems/demo/../..//hal/hal/lib\libHALD.a(LED.o)
                0x20002248                LED_dark
 .text.LED_toggle
                0x200022a0       0x50 C:/ISIS/workspace/Taibeh/25.3.2020/satellite-subsystems/demo/../..//hal/hal/lib\libHALD.a(LED.o)
                0x200022a0                LED_toggle
 .text.LED_wave
                0x200022f0       0xd0 C:/ISIS/workspace/Taibeh/25.3.2020/satellite-subsystems/demo/../..//hal/hal/lib\libHALD.a(LED.o)
                0x200022f0                LED_wave
 .text.LED_waveReverse
                0x200023c0       0xd0 C:/ISIS/workspace/Taibeh/25.3.2020/satellite-subsystems/demo/../..//hal/hal/lib\libHALD.a(LED.o)
                0x200023c0                LED_waveReverse
 .text.clearPDCtransfers
                0x20002490       0xdc C:/ISIS/workspace/Taibeh/25.3.2020/satellite-subsystems/demo/../..//hal/hal/lib\libHALD.a(SPI.o)
 .text.SPI_start
                0x2000256c      0x4c0 C:/ISIS/workspace/Taibeh/25.3.2020/satellite-subsystems/demo/../..//hal/hal/lib\libHALD.a(SPI.o)
                0x2000256c                SPI_start
 .text.SPI_stop
                0x20002a2c      0x22c C:/ISIS/workspace/Taibeh/25.3.2020/satellite-subsystems/demo/../..//hal/hal/lib\libHALD.a(SPI.o)
                0x20002a2c                SPI_stop
 .text.waitForTransfer
                0x20002c58       0x68 C:/ISIS/workspace/Taibeh/25.3.2020/satellite-subsystems/demo/../..//hal/hal/lib\libHALD.a(SPI.o)
 .text.WDT_start
                0x20002cc0       0x48 C:/ISIS/workspace/Taibeh/25.3.2020/satellite-subsystems/demo/../..//hal/hal/lib\libHALD.a(WatchDogTimerNoOS.o)
                0x20002cc0                WDT_start
 .text.WDT_startWatchdogKickTask
                0x20002d08       0xb4 C:/ISIS/workspace/Taibeh/25.3.2020/satellite-subsystems/demo/../..//hal/hal/lib\libHALD.a(WatchDogTimerOS.o)
                0x20002d08                WDT_startWatchdogKickTask
 .text.WDT_forceKickEveryNms
                0x20002dbc       0x50 C:/ISIS/workspace/Taibeh/25.3.2020/satellite-subsystems/demo/../..//hal/hal/lib\libHALD.a(WatchDogTimerOS.o)
                0x20002dbc                WDT_forceKickEveryNms
 .text.UTIL_DbguGetInteger
                0x20002e0c      0x124 C:/ISIS/workspace/Taibeh/25.3.2020/satellite-subsystems/demo/../..//hal/hal/lib\libHALD.a(util.o)
                0x20002e0c                UTIL_DbguGetInteger
 .text.UTIL_DbguGetIntegerMinMax
                0x20002f30       0xa4 C:/ISIS/workspace/Taibeh/25.3.2020/satellite-subsystems/demo/../..//hal/hal/lib\libHALD.a(util.o)
                0x20002f30                UTIL_DbguGetIntegerMinMax
 .text.xQueueGenericReset
                0x20002fd4      0x150 C:/ISIS/workspace/Taibeh/25.3.2020/satellite-subsystems/demo/../..//hal/freertos/lib\libFreeRTOSD.a(queue.o)
                0x20002fd4                xQueueGenericReset
 .text.xQueueGenericCreate
                0x20003124       0xfc C:/ISIS/workspace/Taibeh/25.3.2020/satellite-subsystems/demo/../..//hal/freertos/lib\libFreeRTOSD.a(queue.o)
                0x20003124                xQueueGenericCreate
 .text.xQueueCreateMutex
                0x20003220      0x110 C:/ISIS/workspace/Taibeh/25.3.2020/satellite-subsystems/demo/../..//hal/freertos/lib\libFreeRTOSD.a(queue.o)
                0x20003220                xQueueCreateMutex
 .text.xQueueGenericSend
                0x20003330      0x268 C:/ISIS/workspace/Taibeh/25.3.2020/satellite-subsystems/demo/../..//hal/freertos/lib\libFreeRTOSD.a(queue.o)
                0x20003330                xQueueGenericSend
 .text.xQueueGenericSendFromISR
                0x20003598      0x19c C:/ISIS/workspace/Taibeh/25.3.2020/satellite-subsystems/demo/../..//hal/freertos/lib\libFreeRTOSD.a(queue.o)
                0x20003598                xQueueGenericSendFromISR
 .text.xQueueGenericReceive
                0x20003734      0x2cc C:/ISIS/workspace/Taibeh/25.3.2020/satellite-subsystems/demo/../..//hal/freertos/lib\libFreeRTOSD.a(queue.o)
                0x20003734                xQueueGenericReceive
 .text.uxQueueMessagesWaiting
                0x20003a00       0x6c C:/ISIS/workspace/Taibeh/25.3.2020/satellite-subsystems/demo/../..//hal/freertos/lib\libFreeRTOSD.a(queue.o)
                0x20003a00                uxQueueMessagesWaiting
 .text.vQueueDelete
                0x20003a6c       0x78 C:/ISIS/workspace/Taibeh/25.3.2020/satellite-subsystems/demo/../..//hal/freertos/lib\libFreeRTOSD.a(queue.o)
                0x20003a6c                vQueueDelete
 .text.prvCopyDataToQueue
                0x20003ae4      0x190 C:/ISIS/workspace/Taibeh/25.3.2020/satellite-subsystems/demo/../..//hal/freertos/lib\libFreeRTOSD.a(queue.o)
 .text.prvCopyDataFromQueue
                0x20003c74       0x90 C:/ISIS/workspace/Taibeh/25.3.2020/satellite-subsystems/demo/../..//hal/freertos/lib\libFreeRTOSD.a(queue.o)
 .text.prvUnlockQueue
                0x20003d04      0x100 C:/ISIS/workspace/Taibeh/25.3.2020/satellite-subsystems/demo/../..//hal/freertos/lib\libFreeRTOSD.a(queue.o)
 .text.prvIsQueueEmpty
                0x20003e04       0x4c C:/ISIS/workspace/Taibeh/25.3.2020/satellite-subsystems/demo/../..//hal/freertos/lib\libFreeRTOSD.a(queue.o)
 .text.prvIsQueueFull
                0x20003e50       0x54 C:/ISIS/workspace/Taibeh/25.3.2020/satellite-subsystems/demo/../..//hal/freertos/lib\libFreeRTOSD.a(queue.o)
 .text.vQueueUnregisterQueue
                0x20003ea4       0x80 C:/ISIS/workspace/Taibeh/25.3.2020/satellite-subsystems/demo/../..//hal/freertos/lib\libFreeRTOSD.a(queue.o)
                0x20003ea4                vQueueUnregisterQueue
 .text.xTaskGenericCreate
                0x20003f24      0x2ac C:/ISIS/workspace/Taibeh/25.3.2020/satellite-subsystems/demo/../..//hal/freertos/lib\libFreeRTOSD.a(tasks.o)
                0x20003f24                xTaskGenericCreate
 .text.vTaskDelete
                0x200041d0       0xe8 C:/ISIS/workspace/Taibeh/25.3.2020/satellite-subsystems/demo/../..//hal/freertos/lib\libFreeRTOSD.a(tasks.o)
                0x200041d0                vTaskDelete
 .text.vTaskDelay
                0x200042b8       0x80 C:/ISIS/workspace/Taibeh/25.3.2020/satellite-subsystems/demo/../..//hal/freertos/lib\libFreeRTOSD.a(tasks.o)
                0x200042b8                vTaskDelay
 .text.vTaskStartScheduler
                0x20004338       0xd4 C:/ISIS/workspace/Taibeh/25.3.2020/satellite-subsystems/demo/../..//hal/freertos/lib\libFreeRTOSD.a(tasks.o)
                0x20004338                vTaskStartScheduler
 .text.vTaskSuspendAll
                0x2000440c       0x2c C:/ISIS/workspace/Taibeh/25.3.2020/satellite-subsystems/demo/../..//hal/freertos/lib\libFreeRTOSD.a(tasks.o)
                0x2000440c                vTaskSuspendAll
 .text.xTaskResumeAll
                0x20004438      0x1f4 C:/ISIS/workspace/Taibeh/25.3.2020/satellite-subsystems/demo/../..//hal/freertos/lib\libFreeRTOSD.a(tasks.o)
                0x20004438                xTaskResumeAll
 .text.xTaskGetTickCount
                0x2000462c       0x34 C:/ISIS/workspace/Taibeh/25.3.2020/satellite-subsystems/demo/../..//hal/freertos/lib\libFreeRTOSD.a(tasks.o)
                0x2000462c                xTaskGetTickCount
 .text.xTaskIncrementTick
                0x20004660      0x298 C:/ISIS/workspace/Taibeh/25.3.2020/satellite-subsystems/demo/../..//hal/freertos/lib\libFreeRTOSD.a(tasks.o)
                0x20004660                xTaskIncrementTick
 .text.vTaskSwitchContext
                0x200048f8      0x18c C:/ISIS/workspace/Taibeh/25.3.2020/satellite-subsystems/demo/../..//hal/freertos/lib\libFreeRTOSD.a(tasks.o)
                0x200048f8                vTaskSwitchContext
 .text.vTaskPlaceOnEventList
                0x20004a84       0xcc C:/ISIS/workspace/Taibeh/25.3.2020/satellite-subsystems/demo/../..//hal/freertos/lib\libFreeRTOSD.a(tasks.o)
                0x20004a84                vTaskPlaceOnEventList
 .text.xTaskRemoveFromEventList
                0x20004b50      0x160 C:/ISIS/workspace/Taibeh/25.3.2020/satellite-subsystems/demo/../..//hal/freertos/lib\libFreeRTOSD.a(tasks.o)
                0x20004b50                xTaskRemoveFromEventList
 .text.vTaskSetTimeOutState
                0x20004cb0       0x78 C:/ISIS/workspace/Taibeh/25.3.2020/satellite-subsystems/demo/../..//hal/freertos/lib\libFreeRTOSD.a(tasks.o)
                0x20004cb0                vTaskSetTimeOutState
 .text.xTaskCheckForTimeOut
                0x20004d28      0x158 C:/ISIS/workspace/Taibeh/25.3.2020/satellite-subsystems/demo/../..//hal/freertos/lib\libFreeRTOSD.a(tasks.o)
                0x20004d28                xTaskCheckForTimeOut
 .text.vTaskMissedYield
                0x20004e80       0x24 C:/ISIS/workspace/Taibeh/25.3.2020/satellite-subsystems/demo/../..//hal/freertos/lib\libFreeRTOSD.a(tasks.o)
                0x20004e80                vTaskMissedYield
 .text.prvIdleTask
                0x20004ea4       0x20 C:/ISIS/workspace/Taibeh/25.3.2020/satellite-subsystems/demo/../..//hal/freertos/lib\libFreeRTOSD.a(tasks.o)
 .text.prvInitialiseTCBVariables
                0x20004ec4      0x110 C:/ISIS/workspace/Taibeh/25.3.2020/satellite-subsystems/demo/../..//hal/freertos/lib\libFreeRTOSD.a(tasks.o)
 .text.prvInitialiseTaskLists
                0x20004fd4       0xbc C:/ISIS/workspace/Taibeh/25.3.2020/satellite-subsystems/demo/../..//hal/freertos/lib\libFreeRTOSD.a(tasks.o)
 .text.prvCheckTasksWaitingTermination
                0x20005090       0xbc C:/ISIS/workspace/Taibeh/25.3.2020/satellite-subsystems/demo/../..//hal/freertos/lib\libFreeRTOSD.a(tasks.o)
 .text.prvAddCurrentTaskToDelayedList
                0x2000514c       0xb4 C:/ISIS/workspace/Taibeh/25.3.2020/satellite-subsystems/demo/../..//hal/freertos/lib\libFreeRTOSD.a(tasks.o)
 .text.prvAllocateTCBAndStack
                0x20005200       0xb4 C:/ISIS/workspace/Taibeh/25.3.2020/satellite-subsystems/demo/../..//hal/freertos/lib\libFreeRTOSD.a(tasks.o)
 .text.prvDeleteTCB
                0x200052b4       0x30 C:/ISIS/workspace/Taibeh/25.3.2020/satellite-subsystems/demo/../..//hal/freertos/lib\libFreeRTOSD.a(tasks.o)
 .text.xTaskGetCurrentTaskHandle
                0x200052e4       0x30 C:/ISIS/workspace/Taibeh/25.3.2020/satellite-subsystems/demo/../..//hal/freertos/lib\libFreeRTOSD.a(tasks.o)
                0x200052e4                xTaskGetCurrentTaskHandle
 .text.xTaskGetSchedulerState
                0x20005314       0x68 C:/ISIS/workspace/Taibeh/25.3.2020/satellite-subsystems/demo/../..//hal/freertos/lib\libFreeRTOSD.a(tasks.o)
                0x20005314                xTaskGetSchedulerState
 .text.vTaskPriorityInherit
                0x2000537c      0x148 C:/ISIS/workspace/Taibeh/25.3.2020/satellite-subsystems/demo/../..//hal/freertos/lib\libFreeRTOSD.a(tasks.o)
                0x2000537c                vTaskPriorityInherit
 .text.vTaskPriorityDisinherit
                0x200054c4       0xdc C:/ISIS/workspace/Taibeh/25.3.2020/satellite-subsystems/demo/../..//hal/freertos/lib\libFreeRTOSD.a(tasks.o)
                0x200054c4                vTaskPriorityDisinherit
 .text.vApplicationStackOverflowHook
                0x200055a0       0x4c C:/ISIS/workspace/Taibeh/25.3.2020/satellite-subsystems/demo/../..//hal/freertos/lib\libFreeRTOSD.a(hooks.o)
                0x200055a0                vApplicationStackOverflowHook
 .text.vApplicationIdleHook
                0x200055ec       0x18 C:/ISIS/workspace/Taibeh/25.3.2020/satellite-subsystems/demo/../..//hal/freertos/lib\libFreeRTOSD.a(hooks.o)
                0x200055ec                vApplicationIdleHook
 .text.pvPortMalloc
                0x20005604       0x28 C:/ISIS/workspace/Taibeh/25.3.2020/satellite-subsystems/demo/../..//hal/freertos/lib\libFreeRTOSD.a(standardMemMang.o)
                0x20005604                pvPortMalloc
 .text.vPortFree
                0x2000562c       0x20 C:/ISIS/workspace/Taibeh/25.3.2020/satellite-subsystems/demo/../..//hal/freertos/lib\libFreeRTOSD.a(standardMemMang.o)
                0x2000562c                vPortFree
 .text.pxPortInitialiseStack
                0x2000564c      0x218 C:/ISIS/workspace/Taibeh/25.3.2020/satellite-subsystems/demo/../..//hal/freertos/lib\libFreeRTOSD.a(port.o)
                0x2000564c                pxPortInitialiseStack
 .text.xPortStartScheduler
                0x20005864       0x1c C:/ISIS/workspace/Taibeh/25.3.2020/satellite-subsystems/demo/../..//hal/freertos/lib\libFreeRTOSD.a(port.o)
                0x20005864                xPortStartScheduler
 .text.prvSetupTimerInterrupt
                0x20005880       0x54 C:/ISIS/workspace/Taibeh/25.3.2020/satellite-subsystems/demo/../..//hal/freertos/lib\libFreeRTOSD.a(port.o)
 .text.vPortISRStartFirstTask
                0x200058d4       0x64 C:/ISIS/workspace/Taibeh/25.3.2020/satellite-subsystems/demo/../..//hal/freertos/lib\libFreeRTOSD.a(port.o)
 .text.vPortEnterCritical
                0x20005938       0x40 C:/ISIS/workspace/Taibeh/25.3.2020/satellite-subsystems/demo/../..//hal/freertos/lib\libFreeRTOSD.a(port.o)
                0x20005938                vPortEnterCritical
 .text.vPortExitCritical
                0x20005978       0x60 C:/ISIS/workspace/Taibeh/25.3.2020/satellite-subsystems/demo/../..//hal/freertos/lib\libFreeRTOSD.a(port.o)
                0x20005978                vPortExitCritical
 .text.vListInitialise
                0x200059d8       0x64 C:/ISIS/workspace/Taibeh/25.3.2020/satellite-subsystems/demo/../..//hal/freertos/lib\libFreeRTOSD.a(list.o)
                0x200059d8                vListInitialise
 .text.vListInitialiseItem
                0x20005a3c       0x28 C:/ISIS/workspace/Taibeh/25.3.2020/satellite-subsystems/demo/../..//hal/freertos/lib\libFreeRTOSD.a(list.o)
                0x20005a3c                vListInitialiseItem
 .text.vListInsertEnd
                0x20005a64       0x84 C:/ISIS/workspace/Taibeh/25.3.2020/satellite-subsystems/demo/../..//hal/freertos/lib\libFreeRTOSD.a(list.o)
                0x20005a64                vListInsertEnd
 .text.vListInsert
                0x20005ae8       0xd4 C:/ISIS/workspace/Taibeh/25.3.2020/satellite-subsystems/demo/../..//hal/freertos/lib\libFreeRTOSD.a(list.o)
                0x20005ae8                vListInsert
 .text.uxListRemove
                0x20005bbc       0xa0 C:/ISIS/workspace/Taibeh/25.3.2020/satellite-subsystems/demo/../..//hal/freertos/lib\libFreeRTOSD.a(list.o)
                0x20005bbc                uxListRemove
 .text._read    0x20005c5c       0xa4 C:/ISIS/workspace/Taibeh/25.3.2020/satellite-subsystems/demo/../..//hal/at91/lib\libAt91D.a(syscalls.o)
                0x20005c5c                _read
 .text._write   0x20005d00       0xb8 C:/ISIS/workspace/Taibeh/25.3.2020/satellite-subsystems/demo/../..//hal/at91/lib\libAt91D.a(syscalls.o)
                0x20005d00                _write
 .text._lseek   0x20005db8       0x2c C:/ISIS/workspace/Taibeh/25.3.2020/satellite-subsystems/demo/../..//hal/at91/lib\libAt91D.a(syscalls.o)
                0x20005db8                _lseek
 .text._close   0x20005de4       0x24 C:/ISIS/workspace/Taibeh/25.3.2020/satellite-subsystems/demo/../..//hal/at91/lib\libAt91D.a(syscalls.o)
                0x20005de4                _close
 .text._fstat   0x20005e08       0x28 C:/ISIS/workspace/Taibeh/25.3.2020/satellite-subsystems/demo/../..//hal/at91/lib\libAt91D.a(syscalls.o)
                0x20005e08                _fstat
 .text._isatty  0x20005e30       0x38 C:/ISIS/workspace/Taibeh/25.3.2020/satellite-subsystems/demo/../..//hal/at91/lib\libAt91D.a(syscalls.o)
                0x20005e30                _isatty
 .text.exit     0x20005e68       0x28 C:/ISIS/workspace/Taibeh/25.3.2020/satellite-subsystems/demo/../..//hal/at91/lib\libAt91D.a(syscalls.o)
                0x20005e68                exit
 .text._sbrk    0x20005e90       0xac C:/ISIS/workspace/Taibeh/25.3.2020/satellite-subsystems/demo/../..//hal/at91/lib\libAt91D.a(syscalls.o)
                0x20005e90                _sbrk
 .text.AIC_ConfigureIT
                0x20005f3c       0x74 C:/ISIS/workspace/Taibeh/25.3.2020/satellite-subsystems/demo/../..//hal/at91/lib\libAt91D.a(aic.o)
                0x20005f3c                AIC_ConfigureIT
 .text.AIC_EnableIT
                0x20005fb0       0x34 C:/ISIS/workspace/Taibeh/25.3.2020/satellite-subsystems/demo/../..//hal/at91/lib\libAt91D.a(aic.o)
                0x20005fb0                AIC_EnableIT
 .text.AIC_DisableIT
                0x20005fe4       0x34 C:/ISIS/workspace/Taibeh/25.3.2020/satellite-subsystems/demo/../..//hal/at91/lib\libAt91D.a(aic.o)
                0x20005fe4                AIC_DisableIT
 .text.CP15_Enable_I_Cache
                0x20006018       0x4c C:/ISIS/workspace/Taibeh/25.3.2020/satellite-subsystems/demo/../..//hal/at91/lib\libAt91D.a(cp15.o)
                0x20006018                CP15_Enable_I_Cache
 .text.CP15_Disable_I_Cache
                0x20006064       0x5c C:/ISIS/workspace/Taibeh/25.3.2020/satellite-subsystems/demo/../..//hal/at91/lib\libAt91D.a(cp15.o)
                0x20006064                CP15_Disable_I_Cache
 .text.CP15_DisableMMU
                0x200060c0       0x68 C:/ISIS/workspace/Taibeh/25.3.2020/satellite-subsystems/demo/../..//hal/at91/lib\libAt91D.a(cp15.o)
                0x200060c0                CP15_DisableMMU
 .text.CP15_Disable_D_Cache
                0x20006128       0x5c C:/ISIS/workspace/Taibeh/25.3.2020/satellite-subsystems/demo/../..//hal/at91/lib\libAt91D.a(cp15.o)
                0x20006128                CP15_Disable_D_Cache
 .text.DBGU_Configure
                0x20006184       0x84 C:/ISIS/workspace/Taibeh/25.3.2020/satellite-subsystems/demo/../..//hal/at91/lib\libAt91D.a(dbgu.o)
                0x20006184                DBGU_Configure
 .text.DBGU_PutChar
                0x20006208       0x60 C:/ISIS/workspace/Taibeh/25.3.2020/satellite-subsystems/demo/../..//hal/at91/lib\libAt91D.a(dbgu.o)
                0x20006208                DBGU_PutChar
 .text.DBGU_IsRxReady
                0x20006268       0x28 C:/ISIS/workspace/Taibeh/25.3.2020/satellite-subsystems/demo/../..//hal/at91/lib\libAt91D.a(dbgu.o)
                0x20006268                DBGU_IsRxReady
 .text.DBGU_GetChar
                0x20006290       0x40 C:/ISIS/workspace/Taibeh/25.3.2020/satellite-subsystems/demo/../..//hal/at91/lib\libAt91D.a(dbgu.o)
                0x20006290                DBGU_GetChar
 .text.PIO_SetPeripheralA
                0x200062d0       0x74 C:/ISIS/workspace/Taibeh/25.3.2020/satellite-subsystems/demo/../..//hal/at91/lib\libAt91D.a(pio.o)
 .text.PIO_SetPeripheralB
                0x20006344       0x74 C:/ISIS/workspace/Taibeh/25.3.2020/satellite-subsystems/demo/../..//hal/at91/lib\libAt91D.a(pio.o)
 .text.PIO_SetInput
                0x200063b8       0x9c C:/ISIS/workspace/Taibeh/25.3.2020/satellite-subsystems/demo/../..//hal/at91/lib\libAt91D.a(pio.o)
 .text.PIO_SetOutput
                0x20006454       0xc4 C:/ISIS/workspace/Taibeh/25.3.2020/satellite-subsystems/demo/../..//hal/at91/lib\libAt91D.a(pio.o)
 .text.PIO_Configure
                0x20006518      0x1ec C:/ISIS/workspace/Taibeh/25.3.2020/satellite-subsystems/demo/../..//hal/at91/lib\libAt91D.a(pio.o)
                0x20006518                PIO_Configure
 .text.PIO_Set  0x20006704       0x3c C:/ISIS/workspace/Taibeh/25.3.2020/satellite-subsystems/demo/../..//hal/at91/lib\libAt91D.a(pio.o)
                0x20006704                PIO_Set
 .text.PIO_Clear
                0x20006740       0x3c C:/ISIS/workspace/Taibeh/25.3.2020/satellite-subsystems/demo/../..//hal/at91/lib\libAt91D.a(pio.o)
                0x20006740                PIO_Clear
 .text.PioInterruptHandler
                0x2000677c      0x11c C:/ISIS/workspace/Taibeh/25.3.2020/satellite-subsystems/demo/../..//hal/at91/lib\libAt91D.a(pio_it.o)
 .text.InterruptHandler
                0x20006898       0x3c C:/ISIS/workspace/Taibeh/25.3.2020/satellite-subsystems/demo/../..//hal/at91/lib\libAt91D.a(pio_it.o)
 .text.PIO_InitializeInterrupts
                0x200068d4       0xf8 C:/ISIS/workspace/Taibeh/25.3.2020/satellite-subsystems/demo/../..//hal/at91/lib\libAt91D.a(pio_it.o)
                0x200068d4                PIO_InitializeInterrupts
 .text.PIT_Init
                0x200069cc       0x68 C:/ISIS/workspace/Taibeh/25.3.2020/satellite-subsystems/demo/../..//hal/at91/lib\libAt91D.a(pit.o)
                0x200069cc                PIT_Init
 .text.PIT_Enable
                0x20006a34       0x2c C:/ISIS/workspace/Taibeh/25.3.2020/satellite-subsystems/demo/../..//hal/at91/lib\libAt91D.a(pit.o)
                0x20006a34                PIT_Enable
 .text.PIT_EnableIT
                0x20006a60       0x2c C:/ISIS/workspace/Taibeh/25.3.2020/satellite-subsystems/demo/../..//hal/at91/lib\libAt91D.a(pit.o)
                0x20006a60                PIT_EnableIT
 .text.PMC_EnablePeripheral
                0x20006a8c       0xa4 C:/ISIS/workspace/Taibeh/25.3.2020/satellite-subsystems/demo/../..//hal/at91/lib\libAt91D.a(pmc.o)
                0x20006a8c                PMC_EnablePeripheral
 .text.PMC_DisablePeripheral
                0x20006b30       0xa4 C:/ISIS/workspace/Taibeh/25.3.2020/satellite-subsystems/demo/../..//hal/at91/lib\libAt91D.a(pmc.o)
                0x20006b30                PMC_DisablePeripheral
 .text.SPI_Enable
                0x20006bd4       0x28 C:/ISIS/workspace/Taibeh/25.3.2020/satellite-subsystems/demo/../..//hal/at91/lib\libAt91D.a(spi_at91.o)
                0x20006bd4                SPI_Enable
 .text.SPI_Disable
                0x20006bfc       0x28 C:/ISIS/workspace/Taibeh/25.3.2020/satellite-subsystems/demo/../..//hal/at91/lib\libAt91D.a(spi_at91.o)
                0x20006bfc                SPI_Disable
 .text.SPI_Configure
                0x20006c24       0x6c C:/ISIS/workspace/Taibeh/25.3.2020/satellite-subsystems/demo/../..//hal/at91/lib\libAt91D.a(spi_at91.o)
                0x20006c24                SPI_Configure
 .text.SPI_ConfigureNPCS
                0x20006c90       0x38 C:/ISIS/workspace/Taibeh/25.3.2020/satellite-subsystems/demo/../..//hal/at91/lib\libAt91D.a(spi_at91.o)
                0x20006c90                SPI_ConfigureNPCS
 .text.TWI_ConfigureMaster
                0x20006cc8      0x2a0 C:/ISIS/workspace/Taibeh/25.3.2020/satellite-subsystems/demo/../..//hal/at91/lib\libAt91D.a(twi_at91.o)
                0x20006cc8                TWI_ConfigureMaster
 .text.TWI_GetMaskedStatus
                0x20006f68       0x78 C:/ISIS/workspace/Taibeh/25.3.2020/satellite-subsystems/demo/../..//hal/at91/lib\libAt91D.a(twi_at91.o)
                0x20006f68                TWI_GetMaskedStatus
 .text.disableCaches
                0x20006fe0       0x18 C:/ISIS/workspace/Taibeh/25.3.2020/satellite-subsystems/demo/../..//hal/at91/lib\libAt91D.a(ExitHandler.o)
 .text.restart  0x20006ff8       0x28 C:/ISIS/workspace/Taibeh/25.3.2020/satellite-subsystems/demo/../..//hal/at91/lib\libAt91D.a(ExitHandler.o)
                0x20006ff8                restart
 .text.restartPrefetchAbort
                0x20007020       0x28 C:/ISIS/workspace/Taibeh/25.3.2020/satellite-subsystems/demo/../..//hal/at91/lib\libAt91D.a(ExitHandler.o)
                0x20007020                restartPrefetchAbort
 .text.restartDataAbort
                0x20007048       0x28 C:/ISIS/workspace/Taibeh/25.3.2020/satellite-subsystems/demo/../..//hal/at91/lib\libAt91D.a(ExitHandler.o)
                0x20007048                restartDataAbort
 .text.defaultSpuriousHandler
                0x20007070       0x18 C:/ISIS/workspace/Taibeh/25.3.2020/satellite-subsystems/demo/../..//hal/at91/lib\libAt91D.a(board_lowlevel.o)
                0x20007070                defaultSpuriousHandler
 .text.defaultFiqHandler
                0x20007088       0x18 C:/ISIS/workspace/Taibeh/25.3.2020/satellite-subsystems/demo/../..//hal/at91/lib\libAt91D.a(board_lowlevel.o)
                0x20007088                defaultFiqHandler
 .text.defaultIrqHandler
                0x200070a0       0x18 C:/ISIS/workspace/Taibeh/25.3.2020/satellite-subsystems/demo/../..//hal/at91/lib\libAt91D.a(board_lowlevel.o)
                0x200070a0                defaultIrqHandler
 .text.LowLevelInit
                0x200070b8       0xf4 C:/ISIS/workspace/Taibeh/25.3.2020/satellite-subsystems/demo/../..//hal/at91/lib\libAt91D.a(board_lowlevel.o)
                0x200070b8                LowLevelInit
 .text.BOARD_RemapRam
                0x200071ac       0x24 C:/ISIS/workspace/Taibeh/25.3.2020/satellite-subsystems/demo/../..//hal/at91/lib\libAt91D.a(board_memories.o)
                0x200071ac                BOARD_RemapRam
 .text.__errno  0x200071d0       0x10 c:/isis/application/toolchain/bin/../lib/gcc/arm-none-eabi/4.7.4/../../../../arm-none-eabi/lib\libg.a(lib_a-errno.o)
                0x200071d0                __errno
 .text._fflush_r
                0x200071e0      0x250 c:/isis/application/toolchain/bin/../lib/gcc/arm-none-eabi/4.7.4/../../../../arm-none-eabi/lib\libg.a(lib_a-fflush.o)
                0x200071e0                _fflush_r
 .text.fflush   0x20007430       0x40 c:/isis/application/toolchain/bin/../lib/gcc/arm-none-eabi/4.7.4/../../../../arm-none-eabi/lib\libg.a(lib_a-fflush.o)
                0x20007430                fflush
 .text._cleanup_r
                0x20007470       0x18 c:/isis/application/toolchain/bin/../lib/gcc/arm-none-eabi/4.7.4/../../../../arm-none-eabi/lib\libg.a(lib_a-findfp.o)
                0x20007470                _cleanup_r
 .text.std.isra.0
                0x20007488       0x7c c:/isis/application/toolchain/bin/../lib/gcc/arm-none-eabi/4.7.4/../../../../arm-none-eabi/lib\libg.a(lib_a-findfp.o)
 .text.__sinit  0x20007504       0x78 c:/isis/application/toolchain/bin/../lib/gcc/arm-none-eabi/4.7.4/../../../../arm-none-eabi/lib\libg.a(lib_a-findfp.o)
                0x20007504                __sinit
 .text.__sfp_lock_acquire
                0x2000757c        0x4 c:/isis/application/toolchain/bin/../lib/gcc/arm-none-eabi/4.7.4/../../../../arm-none-eabi/lib\libg.a(lib_a-findfp.o)
                0x2000757c                __sfp_lock_acquire
 .text.__sfp_lock_release
                0x20007580        0x4 c:/isis/application/toolchain/bin/../lib/gcc/arm-none-eabi/4.7.4/../../../../arm-none-eabi/lib\libg.a(lib_a-findfp.o)
                0x20007580                __sfp_lock_release
 .text._malloc_trim_r
                0x20007584       0xfc c:/isis/application/toolchain/bin/../lib/gcc/arm-none-eabi/4.7.4/../../../../arm-none-eabi/lib\libg.a(lib_a-freer.o)
                0x20007584                _malloc_trim_r
 .text._free_r  0x20007680      0x26c c:/isis/application/toolchain/bin/../lib/gcc/arm-none-eabi/4.7.4/../../../../arm-none-eabi/lib\libg.a(lib_a-freer.o)
                0x20007680                _free_r
 .text._fwalk   0x200078ec       0x88 c:/isis/application/toolchain/bin/../lib/gcc/arm-none-eabi/4.7.4/../../../../arm-none-eabi/lib\libg.a(lib_a-fwalk.o)
                0x200078ec                _fwalk
 .text._fwalk_reent
                0x20007974       0x8c c:/isis/application/toolchain/bin/../lib/gcc/arm-none-eabi/4.7.4/../../../../arm-none-eabi/lib\libg.a(lib_a-fwalk.o)
                0x20007974                _fwalk_reent
 .text.malloc   0x20007a00       0x20 c:/isis/application/toolchain/bin/../lib/gcc/arm-none-eabi/4.7.4/../../../../arm-none-eabi/lib\libg.a(lib_a-malloc.o)
                0x20007a00                malloc
 .text.free     0x20007a20       0x20 c:/isis/application/toolchain/bin/../lib/gcc/arm-none-eabi/4.7.4/../../../../arm-none-eabi/lib\libg.a(lib_a-malloc.o)
                0x20007a20                free
 .text._malloc_r
                0x20007a40      0x73c c:/isis/application/toolchain/bin/../lib/gcc/arm-none-eabi/4.7.4/../../../../arm-none-eabi/lib\libg.a(lib_a-mallocr.o)
                0x20007a40                _malloc_r
 .text.memcpy   0x2000817c       0xf4 c:/isis/application/toolchain/bin/../lib/gcc/arm-none-eabi/4.7.4/../../../../arm-none-eabi/lib\libg.a(lib_a-memcpy.o)
                0x2000817c                memcpy
 .text.memset   0x20008270       0xf8 c:/isis/application/toolchain/bin/../lib/gcc/arm-none-eabi/4.7.4/../../../../arm-none-eabi/lib\libg.a(lib_a-memset.o)
                0x20008270                memset
 .text.__malloc_lock
                0x20008368        0x4 c:/isis/application/toolchain/bin/../lib/gcc/arm-none-eabi/4.7.4/../../../../arm-none-eabi/lib\libg.a(lib_a-mlock.o)
                0x20008368                __malloc_lock
 .text.__malloc_unlock
                0x2000836c        0x4 c:/isis/application/toolchain/bin/../lib/gcc/arm-none-eabi/4.7.4/../../../../arm-none-eabi/lib\libg.a(lib_a-mlock.o)
                0x2000836c                __malloc_unlock
 .text.printf   0x20008370       0x40 c:/isis/application/toolchain/bin/../lib/gcc/arm-none-eabi/4.7.4/../../../../arm-none-eabi/lib\libg.a(lib_a-printf.o)
                0x20008370                printf
 .text._puts_r  0x200083b0       0xa4 c:/isis/application/toolchain/bin/../lib/gcc/arm-none-eabi/4.7.4/../../../../arm-none-eabi/lib\libg.a(lib_a-puts.o)
                0x200083b0                _puts_r
 .text.puts     0x20008454       0x14 c:/isis/application/toolchain/bin/../lib/gcc/arm-none-eabi/4.7.4/../../../../arm-none-eabi/lib\libg.a(lib_a-puts.o)
                0x20008454                puts
 .text._sbrk_r  0x20008468       0x40 c:/isis/application/toolchain/bin/../lib/gcc/arm-none-eabi/4.7.4/../../../../arm-none-eabi/lib\libg.a(lib_a-sbrkr.o)
                0x20008468                _sbrk_r
 .text.__sread  0x200084a8       0x34 c:/isis/application/toolchain/bin/../lib/gcc/arm-none-eabi/4.7.4/../../../../arm-none-eabi/lib\libg.a(lib_a-stdio.o)
                0x200084a8                __sread
 .text.__swrite
                0x200084dc       0x58 c:/isis/application/toolchain/bin/../lib/gcc/arm-none-eabi/4.7.4/../../../../arm-none-eabi/lib\libg.a(lib_a-stdio.o)
                0x200084dc                __swrite
 .text.__sseek  0x20008534       0x34 c:/isis/application/toolchain/bin/../lib/gcc/arm-none-eabi/4.7.4/../../../../arm-none-eabi/lib\libg.a(lib_a-stdio.o)
                0x20008534                __sseek
 .text.__sclose
                0x20008568       0x14 c:/isis/application/toolchain/bin/../lib/gcc/arm-none-eabi/4.7.4/../../../../arm-none-eabi/lib\libg.a(lib_a-stdio.o)
                0x20008568                __sclose
 .text.strlen   0x2000857c       0x60 c:/isis/application/toolchain/bin/../lib/gcc/arm-none-eabi/4.7.4/../../../../arm-none-eabi/lib\libg.a(lib_a-strlen.o)
                0x2000857c                strlen
 .text._vfprintf_r
                0x200085dc     0x1fe8 c:/isis/application/toolchain/bin/../lib/gcc/arm-none-eabi/4.7.4/../../../../arm-none-eabi/lib\libg.a(lib_a-vfprintf.o)
                0x200085dc                _vfprintf_r
 .text.__sbprintf
                0x2000a5c4       0xd0 c:/isis/application/toolchain/bin/../lib/gcc/arm-none-eabi/4.7.4/../../../../arm-none-eabi/lib\libg.a(lib_a-vfprintf.o)
 .text._write_r
                0x2000a694       0x44 c:/isis/application/toolchain/bin/../lib/gcc/arm-none-eabi/4.7.4/../../../../arm-none-eabi/lib\libg.a(lib_a-writer.o)
                0x2000a694                _write_r
 .text.__swsetup_r
                0x2000a6d8      0x138 c:/isis/application/toolchain/bin/../lib/gcc/arm-none-eabi/4.7.4/../../../../arm-none-eabi/lib\libg.a(lib_a-wsetup.o)
                0x2000a6d8                __swsetup_r
 .text._close_r
                0x2000a810       0x3c c:/isis/application/toolchain/bin/../lib/gcc/arm-none-eabi/4.7.4/../../../../arm-none-eabi/lib\libg.a(lib_a-closer.o)
                0x2000a810                _close_r
 .text.quorem   0x2000a84c      0x1e0 c:/isis/application/toolchain/bin/../lib/gcc/arm-none-eabi/4.7.4/../../../../arm-none-eabi/lib\libg.a(lib_a-dtoa.o)
 *fill*         0x2000aa2c        0x4 00
 .text._dtoa_r  0x2000aa30     0x1698 c:/isis/application/toolchain/bin/../lib/gcc/arm-none-eabi/4.7.4/../../../../arm-none-eabi/lib\libg.a(lib_a-dtoa.o)
                0x2000aa30                _dtoa_r
 .text._fclose_r
                0x2000c0c8       0xf8 c:/isis/application/toolchain/bin/../lib/gcc/arm-none-eabi/4.7.4/../../../../arm-none-eabi/lib\libg.a(lib_a-fclose.o)
                0x2000c0c8                _fclose_r
 .text.fclose   0x2000c1c0       0x14 c:/isis/application/toolchain/bin/../lib/gcc/arm-none-eabi/4.7.4/../../../../arm-none-eabi/lib\libg.a(lib_a-fclose.o)
                0x2000c1c0                fclose
 .text.__sfvwrite_r
                0x2000c1d4      0x4c4 c:/isis/application/toolchain/bin/../lib/gcc/arm-none-eabi/4.7.4/../../../../arm-none-eabi/lib\libg.a(lib_a-fvwrite.o)
                0x2000c1d4                __sfvwrite_r
 .text.__locale_charset
                0x2000c698        0xc c:/isis/application/toolchain/bin/../lib/gcc/arm-none-eabi/4.7.4/../../../../arm-none-eabi/lib\libg.a(lib_a-locale.o)
                0x2000c698                __locale_charset
 .text.__locale_mb_cur_max
                0x2000c6a4       0x10 c:/isis/application/toolchain/bin/../lib/gcc/arm-none-eabi/4.7.4/../../../../arm-none-eabi/lib\libg.a(lib_a-locale.o)
                0x2000c6a4                __locale_mb_cur_max
 .text._localeconv_r
                0x2000c6b4        0xc c:/isis/application/toolchain/bin/../lib/gcc/arm-none-eabi/4.7.4/../../../../arm-none-eabi/lib\libg.a(lib_a-locale.o)
                0x2000c6b4                _localeconv_r
 .text._lseek_r
                0x2000c6c0       0x44 c:/isis/application/toolchain/bin/../lib/gcc/arm-none-eabi/4.7.4/../../../../arm-none-eabi/lib\libg.a(lib_a-lseekr.o)
                0x2000c6c0                _lseek_r
 .text.__smakebuf_r
                0x2000c704      0x15c c:/isis/application/toolchain/bin/../lib/gcc/arm-none-eabi/4.7.4/../../../../arm-none-eabi/lib\libg.a(lib_a-makebuf.o)
                0x2000c704                __smakebuf_r
 .text.memchr   0x2000c860      0x11c c:/isis/application/toolchain/bin/../lib/gcc/arm-none-eabi/4.7.4/../../../../arm-none-eabi/lib\libg.a(lib_a-memchr.o)
                0x2000c860                memchr
 .text.memmove  0x2000c97c      0x134 c:/isis/application/toolchain/bin/../lib/gcc/arm-none-eabi/4.7.4/../../../../arm-none-eabi/lib\libg.a(lib_a-memmove.o)
                0x2000c97c                memmove
 .text._Balloc  0x2000cab0       0x8c c:/isis/application/toolchain/bin/../lib/gcc/arm-none-eabi/4.7.4/../../../../arm-none-eabi/lib\libg.a(lib_a-mprec.o)
                0x2000cab0                _Balloc
 .text._Bfree   0x2000cb3c       0x1c c:/isis/application/toolchain/bin/../lib/gcc/arm-none-eabi/4.7.4/../../../../arm-none-eabi/lib\libg.a(lib_a-mprec.o)
                0x2000cb3c                _Bfree
 .text.__multadd
                0x2000cb58       0xdc c:/isis/application/toolchain/bin/../lib/gcc/arm-none-eabi/4.7.4/../../../../arm-none-eabi/lib\libg.a(lib_a-mprec.o)
                0x2000cb58                __multadd
 .text.__hi0bits
                0x2000cc34       0x50 c:/isis/application/toolchain/bin/../lib/gcc/arm-none-eabi/4.7.4/../../../../arm-none-eabi/lib\libg.a(lib_a-mprec.o)
                0x2000cc34                __hi0bits
 .text.__lo0bits
                0x2000cc84       0x94 c:/isis/application/toolchain/bin/../lib/gcc/arm-none-eabi/4.7.4/../../../../arm-none-eabi/lib\libg.a(lib_a-mprec.o)
                0x2000cc84                __lo0bits
 .text.__i2b    0x2000cd18       0x24 c:/isis/application/toolchain/bin/../lib/gcc/arm-none-eabi/4.7.4/../../../../arm-none-eabi/lib\libg.a(lib_a-mprec.o)
                0x2000cd18                __i2b
 .text.__multiply
                0x2000cd3c      0x1e4 c:/isis/application/toolchain/bin/../lib/gcc/arm-none-eabi/4.7.4/../../../../arm-none-eabi/lib\libg.a(lib_a-mprec.o)
                0x2000cd3c                __multiply
 .text.__pow5mult
                0x2000cf20       0xf4 c:/isis/application/toolchain/bin/../lib/gcc/arm-none-eabi/4.7.4/../../../../arm-none-eabi/lib\libg.a(lib_a-mprec.o)
                0x2000cf20                __pow5mult
 .text.__lshift
                0x2000d014      0x104 c:/isis/application/toolchain/bin/../lib/gcc/arm-none-eabi/4.7.4/../../../../arm-none-eabi/lib\libg.a(lib_a-mprec.o)
                0x2000d014                __lshift
 .text.__mcmp   0x2000d118       0x64 c:/isis/application/toolchain/bin/../lib/gcc/arm-none-eabi/4.7.4/../../../../arm-none-eabi/lib\libg.a(lib_a-mprec.o)
                0x2000d118                __mcmp
 .text.__mdiff  0x2000d17c      0x14c c:/isis/application/toolchain/bin/../lib/gcc/arm-none-eabi/4.7.4/../../../../arm-none-eabi/lib\libg.a(lib_a-mprec.o)
                0x2000d17c                __mdiff
 .text.__d2b    0x2000d2c8      0x108 c:/isis/application/toolchain/bin/../lib/gcc/arm-none-eabi/4.7.4/../../../../arm-none-eabi/lib\libg.a(lib_a-mprec.o)
                0x2000d2c8                __d2b
 .text._read_r  0x2000d3d0       0x44 c:/isis/application/toolchain/bin/../lib/gcc/arm-none-eabi/4.7.4/../../../../arm-none-eabi/lib\libg.a(lib_a-readr.o)
                0x2000d3d0                _read_r
 .text._realloc_r
                0x2000d414      0x574 c:/isis/application/toolchain/bin/../lib/gcc/arm-none-eabi/4.7.4/../../../../arm-none-eabi/lib\libg.a(lib_a-reallocr.o)
                0x2000d414                _realloc_r
 .text.__fpclassifyd
                0x2000d988       0x6c c:/isis/application/toolchain/bin/../lib/gcc/arm-none-eabi/4.7.4/../../../../arm-none-eabi/lib\libg.a(lib_a-s_fpclassify.o)
                0x2000d988                __fpclassifyd
 .text.__sprint_r
                0x2000d9f4       0xc0 c:/isis/application/toolchain/bin/../lib/gcc/arm-none-eabi/4.7.4/../../../../arm-none-eabi/lib\libg.a(lib_a-vfiprintf.o)
                0x2000d9f4                __sprint_r
 .text._calloc_r
                0x2000dab4       0x94 c:/isis/application/toolchain/bin/../lib/gcc/arm-none-eabi/4.7.4/../../../../arm-none-eabi/lib\libg.a(lib_a-callocr.o)
                0x2000dab4                _calloc_r
 .text._fputwc_r
                0x2000db48      0x150 c:/isis/application/toolchain/bin/../lib/gcc/arm-none-eabi/4.7.4/../../../../arm-none-eabi/lib\libg.a(lib_a-fputwc.o)
                0x2000db48                _fputwc_r
 .text._fstat_r
                0x2000dc98       0x40 c:/isis/application/toolchain/bin/../lib/gcc/arm-none-eabi/4.7.4/../../../../arm-none-eabi/lib\libg.a(lib_a-fstatr.o)
                0x2000dc98                _fstat_r
 .text._isatty_r
                0x2000dcd8       0x3c c:/isis/application/toolchain/bin/../lib/gcc/arm-none-eabi/4.7.4/../../../../arm-none-eabi/lib\libg.a(lib_a-isattyr.o)
                0x2000dcd8                _isatty_r
 .text.__swbuf_r
                0x2000dd14      0x130 c:/isis/application/toolchain/bin/../lib/gcc/arm-none-eabi/4.7.4/../../../../arm-none-eabi/lib\libg.a(lib_a-wbuf.o)
                0x2000dd14                __swbuf_r
 .text._wcrtomb_r
                0x2000de44       0x90 c:/isis/application/toolchain/bin/../lib/gcc/arm-none-eabi/4.7.4/../../../../arm-none-eabi/lib\libg.a(lib_a-wcrtomb.o)
                0x2000de44                _wcrtomb_r
 .text.__ascii_wctomb
                0x2000ded4       0x2c c:/isis/application/toolchain/bin/../lib/gcc/arm-none-eabi/4.7.4/../../../../arm-none-eabi/lib\libg.a(lib_a-wctomb_r.o)
                0x2000ded4                __ascii_wctomb
 .text.__ascii_wctomb.stub
                0x2000df00       0x10 linker stubs
 *(.rodata)
 .rodata        0x2000df10      0x3a8 ./src/main.o
 .rodata        0x2000e2b8       0x24 C:/ISIS/workspace/Taibeh/25.3.2020/satellite-subsystems/demo/..//satellite-subsystems/lib\libSatelliteSubsystemsD.a(version.o)
                0x2000e2b8                SatelliteSubsystemsCompileDate
                0x2000e2c4                SatelliteSubsystemsCompileTime
                0x2000e2d0                SatelliteSubsystemsVersionMajor
                0x2000e2d4                SatelliteSubsystemsVersionMinor
                0x2000e2d8                SatelliteSubsystemsVersionRevision
 .rodata        0x2000e2dc       0xf4 C:/ISIS/workspace/Taibeh/25.3.2020/satellite-subsystems/demo/../..//hal/hal/lib\libHALD.a(I2C.o)
 .rodata        0x2000e3d0       0x30 C:/ISIS/workspace/Taibeh/25.3.2020/satellite-subsystems/demo/../..//hal/hal/lib\libHALD.a(LED.o)
 .rodata        0x2000e400      0x324 C:/ISIS/workspace/Taibeh/25.3.2020/satellite-subsystems/demo/../..//hal/hal/lib\libHALD.a(SPI.o)
 .rodata        0x2000e724        0xc C:/ISIS/workspace/Taibeh/25.3.2020/satellite-subsystems/demo/../..//hal/hal/lib\libHALD.a(WatchDogTimerNoOS.o)
 .rodata        0x2000e730       0x14 C:/ISIS/workspace/Taibeh/25.3.2020/satellite-subsystems/demo/../..//hal/hal/lib\libHALD.a(WatchDogTimerOS.o)
 .rodata        0x2000e744       0xcc C:/ISIS/workspace/Taibeh/25.3.2020/satellite-subsystems/demo/../..//hal/hal/lib\libHALD.a(util.o)
 .rodata        0x2000e810       0x24 C:/ISIS/workspace/Taibeh/25.3.2020/satellite-subsystems/demo/../..//hal/hal/lib\libHALD.a(version.o)
                0x2000e810                HalCompileDate
                0x2000e81c                HalCompileTime
                0x2000e828                HalVersionMajor
                0x2000e82c                HalVersionMinor
                0x2000e830                HalVersionRevision
 .rodata        0x2000e834       0x40 C:/ISIS/workspace/Taibeh/25.3.2020/satellite-subsystems/demo/../..//hal/freertos/lib\libFreeRTOSD.a(queue.o)
 .rodata        0x2000e874       0x48 C:/ISIS/workspace/Taibeh/25.3.2020/satellite-subsystems/demo/../..//hal/freertos/lib\libFreeRTOSD.a(tasks.o)
 .rodata        0x2000e8bc       0x58 C:/ISIS/workspace/Taibeh/25.3.2020/satellite-subsystems/demo/../..//hal/freertos/lib\libFreeRTOSD.a(hooks.o)
 .rodata        0x2000e914       0x3c C:/ISIS/workspace/Taibeh/25.3.2020/satellite-subsystems/demo/../..//hal/at91/lib\libAt91D.a(syscalls.o)
 .rodata        0x2000e950      0x158 C:/ISIS/workspace/Taibeh/25.3.2020/satellite-subsystems/demo/../..//hal/at91/lib\libAt91D.a(cp15.o)
 .rodata        0x2000eaa8      0x118 C:/ISIS/workspace/Taibeh/25.3.2020/satellite-subsystems/demo/../..//hal/at91/lib\libAt91D.a(pmc.o)
 .rodata        0x2000ebc0       0x98 C:/ISIS/workspace/Taibeh/25.3.2020/satellite-subsystems/demo/../..//hal/at91/lib\libAt91D.a(twi_at91.o)
 .rodata        0x2000ec58       0x8c C:/ISIS/workspace/Taibeh/25.3.2020/satellite-subsystems/demo/../..//hal/at91/lib\libAt91D.a(ExitHandler.o)
 .rodata        0x2000ece4       0xa8 C:/ISIS/workspace/Taibeh/25.3.2020/satellite-subsystems/demo/../..//hal/at91/lib\libAt91D.a(board_lowlevel.o)
 *(.rodata*)
 .rodata.str1.4
                0x2000ed8c        0x2 c:/isis/application/toolchain/bin/../lib/gcc/arm-none-eabi/4.7.4/../../../../arm-none-eabi/lib\libg.a(lib_a-impure.o)
                                  0x4 (size before relaxing)
 *fill*         0x2000ed8e        0x2 00
 .rodata._global_impure_ptr
                0x2000ed90        0x4 c:/isis/application/toolchain/bin/../lib/gcc/arm-none-eabi/4.7.4/../../../../arm-none-eabi/lib\libg.a(lib_a-impure.o)
                0x2000ed90                _global_impure_ptr
 .rodata.str1.4
                0x2000ed94        0x2 c:/isis/application/toolchain/bin/../lib/gcc/arm-none-eabi/4.7.4/../../../../arm-none-eabi/lib\libg.a(lib_a-puts.o)
                                  0x4 (size before relaxing)
 *fill*         0x2000ed96        0x2 00
 .rodata.blanks.6735
                0x2000ed98       0x10 c:/isis/application/toolchain/bin/../lib/gcc/arm-none-eabi/4.7.4/../../../../arm-none-eabi/lib\libg.a(lib_a-vfprintf.o)
 .rodata.str1.4
                0x2000eda8       0x42 c:/isis/application/toolchain/bin/../lib/gcc/arm-none-eabi/4.7.4/../../../../arm-none-eabi/lib\libg.a(lib_a-vfprintf.o)
                                 0x44 (size before relaxing)
 *fill*         0x2000edea        0x2 00
 .rodata.zeroes.6736
                0x2000edec       0x10 c:/isis/application/toolchain/bin/../lib/gcc/arm-none-eabi/4.7.4/../../../../arm-none-eabi/lib\libg.a(lib_a-vfprintf.o)
 .rodata.str1.4
                0x2000edfc       0x10 c:/isis/application/toolchain/bin/../lib/gcc/arm-none-eabi/4.7.4/../../../../arm-none-eabi/lib\libg.a(lib_a-dtoa.o)
                                 0x14 (size before relaxing)
 .rodata.str1.4
                0x2000ee0c        0xc c:/isis/application/toolchain/bin/../lib/gcc/arm-none-eabi/4.7.4/../../../../arm-none-eabi/lib\libg.a(lib_a-locale.o)
                                 0x14 (size before relaxing)
 .rodata.p05.5242
                0x2000ee18        0xc c:/isis/application/toolchain/bin/../lib/gcc/arm-none-eabi/4.7.4/../../../../arm-none-eabi/lib\libg.a(lib_a-mprec.o)
 *fill*         0x2000ee24        0x4 00
 .rodata.__mprec_tens
                0x2000ee28       0xc8 c:/isis/application/toolchain/bin/../lib/gcc/arm-none-eabi/4.7.4/../../../../arm-none-eabi/lib\libg.a(lib_a-mprec.o)
                0x2000ee28                __mprec_tens
 .rodata.__mprec_bigtens
                0x2000eef0       0x28 c:/isis/application/toolchain/bin/../lib/gcc/arm-none-eabi/4.7.4/../../../../arm-none-eabi/lib\libg.a(lib_a-mprec.o)
                0x2000eef0                __mprec_bigtens
 *(.rodata.*)
 *(.glue_7)
 .glue_7        0x00000000        0x0 linker stubs
 *(.glue_7t)
 .glue_7t       0x00000000        0x0 linker stubs
 *(.vfp11_veneer)
 .vfp11_veneer  0x00000000        0x0 linker stubs
 *(.v4_bx)
 .v4_bx         0x00000000        0x0 linker stubs
 *(.data)
 .data          0x2000ef18        0x8 C:/ISIS/workspace/Taibeh/25.3.2020/satellite-subsystems/demo/../..//hal/hal/lib\libHALD.a(I2C.o)
 .data          0x2000ef20        0xc C:/ISIS/workspace/Taibeh/25.3.2020/satellite-subsystems/demo/../..//hal/hal/lib\libHALD.a(SPI.o)
 .data          0x2000ef2c        0x4 C:/ISIS/workspace/Taibeh/25.3.2020/satellite-subsystems/demo/../..//hal/freertos/lib\libFreeRTOSD.a(tasks.o)
 .data          0x2000ef30        0x4 C:/ISIS/workspace/Taibeh/25.3.2020/satellite-subsystems/demo/../..//hal/freertos/lib\libFreeRTOSD.a(port.o)
                0x2000ef30                ulCriticalNesting
 *(.data.*)
 *fill*         0x2000ef34        0x4 00
 .data.impure_data
                0x2000ef38      0x428 c:/isis/application/toolchain/bin/../lib/gcc/arm-none-eabi/4.7.4/../../../../arm-none-eabi/lib\libg.a(lib_a-impure.o)
 .data._impure_ptr
                0x2000f360        0x4 c:/isis/application/toolchain/bin/../lib/gcc/arm-none-eabi/4.7.4/../../../../arm-none-eabi/lib\libg.a(lib_a-impure.o)
                0x2000f360                _impure_ptr
 .data.__malloc_av_
                0x2000f364      0x408 c:/isis/application/toolchain/bin/../lib/gcc/arm-none-eabi/4.7.4/../../../../arm-none-eabi/lib\libg.a(lib_a-mallocr.o)
                0x2000f364                __malloc_av_
 .data.__malloc_trim_threshold
                0x2000f76c        0x4 c:/isis/application/toolchain/bin/../lib/gcc/arm-none-eabi/4.7.4/../../../../arm-none-eabi/lib\libg.a(lib_a-mallocr.o)
                0x2000f76c                __malloc_trim_threshold
 .data.__malloc_sbrk_base
                0x2000f770        0x4 c:/isis/application/toolchain/bin/../lib/gcc/arm-none-eabi/4.7.4/../../../../arm-none-eabi/lib\libg.a(lib_a-mallocr.o)
                0x2000f770                __malloc_sbrk_base
 .data.lconv    0x2000f774       0x38 c:/isis/application/toolchain/bin/../lib/gcc/arm-none-eabi/4.7.4/../../../../arm-none-eabi/lib\libg.a(lib_a-locale.o)
 .data.lc_ctype_charset
                0x2000f7ac       0x20 c:/isis/application/toolchain/bin/../lib/gcc/arm-none-eabi/4.7.4/../../../../arm-none-eabi/lib\libg.a(lib_a-locale.o)
 .data.__mb_cur_max
                0x2000f7cc        0x4 c:/isis/application/toolchain/bin/../lib/gcc/arm-none-eabi/4.7.4/../../../../arm-none-eabi/lib\libg.a(lib_a-locale.o)
                0x2000f7cc                __mb_cur_max
 .data.__wctomb
                0x2000f7d0        0x4 c:/isis/application/toolchain/bin/../lib/gcc/arm-none-eabi/4.7.4/../../../../arm-none-eabi/lib\libg.a(lib_a-wctomb_r.o)
                0x2000f7d0                __wctomb
 *(.dyn)
 *(.iplt)
 .iplt          0x00000000        0x0 ./src/main.o
 *(.igot)
 *(.igot.plt)
 .igot.plt      0x00000000        0x0 ./src/main.o
 *(.rel.dyn)
 *(.rel.iplt)
 .rel.iplt      0x00000000        0x0 ./src/main.o
                0x2000f7d4                . = ALIGN (0x4)
                0x2000f7d4                _efixed = .

.ARM.exidx      0x2000f7d4        0x8
 *(.ARM.exidx)
 .ARM.exidx     0x2000f7d4        0x8 c:/isis/application/toolchain/bin/../lib/gcc/arm-none-eabi/4.7.4\libgcc.a(_divdi3.o)
 .ARM.exidx     0x2000f7dc        0x0 c:/isis/application/toolchain/bin/../lib/gcc/arm-none-eabi/4.7.4\libgcc.a(_udivdi3.o)
                                  0x8 (size before relaxing)
                0x2000f7dc                _eexidx = .

.ARM.extab      0x2000f7dc        0x0
 *(.ARM.extab)
                0x2000f7dc                _eextab = .

.prerelocate    0x00000000        0x0 load address 0x2000f7dc
                0x00000000                . = ALIGN (0x4)
                0x00000000                _sprerelocate = .
                0x00000000                . = ALIGN (0x4)
                0x00000000                _eprerelocate = .

.postrelocate   0x00200000     0x1c28 load address 0x2000f7dc
                0x00200000                . = ALIGN (0x4)
                0x00200000                _spostrelocate = .
 *(.vectors)
 .vectors       0x00200000       0xd4 C:/ISIS/workspace/Taibeh/25.3.2020/satellite-subsystems/demo/../..//hal/at91/lib\libAt91D.a(board_cstartup.o)
 *(.sramfunc)
 .sramfunc      0x002000d4      0xe1c C:/ISIS/workspace/Taibeh/25.3.2020/satellite-subsystems/demo/../..//hal/hal/lib\libHALD.a(I2C.o)
                0x0020098c                ISR_I2Cmaster
                0x00200d3c                taskI2Cregulator
 .sramfunc      0x00200ef0      0xa58 C:/ISIS/workspace/Taibeh/25.3.2020/satellite-subsystems/demo/../..//hal/hal/lib\libHALD.a(SPI.o)
                0x00200ef0                taskSPI0regulator
                0x00201398                taskSPI1regulator
                0x0020171c                ISR_SPI0master
                0x002017dc                ISR_SPI1master
 .sramfunc      0x00201948       0x98 C:/ISIS/workspace/Taibeh/25.3.2020/satellite-subsystems/demo/../..//hal/hal/lib\libHALD.a(WatchDogTimerNoOS.o)
                0x00201948                WDT_kickEveryNcalls
                0x00201990                WDT_forceKick
 .sramfunc      0x002019e0       0x50 C:/ISIS/workspace/Taibeh/25.3.2020/satellite-subsystems/demo/../..//hal/hal/lib\libHALD.a(WatchDogTimerOS.o)
                0x002019e0                taskWatchdogKick
 .sramfunc      0x00201a30       0xf0 C:/ISIS/workspace/Taibeh/25.3.2020/satellite-subsystems/demo/../..//hal/freertos/lib\libFreeRTOSD.a(port.o)
                0x00201a30                vPortTickISR
                0x00201a6c                vPortYieldProcessor
 .sramfunc      0x00201b20       0x48 C:/ISIS/workspace/Taibeh/25.3.2020/satellite-subsystems/demo/../..//hal/at91/lib\libAt91D.a(ExitHandler.o)
                0x00201b20                gracefulReset
 .sramfunc.stub
                0x00201b68       0xc0 linker stubs
 *(.ramfunc)
                0x00201c28                . = ALIGN (0x4)
                0x00201c28                _epostrelocate = .

.sramdata       0x00300000        0xc load address 0x20011404
                0x00300000                . = ALIGN (0x4)
                0x00300000                _ssramdata = .
 *(.sramdata)
 .sramdata      0x00300000        0x4 C:/ISIS/workspace/Taibeh/25.3.2020/satellite-subsystems/demo/../..//hal/hal/lib\libHALD.a(WatchDogTimerNoOS.o)
 .sramdata      0x00300004        0x8 C:/ISIS/workspace/Taibeh/25.3.2020/satellite-subsystems/demo/../..//hal/hal/lib\libHALD.a(WatchDogTimerOS.o)
                0x0030000c                . = ALIGN (0x4)
                0x0030000c                _esramdata = .

.srambss        0x0030000c        0x0
                0x0030000c                . = ALIGN (0x4)
                0x0030000c                _ssrambss = .
 *(.srambss)
                0x0030000c                . = ALIGN (0x4)
                0x0030000c                _esrambss = .

.bss            0x2000f7dc      0x330
                0x2000f7dc                _szero = .
 *(.bss)
 .bss           0x2000f7dc       0x54 C:/ISIS/workspace/Taibeh/25.3.2020/satellite-subsystems/demo/../..//hal/hal/lib\libHALD.a(I2C.o)
                0x2000f7e4                RescheduleFlag
 .bss           0x2000f830       0x10 C:/ISIS/workspace/Taibeh/25.3.2020/satellite-subsystems/demo/../..//hal/hal/lib\libHALD.a(LED.o)
 .bss           0x2000f840       0x50 C:/ISIS/workspace/Taibeh/25.3.2020/satellite-subsystems/demo/../..//hal/hal/lib\libHALD.a(SPI.o)
 .bss           0x2000f890        0x8 C:/ISIS/workspace/Taibeh/25.3.2020/satellite-subsystems/demo/../..//hal/hal/lib\libHALD.a(WatchDogTimerOS.o)
 .bss           0x2000f898       0xfc C:/ISIS/workspace/Taibeh/25.3.2020/satellite-subsystems/demo/../..//hal/freertos/lib\libFreeRTOSD.a(tasks.o)
                0x2000f898                pxCurrentTCB
 .bss           0x2000f994        0x4 C:/ISIS/workspace/Taibeh/25.3.2020/satellite-subsystems/demo/../..//hal/at91/lib\libAt91D.a(syscalls.o)
 .bss           0x2000f998       0x3c C:/ISIS/workspace/Taibeh/25.3.2020/satellite-subsystems/demo/../..//hal/at91/lib\libAt91D.a(pio_it.o)
 *(.bss.*)
 .bss.__malloc_max_total_mem
                0x2000f9d4        0x4 c:/isis/application/toolchain/bin/../lib/gcc/arm-none-eabi/4.7.4/../../../../arm-none-eabi/lib\libg.a(lib_a-mallocr.o)
                0x2000f9d4                __malloc_max_total_mem
 .bss.__malloc_max_sbrked_mem
                0x2000f9d8        0x4 c:/isis/application/toolchain/bin/../lib/gcc/arm-none-eabi/4.7.4/../../../../arm-none-eabi/lib\libg.a(lib_a-mallocr.o)
                0x2000f9d8                __malloc_max_sbrked_mem
 .bss.__malloc_top_pad
                0x2000f9dc        0x4 c:/isis/application/toolchain/bin/../lib/gcc/arm-none-eabi/4.7.4/../../../../arm-none-eabi/lib\libg.a(lib_a-mallocr.o)
                0x2000f9dc                __malloc_top_pad
 .bss.__malloc_current_mallinfo
                0x2000f9e0       0x28 c:/isis/application/toolchain/bin/../lib/gcc/arm-none-eabi/4.7.4/../../../../arm-none-eabi/lib\libg.a(lib_a-mallocr.o)
                0x2000f9e0                __malloc_current_mallinfo
 *(COMMON)
 COMMON         0x2000fa08      0x100 C:/ISIS/workspace/Taibeh/25.3.2020/satellite-subsystems/demo/../..//hal/freertos/lib\libFreeRTOSD.a(queue.o)
                0x2000fa08                xQueueRegistry
 COMMON         0x2000fb08        0x4 c:/isis/application/toolchain/bin/../lib/gcc/arm-none-eabi/4.7.4/../../../../arm-none-eabi/lib\libg.a(lib_a-reent.o)
                0x2000fb08                errno
 *(COMMON.*)
                0x2000fb0c                . = ALIGN (0x4)
                0x2000fb0c                _ezero = .
                0x2000fb0c                _sheap_ = .
                0x21700000                _eheap_ = 0x21700000
                0x21fffc00                _sstack = 0x21fffc00
                0x2000fb0c                end = .
OUTPUT(Hoopoe3.elf elf32-littlearm)

.debug_info     0x00000000     0xa5cc
 .debug_info    0x00000000      0xeac ./src/main.o
 .debug_info    0x00000eac       0xdf C:/ISIS/workspace/Taibeh/25.3.2020/satellite-subsystems/demo/..//satellite-subsystems/lib\libSatelliteSubsystemsD.a(version.o)
 .debug_info    0x00000f8b     0x106f C:/ISIS/workspace/Taibeh/25.3.2020/satellite-subsystems/demo/../..//hal/hal/lib\libHALD.a(I2C.o)
 .debug_info    0x00001ffa      0x506 C:/ISIS/workspace/Taibeh/25.3.2020/satellite-subsystems/demo/../..//hal/hal/lib\libHALD.a(LED.o)
 .debug_info    0x00002500      0xdf5 C:/ISIS/workspace/Taibeh/25.3.2020/satellite-subsystems/demo/../..//hal/hal/lib\libHALD.a(SPI.o)
 .debug_info    0x000032f5      0x3f1 C:/ISIS/workspace/Taibeh/25.3.2020/satellite-subsystems/demo/../..//hal/hal/lib\libHALD.a(WatchDogTimerNoOS.o)
 .debug_info    0x000036e6      0x1ab C:/ISIS/workspace/Taibeh/25.3.2020/satellite-subsystems/demo/../..//hal/hal/lib\libHALD.a(WatchDogTimerOS.o)
 .debug_info    0x00003891      0x2b4 C:/ISIS/workspace/Taibeh/25.3.2020/satellite-subsystems/demo/../..//hal/hal/lib\libHALD.a(util.o)
 .debug_info    0x00003b45       0xcf C:/ISIS/workspace/Taibeh/25.3.2020/satellite-subsystems/demo/../..//hal/hal/lib\libHALD.a(version.o)
 .debug_info    0x00003c14      0xadf C:/ISIS/workspace/Taibeh/25.3.2020/satellite-subsystems/demo/../..//hal/freertos/lib\libFreeRTOSD.a(queue.o)
 .debug_info    0x000046f3      0xede C:/ISIS/workspace/Taibeh/25.3.2020/satellite-subsystems/demo/../..//hal/freertos/lib\libFreeRTOSD.a(tasks.o)
 .debug_info    0x000055d1       0xde C:/ISIS/workspace/Taibeh/25.3.2020/satellite-subsystems/demo/../..//hal/freertos/lib\libFreeRTOSD.a(hooks.o)
 .debug_info    0x000056af      0x110 C:/ISIS/workspace/Taibeh/25.3.2020/satellite-subsystems/demo/../..//hal/freertos/lib\libFreeRTOSD.a(standardMemMang.o)
 .debug_info    0x000057bf      0x330 C:/ISIS/workspace/Taibeh/25.3.2020/satellite-subsystems/demo/../..//hal/freertos/lib\libFreeRTOSD.a(port.o)
 .debug_info    0x00005aef      0x2aa C:/ISIS/workspace/Taibeh/25.3.2020/satellite-subsystems/demo/../..//hal/freertos/lib\libFreeRTOSD.a(list.o)
 .debug_info    0x00005d99      0x628 C:/ISIS/workspace/Taibeh/25.3.2020/satellite-subsystems/demo/../..//hal/at91/lib\libAt91D.a(syscalls.o)
 .debug_info    0x000063c1      0x287 C:/ISIS/workspace/Taibeh/25.3.2020/satellite-subsystems/demo/../..//hal/at91/lib\libAt91D.a(aic.o)
 .debug_info    0x00006648      0x1f7 C:/ISIS/workspace/Taibeh/25.3.2020/satellite-subsystems/demo/../..//hal/at91/lib\libAt91D.a(cp15.o)
 .debug_info    0x0000683f      0xc6e C:/ISIS/workspace/Taibeh/25.3.2020/satellite-subsystems/demo/../..//hal/at91/lib\libAt91D.a(dbgu.o)
 .debug_info    0x000074ad      0x734 C:/ISIS/workspace/Taibeh/25.3.2020/satellite-subsystems/demo/../..//hal/at91/lib\libAt91D.a(pio.o)
 .debug_info    0x00007be1      0x6a5 C:/ISIS/workspace/Taibeh/25.3.2020/satellite-subsystems/demo/../..//hal/at91/lib\libAt91D.a(pio_it.o)
 .debug_info    0x00008286      0x1ae C:/ISIS/workspace/Taibeh/25.3.2020/satellite-subsystems/demo/../..//hal/at91/lib\libAt91D.a(pit.o)
 .debug_info    0x00008434      0x2fd C:/ISIS/workspace/Taibeh/25.3.2020/satellite-subsystems/demo/../..//hal/at91/lib\libAt91D.a(pmc.o)
 .debug_info    0x00008731      0x576 C:/ISIS/workspace/Taibeh/25.3.2020/satellite-subsystems/demo/../..//hal/at91/lib\libAt91D.a(spi_at91.o)
 .debug_info    0x00008ca7      0x63d C:/ISIS/workspace/Taibeh/25.3.2020/satellite-subsystems/demo/../..//hal/at91/lib\libAt91D.a(twi_at91.o)
 .debug_info    0x000092e4      0x22e C:/ISIS/workspace/Taibeh/25.3.2020/satellite-subsystems/demo/../..//hal/at91/lib\libAt91D.a(ExitHandler.o)
 .debug_info    0x00009512       0x92 C:/ISIS/workspace/Taibeh/25.3.2020/satellite-subsystems/demo/../..//hal/at91/lib\libAt91D.a(board_cstartup.o)
 .debug_info    0x000095a4       0x81 C:/ISIS/workspace/Taibeh/25.3.2020/satellite-subsystems/demo/../..//hal/at91/lib\libAt91D.a(cp15_asm.o)
 .debug_info    0x00009625      0x651 C:/ISIS/workspace/Taibeh/25.3.2020/satellite-subsystems/demo/../..//hal/at91/lib\libAt91D.a(board_lowlevel.o)
 .debug_info    0x00009c76      0x956 C:/ISIS/workspace/Taibeh/25.3.2020/satellite-subsystems/demo/../..//hal/at91/lib\libAt91D.a(board_memories.o)

.debug_abbrev   0x00000000     0x226f
 .debug_abbrev  0x00000000      0x201 ./src/main.o
 .debug_abbrev  0x00000201       0x45 C:/ISIS/workspace/Taibeh/25.3.2020/satellite-subsystems/demo/..//satellite-subsystems/lib\libSatelliteSubsystemsD.a(version.o)
 .debug_abbrev  0x00000246      0x2e0 C:/ISIS/workspace/Taibeh/25.3.2020/satellite-subsystems/demo/../..//hal/hal/lib\libHALD.a(I2C.o)
 .debug_abbrev  0x00000526      0x163 C:/ISIS/workspace/Taibeh/25.3.2020/satellite-subsystems/demo/../..//hal/hal/lib\libHALD.a(LED.o)
 .debug_abbrev  0x00000689      0x242 C:/ISIS/workspace/Taibeh/25.3.2020/satellite-subsystems/demo/../..//hal/hal/lib\libHALD.a(SPI.o)
 .debug_abbrev  0x000008cb       0xf6 C:/ISIS/workspace/Taibeh/25.3.2020/satellite-subsystems/demo/../..//hal/hal/lib\libHALD.a(WatchDogTimerNoOS.o)
 .debug_abbrev  0x000009c1       0xd3 C:/ISIS/workspace/Taibeh/25.3.2020/satellite-subsystems/demo/../..//hal/hal/lib\libHALD.a(WatchDogTimerOS.o)
 .debug_abbrev  0x00000a94       0xd9 C:/ISIS/workspace/Taibeh/25.3.2020/satellite-subsystems/demo/../..//hal/hal/lib\libHALD.a(util.o)
 .debug_abbrev  0x00000b6d       0x45 C:/ISIS/workspace/Taibeh/25.3.2020/satellite-subsystems/demo/../..//hal/hal/lib\libHALD.a(version.o)
 .debug_abbrev  0x00000bb2      0x1af C:/ISIS/workspace/Taibeh/25.3.2020/satellite-subsystems/demo/../..//hal/freertos/lib\libFreeRTOSD.a(queue.o)
 .debug_abbrev  0x00000d61      0x1e9 C:/ISIS/workspace/Taibeh/25.3.2020/satellite-subsystems/demo/../..//hal/freertos/lib\libFreeRTOSD.a(tasks.o)
 .debug_abbrev  0x00000f4a       0x8a C:/ISIS/workspace/Taibeh/25.3.2020/satellite-subsystems/demo/../..//hal/freertos/lib\libFreeRTOSD.a(hooks.o)
 .debug_abbrev  0x00000fd4       0xc6 C:/ISIS/workspace/Taibeh/25.3.2020/satellite-subsystems/demo/../..//hal/freertos/lib\libFreeRTOSD.a(standardMemMang.o)
 .debug_abbrev  0x0000109a      0x1dc C:/ISIS/workspace/Taibeh/25.3.2020/satellite-subsystems/demo/../..//hal/freertos/lib\libFreeRTOSD.a(port.o)
 .debug_abbrev  0x00001276       0xc0 C:/ISIS/workspace/Taibeh/25.3.2020/satellite-subsystems/demo/../..//hal/freertos/lib\libFreeRTOSD.a(list.o)
 .debug_abbrev  0x00001336      0x152 C:/ISIS/workspace/Taibeh/25.3.2020/satellite-subsystems/demo/../..//hal/at91/lib\libAt91D.a(syscalls.o)
 .debug_abbrev  0x00001488       0xc3 C:/ISIS/workspace/Taibeh/25.3.2020/satellite-subsystems/demo/../..//hal/at91/lib\libAt91D.a(aic.o)
 .debug_abbrev  0x0000154b       0x89 C:/ISIS/workspace/Taibeh/25.3.2020/satellite-subsystems/demo/../..//hal/at91/lib\libAt91D.a(cp15.o)
 .debug_abbrev  0x000015d4      0x1f7 C:/ISIS/workspace/Taibeh/25.3.2020/satellite-subsystems/demo/../..//hal/at91/lib\libAt91D.a(dbgu.o)
 .debug_abbrev  0x000017cb      0x185 C:/ISIS/workspace/Taibeh/25.3.2020/satellite-subsystems/demo/../..//hal/at91/lib\libAt91D.a(pio.o)
 .debug_abbrev  0x00001950      0x1a0 C:/ISIS/workspace/Taibeh/25.3.2020/satellite-subsystems/demo/../..//hal/at91/lib\libAt91D.a(pio_it.o)
 .debug_abbrev  0x00001af0       0xd3 C:/ISIS/workspace/Taibeh/25.3.2020/satellite-subsystems/demo/../..//hal/at91/lib\libAt91D.a(pit.o)
 .debug_abbrev  0x00001bc3      0x115 C:/ISIS/workspace/Taibeh/25.3.2020/satellite-subsystems/demo/../..//hal/at91/lib\libAt91D.a(pmc.o)
 .debug_abbrev  0x00001cd8       0xff C:/ISIS/workspace/Taibeh/25.3.2020/satellite-subsystems/demo/../..//hal/at91/lib\libAt91D.a(spi_at91.o)
 .debug_abbrev  0x00001dd7      0x180 C:/ISIS/workspace/Taibeh/25.3.2020/satellite-subsystems/demo/../..//hal/at91/lib\libAt91D.a(twi_at91.o)
 .debug_abbrev  0x00001f57       0xbf C:/ISIS/workspace/Taibeh/25.3.2020/satellite-subsystems/demo/../..//hal/at91/lib\libAt91D.a(ExitHandler.o)
 .debug_abbrev  0x00002016       0x12 C:/ISIS/workspace/Taibeh/25.3.2020/satellite-subsystems/demo/../..//hal/at91/lib\libAt91D.a(board_cstartup.o)
 .debug_abbrev  0x00002028       0x14 C:/ISIS/workspace/Taibeh/25.3.2020/satellite-subsystems/demo/../..//hal/at91/lib\libAt91D.a(cp15_asm.o)
 .debug_abbrev  0x0000203c       0xea C:/ISIS/workspace/Taibeh/25.3.2020/satellite-subsystems/demo/../..//hal/at91/lib\libAt91D.a(board_lowlevel.o)
 .debug_abbrev  0x00002126      0x149 C:/ISIS/workspace/Taibeh/25.3.2020/satellite-subsystems/demo/../..//hal/at91/lib\libAt91D.a(board_memories.o)

.debug_loc      0x00000000     0x2a54
 .debug_loc     0x00000000       0x84 ./src/main.o
 .debug_loc     0x00000084      0x3c8 C:/ISIS/workspace/Taibeh/25.3.2020/satellite-subsystems/demo/../..//hal/hal/lib\libHALD.a(I2C.o)
 .debug_loc     0x0000044c      0x134 C:/ISIS/workspace/Taibeh/25.3.2020/satellite-subsystems/demo/../..//hal/hal/lib\libHALD.a(LED.o)
 .debug_loc     0x00000580      0x210 C:/ISIS/workspace/Taibeh/25.3.2020/satellite-subsystems/demo/../..//hal/hal/lib\libHALD.a(SPI.o)
 .debug_loc     0x00000790       0x84 C:/ISIS/workspace/Taibeh/25.3.2020/satellite-subsystems/demo/../..//hal/hal/lib\libHALD.a(WatchDogTimerNoOS.o)
 .debug_loc     0x00000814       0xb0 C:/ISIS/workspace/Taibeh/25.3.2020/satellite-subsystems/demo/../..//hal/hal/lib\libHALD.a(WatchDogTimerOS.o)
 .debug_loc     0x000008c4      0x134 C:/ISIS/workspace/Taibeh/25.3.2020/satellite-subsystems/demo/../..//hal/hal/lib\libHALD.a(util.o)
 .debug_loc     0x000009f8      0x420 C:/ISIS/workspace/Taibeh/25.3.2020/satellite-subsystems/demo/../..//hal/freertos/lib\libFreeRTOSD.a(queue.o)
 .debug_loc     0x00000e18      0x65c C:/ISIS/workspace/Taibeh/25.3.2020/satellite-subsystems/demo/../..//hal/freertos/lib\libFreeRTOSD.a(tasks.o)
 .debug_loc     0x00001474       0x58 C:/ISIS/workspace/Taibeh/25.3.2020/satellite-subsystems/demo/../..//hal/freertos/lib\libFreeRTOSD.a(hooks.o)
 .debug_loc     0x000014cc       0xb0 C:/ISIS/workspace/Taibeh/25.3.2020/satellite-subsystems/demo/../..//hal/freertos/lib\libFreeRTOSD.a(standardMemMang.o)
 .debug_loc     0x0000157c      0x160 C:/ISIS/workspace/Taibeh/25.3.2020/satellite-subsystems/demo/../..//hal/freertos/lib\libFreeRTOSD.a(port.o)
 .debug_loc     0x000016dc       0xdc C:/ISIS/workspace/Taibeh/25.3.2020/satellite-subsystems/demo/../..//hal/freertos/lib\libFreeRTOSD.a(list.o)
 .debug_loc     0x000017b8      0x324 C:/ISIS/workspace/Taibeh/25.3.2020/satellite-subsystems/demo/../..//hal/at91/lib\libAt91D.a(syscalls.o)
 .debug_loc     0x00001adc       0x84 C:/ISIS/workspace/Taibeh/25.3.2020/satellite-subsystems/demo/../..//hal/at91/lib\libAt91D.a(aic.o)
 .debug_loc     0x00001b60      0x18c C:/ISIS/workspace/Taibeh/25.3.2020/satellite-subsystems/demo/../..//hal/at91/lib\libAt91D.a(cp15.o)
 .debug_loc     0x00001cec      0x134 C:/ISIS/workspace/Taibeh/25.3.2020/satellite-subsystems/demo/../..//hal/at91/lib\libAt91D.a(dbgu.o)
 .debug_loc     0x00001e20      0x1b8 C:/ISIS/workspace/Taibeh/25.3.2020/satellite-subsystems/demo/../..//hal/at91/lib\libAt91D.a(pio.o)
 .debug_loc     0x00001fd8      0x108 C:/ISIS/workspace/Taibeh/25.3.2020/satellite-subsystems/demo/../..//hal/at91/lib\libAt91D.a(pio_it.o)
 .debug_loc     0x000020e0      0x18c C:/ISIS/workspace/Taibeh/25.3.2020/satellite-subsystems/demo/../..//hal/at91/lib\libAt91D.a(pit.o)
 .debug_loc     0x0000226c      0x160 C:/ISIS/workspace/Taibeh/25.3.2020/satellite-subsystems/demo/../..//hal/at91/lib\libAt91D.a(pmc.o)
 .debug_loc     0x000023cc      0x18c C:/ISIS/workspace/Taibeh/25.3.2020/satellite-subsystems/demo/../..//hal/at91/lib\libAt91D.a(spi_at91.o)
 .debug_loc     0x00002558      0x294 C:/ISIS/workspace/Taibeh/25.3.2020/satellite-subsystems/demo/../..//hal/at91/lib\libAt91D.a(twi_at91.o)
 .debug_loc     0x000027ec       0xdc C:/ISIS/workspace/Taibeh/25.3.2020/satellite-subsystems/demo/../..//hal/at91/lib\libAt91D.a(ExitHandler.o)
 .debug_loc     0x000028c8       0xdc C:/ISIS/workspace/Taibeh/25.3.2020/satellite-subsystems/demo/../..//hal/at91/lib\libAt91D.a(board_lowlevel.o)
 .debug_loc     0x000029a4       0xb0 C:/ISIS/workspace/Taibeh/25.3.2020/satellite-subsystems/demo/../..//hal/at91/lib\libAt91D.a(board_memories.o)

.debug_aranges  0x00000000      0xab0
 .debug_aranges
                0x00000000       0x30 ./src/main.o
 .debug_aranges
                0x00000030       0x18 C:/ISIS/workspace/Taibeh/25.3.2020/satellite-subsystems/demo/..//satellite-subsystems/lib\libSatelliteSubsystemsD.a(version.o)
 .debug_aranges
                0x00000048       0xc8 C:/ISIS/workspace/Taibeh/25.3.2020/satellite-subsystems/demo/../..//hal/hal/lib\libHALD.a(I2C.o)
 .debug_aranges
                0x00000110       0x50 C:/ISIS/workspace/Taibeh/25.3.2020/satellite-subsystems/demo/../..//hal/hal/lib\libHALD.a(LED.o)
 .debug_aranges
                0x00000160       0x78 C:/ISIS/workspace/Taibeh/25.3.2020/satellite-subsystems/demo/../..//hal/hal/lib\libHALD.a(SPI.o)
 .debug_aranges
                0x000001d8       0x30 C:/ISIS/workspace/Taibeh/25.3.2020/satellite-subsystems/demo/../..//hal/hal/lib\libHALD.a(WatchDogTimerNoOS.o)
 .debug_aranges
                0x00000208       0x38 C:/ISIS/workspace/Taibeh/25.3.2020/satellite-subsystems/demo/../..//hal/hal/lib\libHALD.a(WatchDogTimerOS.o)
 .debug_aranges
                0x00000240       0x50 C:/ISIS/workspace/Taibeh/25.3.2020/satellite-subsystems/demo/../..//hal/hal/lib\libHALD.a(util.o)
 .debug_aranges
                0x00000290       0x18 C:/ISIS/workspace/Taibeh/25.3.2020/satellite-subsystems/demo/../..//hal/hal/lib\libHALD.a(version.o)
 .debug_aranges
                0x000002a8       0xd8 C:/ISIS/workspace/Taibeh/25.3.2020/satellite-subsystems/demo/../..//hal/freertos/lib\libFreeRTOSD.a(queue.o)
 .debug_aranges
                0x00000380      0x140 C:/ISIS/workspace/Taibeh/25.3.2020/satellite-subsystems/demo/../..//hal/freertos/lib\libFreeRTOSD.a(tasks.o)
 .debug_aranges
                0x000004c0       0x28 C:/ISIS/workspace/Taibeh/25.3.2020/satellite-subsystems/demo/../..//hal/freertos/lib\libFreeRTOSD.a(hooks.o)
 .debug_aranges
                0x000004e8       0x38 C:/ISIS/workspace/Taibeh/25.3.2020/satellite-subsystems/demo/../..//hal/freertos/lib\libFreeRTOSD.a(standardMemMang.o)
 .debug_aranges
                0x00000520       0x70 C:/ISIS/workspace/Taibeh/25.3.2020/satellite-subsystems/demo/../..//hal/freertos/lib\libFreeRTOSD.a(port.o)
 .debug_aranges
                0x00000590       0x40 C:/ISIS/workspace/Taibeh/25.3.2020/satellite-subsystems/demo/../..//hal/freertos/lib\libFreeRTOSD.a(list.o)
 .debug_aranges
                0x000005d0       0xa8 C:/ISIS/workspace/Taibeh/25.3.2020/satellite-subsystems/demo/../..//hal/at91/lib\libAt91D.a(syscalls.o)
 .debug_aranges
                0x00000678       0x30 C:/ISIS/workspace/Taibeh/25.3.2020/satellite-subsystems/demo/../..//hal/at91/lib\libAt91D.a(aic.o)
 .debug_aranges
                0x000006a8       0x60 C:/ISIS/workspace/Taibeh/25.3.2020/satellite-subsystems/demo/../..//hal/at91/lib\libAt91D.a(cp15.o)
 .debug_aranges
                0x00000708       0x50 C:/ISIS/workspace/Taibeh/25.3.2020/satellite-subsystems/demo/../..//hal/at91/lib\libAt91D.a(dbgu.o)
 .debug_aranges
                0x00000758       0x68 C:/ISIS/workspace/Taibeh/25.3.2020/satellite-subsystems/demo/../..//hal/at91/lib\libAt91D.a(pio.o)
 .debug_aranges
                0x000007c0       0x48 C:/ISIS/workspace/Taibeh/25.3.2020/satellite-subsystems/demo/../..//hal/at91/lib\libAt91D.a(pio_it.o)
 .debug_aranges
                0x00000808       0x60 C:/ISIS/workspace/Taibeh/25.3.2020/satellite-subsystems/demo/../..//hal/at91/lib\libAt91D.a(pit.o)
 .debug_aranges
                0x00000868       0x58 C:/ISIS/workspace/Taibeh/25.3.2020/satellite-subsystems/demo/../..//hal/at91/lib\libAt91D.a(pmc.o)
 .debug_aranges
                0x000008c0       0x60 C:/ISIS/workspace/Taibeh/25.3.2020/satellite-subsystems/demo/../..//hal/at91/lib\libAt91D.a(spi_at91.o)
 .debug_aranges
                0x00000920       0x90 C:/ISIS/workspace/Taibeh/25.3.2020/satellite-subsystems/demo/../..//hal/at91/lib\libAt91D.a(twi_at91.o)
 .debug_aranges
                0x000009b0       0x40 C:/ISIS/workspace/Taibeh/25.3.2020/satellite-subsystems/demo/../..//hal/at91/lib\libAt91D.a(ExitHandler.o)
 .debug_aranges
                0x000009f0       0x28 C:/ISIS/workspace/Taibeh/25.3.2020/satellite-subsystems/demo/../..//hal/at91/lib\libAt91D.a(board_cstartup.o)
 .debug_aranges
                0x00000a18       0x20 C:/ISIS/workspace/Taibeh/25.3.2020/satellite-subsystems/demo/../..//hal/at91/lib\libAt91D.a(cp15_asm.o)
 .debug_aranges
                0x00000a38       0x40 C:/ISIS/workspace/Taibeh/25.3.2020/satellite-subsystems/demo/../..//hal/at91/lib\libAt91D.a(board_lowlevel.o)
 .debug_aranges
                0x00000a78       0x38 C:/ISIS/workspace/Taibeh/25.3.2020/satellite-subsystems/demo/../..//hal/at91/lib\libAt91D.a(board_memories.o)

.debug_ranges   0x00000000      0x8d0
 .debug_ranges  0x00000000       0x20 ./src/main.o
 .debug_ranges  0x00000020       0xb8 C:/ISIS/workspace/Taibeh/25.3.2020/satellite-subsystems/demo/../..//hal/hal/lib\libHALD.a(I2C.o)
 .debug_ranges  0x000000d8       0x40 C:/ISIS/workspace/Taibeh/25.3.2020/satellite-subsystems/demo/../..//hal/hal/lib\libHALD.a(LED.o)
 .debug_ranges  0x00000118       0x68 C:/ISIS/workspace/Taibeh/25.3.2020/satellite-subsystems/demo/../..//hal/hal/lib\libHALD.a(SPI.o)
 .debug_ranges  0x00000180       0x20 C:/ISIS/workspace/Taibeh/25.3.2020/satellite-subsystems/demo/../..//hal/hal/lib\libHALD.a(WatchDogTimerNoOS.o)
 .debug_ranges  0x000001a0       0x28 C:/ISIS/workspace/Taibeh/25.3.2020/satellite-subsystems/demo/../..//hal/hal/lib\libHALD.a(WatchDogTimerOS.o)
 .debug_ranges  0x000001c8       0x40 C:/ISIS/workspace/Taibeh/25.3.2020/satellite-subsystems/demo/../..//hal/hal/lib\libHALD.a(util.o)
 .debug_ranges  0x00000208       0xc8 C:/ISIS/workspace/Taibeh/25.3.2020/satellite-subsystems/demo/../..//hal/freertos/lib\libFreeRTOSD.a(queue.o)
 .debug_ranges  0x000002d0      0x148 C:/ISIS/workspace/Taibeh/25.3.2020/satellite-subsystems/demo/../..//hal/freertos/lib\libFreeRTOSD.a(tasks.o)
 .debug_ranges  0x00000418       0x18 C:/ISIS/workspace/Taibeh/25.3.2020/satellite-subsystems/demo/../..//hal/freertos/lib\libFreeRTOSD.a(hooks.o)
 .debug_ranges  0x00000430       0x28 C:/ISIS/workspace/Taibeh/25.3.2020/satellite-subsystems/demo/../..//hal/freertos/lib\libFreeRTOSD.a(standardMemMang.o)
 .debug_ranges  0x00000458       0x60 C:/ISIS/workspace/Taibeh/25.3.2020/satellite-subsystems/demo/../..//hal/freertos/lib\libFreeRTOSD.a(port.o)
 .debug_ranges  0x000004b8       0x30 C:/ISIS/workspace/Taibeh/25.3.2020/satellite-subsystems/demo/../..//hal/freertos/lib\libFreeRTOSD.a(list.o)
 .debug_ranges  0x000004e8       0x98 C:/ISIS/workspace/Taibeh/25.3.2020/satellite-subsystems/demo/../..//hal/at91/lib\libAt91D.a(syscalls.o)
 .debug_ranges  0x00000580       0x20 C:/ISIS/workspace/Taibeh/25.3.2020/satellite-subsystems/demo/../..//hal/at91/lib\libAt91D.a(aic.o)
 .debug_ranges  0x000005a0       0x50 C:/ISIS/workspace/Taibeh/25.3.2020/satellite-subsystems/demo/../..//hal/at91/lib\libAt91D.a(cp15.o)
 .debug_ranges  0x000005f0       0x40 C:/ISIS/workspace/Taibeh/25.3.2020/satellite-subsystems/demo/../..//hal/at91/lib\libAt91D.a(dbgu.o)
 .debug_ranges  0x00000630       0x58 C:/ISIS/workspace/Taibeh/25.3.2020/satellite-subsystems/demo/../..//hal/at91/lib\libAt91D.a(pio.o)
 .debug_ranges  0x00000688       0x38 C:/ISIS/workspace/Taibeh/25.3.2020/satellite-subsystems/demo/../..//hal/at91/lib\libAt91D.a(pio_it.o)
 .debug_ranges  0x000006c0       0x50 C:/ISIS/workspace/Taibeh/25.3.2020/satellite-subsystems/demo/../..//hal/at91/lib\libAt91D.a(pit.o)
 .debug_ranges  0x00000710       0x48 C:/ISIS/workspace/Taibeh/25.3.2020/satellite-subsystems/demo/../..//hal/at91/lib\libAt91D.a(pmc.o)
 .debug_ranges  0x00000758       0x50 C:/ISIS/workspace/Taibeh/25.3.2020/satellite-subsystems/demo/../..//hal/at91/lib\libAt91D.a(spi_at91.o)
 .debug_ranges  0x000007a8       0x80 C:/ISIS/workspace/Taibeh/25.3.2020/satellite-subsystems/demo/../..//hal/at91/lib\libAt91D.a(twi_at91.o)
 .debug_ranges  0x00000828       0x30 C:/ISIS/workspace/Taibeh/25.3.2020/satellite-subsystems/demo/../..//hal/at91/lib\libAt91D.a(ExitHandler.o)
 .debug_ranges  0x00000858       0x20 C:/ISIS/workspace/Taibeh/25.3.2020/satellite-subsystems/demo/../..//hal/at91/lib\libAt91D.a(board_cstartup.o)
 .debug_ranges  0x00000878       0x30 C:/ISIS/workspace/Taibeh/25.3.2020/satellite-subsystems/demo/../..//hal/at91/lib\libAt91D.a(board_lowlevel.o)
 .debug_ranges  0x000008a8       0x28 C:/ISIS/workspace/Taibeh/25.3.2020/satellite-subsystems/demo/../..//hal/at91/lib\libAt91D.a(board_memories.o)

.debug_line     0x00000000     0x3d45
 .debug_line    0x00000000      0x547 ./src/main.o
 .debug_line    0x00000547       0x36 C:/ISIS/workspace/Taibeh/25.3.2020/satellite-subsystems/demo/..//satellite-subsystems/lib\libSatelliteSubsystemsD.a(version.o)
 .debug_line    0x0000057d      0x4fa C:/ISIS/workspace/Taibeh/25.3.2020/satellite-subsystems/demo/../..//hal/hal/lib\libHALD.a(I2C.o)
 .debug_line    0x00000a77      0x1fa C:/ISIS/workspace/Taibeh/25.3.2020/satellite-subsystems/demo/../..//hal/hal/lib\libHALD.a(LED.o)
 .debug_line    0x00000c71      0x3d7 C:/ISIS/workspace/Taibeh/25.3.2020/satellite-subsystems/demo/../..//hal/hal/lib\libHALD.a(SPI.o)
 .debug_line    0x00001048       0xe3 C:/ISIS/workspace/Taibeh/25.3.2020/satellite-subsystems/demo/../..//hal/hal/lib\libHALD.a(WatchDogTimerNoOS.o)
 .debug_line    0x0000112b      0x147 C:/ISIS/workspace/Taibeh/25.3.2020/satellite-subsystems/demo/../..//hal/hal/lib\libHALD.a(WatchDogTimerOS.o)
 .debug_line    0x00001272      0x1e1 C:/ISIS/workspace/Taibeh/25.3.2020/satellite-subsystems/demo/../..//hal/hal/lib\libHALD.a(util.o)
 .debug_line    0x00001453       0x36 C:/ISIS/workspace/Taibeh/25.3.2020/satellite-subsystems/demo/../..//hal/hal/lib\libHALD.a(version.o)
 .debug_line    0x00001489      0x5ae C:/ISIS/workspace/Taibeh/25.3.2020/satellite-subsystems/demo/../..//hal/freertos/lib\libFreeRTOSD.a(queue.o)
 .debug_line    0x00001a37      0x82a C:/ISIS/workspace/Taibeh/25.3.2020/satellite-subsystems/demo/../..//hal/freertos/lib\libFreeRTOSD.a(tasks.o)
 .debug_line    0x00002261       0x77 C:/ISIS/workspace/Taibeh/25.3.2020/satellite-subsystems/demo/../..//hal/freertos/lib\libFreeRTOSD.a(hooks.o)
 .debug_line    0x000022d8       0xf9 C:/ISIS/workspace/Taibeh/25.3.2020/satellite-subsystems/demo/../..//hal/freertos/lib\libFreeRTOSD.a(standardMemMang.o)
 .debug_line    0x000023d1      0x1ea C:/ISIS/workspace/Taibeh/25.3.2020/satellite-subsystems/demo/../..//hal/freertos/lib\libFreeRTOSD.a(port.o)
 .debug_line    0x000025bb      0x10e C:/ISIS/workspace/Taibeh/25.3.2020/satellite-subsystems/demo/../..//hal/freertos/lib\libFreeRTOSD.a(list.o)
 .debug_line    0x000026c9      0x356 C:/ISIS/workspace/Taibeh/25.3.2020/satellite-subsystems/demo/../..//hal/at91/lib\libAt91D.a(syscalls.o)
 .debug_line    0x00002a1f       0xb2 C:/ISIS/workspace/Taibeh/25.3.2020/satellite-subsystems/demo/../..//hal/at91/lib\libAt91D.a(aic.o)
 .debug_line    0x00002ad1      0x101 C:/ISIS/workspace/Taibeh/25.3.2020/satellite-subsystems/demo/../..//hal/at91/lib\libAt91D.a(cp15.o)
 .debug_line    0x00002bd2      0x2cc C:/ISIS/workspace/Taibeh/25.3.2020/satellite-subsystems/demo/../..//hal/at91/lib\libAt91D.a(dbgu.o)
 .debug_line    0x00002e9e      0x1b7 C:/ISIS/workspace/Taibeh/25.3.2020/satellite-subsystems/demo/../..//hal/at91/lib\libAt91D.a(pio.o)
 .debug_line    0x00003055      0x18a C:/ISIS/workspace/Taibeh/25.3.2020/satellite-subsystems/demo/../..//hal/at91/lib\libAt91D.a(pio_it.o)
 .debug_line    0x000031df      0x136 C:/ISIS/workspace/Taibeh/25.3.2020/satellite-subsystems/demo/../..//hal/at91/lib\libAt91D.a(pit.o)
 .debug_line    0x00003315      0x145 C:/ISIS/workspace/Taibeh/25.3.2020/satellite-subsystems/demo/../..//hal/at91/lib\libAt91D.a(pmc.o)
 .debug_line    0x0000345a      0x14e C:/ISIS/workspace/Taibeh/25.3.2020/satellite-subsystems/demo/../..//hal/at91/lib\libAt91D.a(spi_at91.o)
 .debug_line    0x000035a8      0x2e9 C:/ISIS/workspace/Taibeh/25.3.2020/satellite-subsystems/demo/../..//hal/at91/lib\libAt91D.a(twi_at91.o)
 .debug_line    0x00003891       0xda C:/ISIS/workspace/Taibeh/25.3.2020/satellite-subsystems/demo/../..//hal/at91/lib\libAt91D.a(ExitHandler.o)
 .debug_line    0x0000396b      0x109 C:/ISIS/workspace/Taibeh/25.3.2020/satellite-subsystems/demo/../..//hal/at91/lib\libAt91D.a(board_cstartup.o)
 .debug_line    0x00003a74       0x6f C:/ISIS/workspace/Taibeh/25.3.2020/satellite-subsystems/demo/../..//hal/at91/lib\libAt91D.a(cp15_asm.o)
 .debug_line    0x00003ae3      0x122 C:/ISIS/workspace/Taibeh/25.3.2020/satellite-subsystems/demo/../..//hal/at91/lib\libAt91D.a(board_lowlevel.o)
 .debug_line    0x00003c05      0x140 C:/ISIS/workspace/Taibeh/25.3.2020/satellite-subsystems/demo/../..//hal/at91/lib\libAt91D.a(board_memories.o)

.debug_str      0x00000000     0x34a8
 .debug_str     0x00000000      0x7fe ./src/main.o
                                0x86f (size before relaxing)
 .debug_str     0x000007fe       0x70 C:/ISIS/workspace/Taibeh/25.3.2020/satellite-subsystems/demo/..//satellite-subsystems/lib\libSatelliteSubsystemsD.a(version.o)
                                0x168 (size before relaxing)
 .debug_str     0x0000086e      0x6dc C:/ISIS/workspace/Taibeh/25.3.2020/satellite-subsystems/demo/../..//hal/hal/lib\libHALD.a(I2C.o)
                                0xa1c (size before relaxing)
 .debug_str     0x00000f4a       0x72 C:/ISIS/workspace/Taibeh/25.3.2020/satellite-subsystems/demo/../..//hal/hal/lib\libHALD.a(LED.o)
                                0x31d (size before relaxing)
 .debug_str     0x00000fbc      0x40f C:/ISIS/workspace/Taibeh/25.3.2020/satellite-subsystems/demo/../..//hal/hal/lib\libHALD.a(SPI.o)
                                0x8be (size before relaxing)
 .debug_str     0x000013cb       0x6b C:/ISIS/workspace/Taibeh/25.3.2020/satellite-subsystems/demo/../..//hal/hal/lib\libHALD.a(WatchDogTimerNoOS.o)
                                0x2f3 (size before relaxing)
 .debug_str     0x00001436       0xd2 C:/ISIS/workspace/Taibeh/25.3.2020/satellite-subsystems/demo/../..//hal/hal/lib\libHALD.a(WatchDogTimerOS.o)
                                0x22e (size before relaxing)
 .debug_str     0x00001508       0xc4 C:/ISIS/workspace/Taibeh/25.3.2020/satellite-subsystems/demo/../..//hal/hal/lib\libHALD.a(util.o)
                                0x1e2 (size before relaxing)
 .debug_str     0x00000000       0xf6 C:/ISIS/workspace/Taibeh/25.3.2020/satellite-subsystems/demo/../..//hal/hal/lib\libHALD.a(version.o)
 .debug_str     0x000015cc      0x512 C:/ISIS/workspace/Taibeh/25.3.2020/satellite-subsystems/demo/../..//hal/freertos/lib\libFreeRTOSD.a(queue.o)
                                0x643 (size before relaxing)
 .debug_str     0x00001ade      0x734 C:/ISIS/workspace/Taibeh/25.3.2020/satellite-subsystems/demo/../..//hal/freertos/lib\libFreeRTOSD.a(tasks.o)
                                0x96e (size before relaxing)
 .debug_str     0x00002212       0x3a C:/ISIS/workspace/Taibeh/25.3.2020/satellite-subsystems/demo/../..//hal/freertos/lib\libFreeRTOSD.a(hooks.o)
                                0x17e (size before relaxing)
 .debug_str     0x0000224c       0x6f C:/ISIS/workspace/Taibeh/25.3.2020/satellite-subsystems/demo/../..//hal/freertos/lib\libFreeRTOSD.a(standardMemMang.o)
                                0x18e (size before relaxing)
 .debug_str     0x000022bb      0x155 C:/ISIS/workspace/Taibeh/25.3.2020/satellite-subsystems/demo/../..//hal/freertos/lib\libFreeRTOSD.a(port.o)
                                0x2f6 (size before relaxing)
 .debug_str     0x00002410       0xa1 C:/ISIS/workspace/Taibeh/25.3.2020/satellite-subsystems/demo/../..//hal/freertos/lib\libFreeRTOSD.a(list.o)
                                0x257 (size before relaxing)
 .debug_str     0x000024b1      0x1e1 C:/ISIS/workspace/Taibeh/25.3.2020/satellite-subsystems/demo/../..//hal/at91/lib\libAt91D.a(syscalls.o)
                                0x30e (size before relaxing)
 .debug_str     0x00002692      0x104 C:/ISIS/workspace/Taibeh/25.3.2020/satellite-subsystems/demo/../..//hal/at91/lib\libAt91D.a(aic.o)
                                0x1be (size before relaxing)
 .debug_str     0x00002796       0xd5 C:/ISIS/workspace/Taibeh/25.3.2020/satellite-subsystems/demo/../..//hal/at91/lib\libAt91D.a(cp15.o)
                                0x1e9 (size before relaxing)
 .debug_str     0x0000286b      0x164 C:/ISIS/workspace/Taibeh/25.3.2020/satellite-subsystems/demo/../..//hal/at91/lib\libAt91D.a(dbgu.o)
                                0x65a (size before relaxing)
 .debug_str     0x000029cf       0xde C:/ISIS/workspace/Taibeh/25.3.2020/satellite-subsystems/demo/../..//hal/at91/lib\libAt91D.a(pio.o)
                                0x408 (size before relaxing)
 .debug_str     0x00002aad       0xba C:/ISIS/workspace/Taibeh/25.3.2020/satellite-subsystems/demo/../..//hal/at91/lib\libAt91D.a(pio_it.o)
                                0x405 (size before relaxing)
 .debug_str     0x00002b67       0x9b C:/ISIS/workspace/Taibeh/25.3.2020/satellite-subsystems/demo/../..//hal/at91/lib\libAt91D.a(pit.o)
                                0x17c (size before relaxing)
 .debug_str     0x00002c02       0xcf C:/ISIS/workspace/Taibeh/25.3.2020/satellite-subsystems/demo/../..//hal/at91/lib\libAt91D.a(pmc.o)
                                0x2ac (size before relaxing)
 .debug_str     0x00002cd1       0xbd C:/ISIS/workspace/Taibeh/25.3.2020/satellite-subsystems/demo/../..//hal/at91/lib\libAt91D.a(spi_at91.o)
                                0x2f4 (size before relaxing)
 .debug_str     0x00002d8e      0x166 C:/ISIS/workspace/Taibeh/25.3.2020/satellite-subsystems/demo/../..//hal/at91/lib\libAt91D.a(twi_at91.o)
                                0x3b0 (size before relaxing)
 .debug_str     0x00002ef4      0x127 C:/ISIS/workspace/Taibeh/25.3.2020/satellite-subsystems/demo/../..//hal/at91/lib\libAt91D.a(ExitHandler.o)
                                0x24e (size before relaxing)
 .debug_str     0x0000301b      0x27d C:/ISIS/workspace/Taibeh/25.3.2020/satellite-subsystems/demo/../..//hal/at91/lib\libAt91D.a(board_lowlevel.o)
                                0x4c6 (size before relaxing)
 .debug_str     0x00003298      0x210 C:/ISIS/workspace/Taibeh/25.3.2020/satellite-subsystems/demo/../..//hal/at91/lib\libAt91D.a(board_memories.o)
                                0x641 (size before relaxing)

.comment        0x00000000       0x70
 .comment       0x00000000       0x70 ./src/main.o
                                 0x71 (size before relaxing)
 .comment       0x00000000       0x71 C:/ISIS/workspace/Taibeh/25.3.2020/satellite-subsystems/demo/..//satellite-subsystems/lib\libSatelliteSubsystemsD.a(version.o)
 .comment       0x00000000       0x71 C:/ISIS/workspace/Taibeh/25.3.2020/satellite-subsystems/demo/../..//hal/hal/lib\libHALD.a(I2C.o)
 .comment       0x00000000       0x71 C:/ISIS/workspace/Taibeh/25.3.2020/satellite-subsystems/demo/../..//hal/hal/lib\libHALD.a(LED.o)
 .comment       0x00000000       0x71 C:/ISIS/workspace/Taibeh/25.3.2020/satellite-subsystems/demo/../..//hal/hal/lib\libHALD.a(SPI.o)
 .comment       0x00000000       0x71 C:/ISIS/workspace/Taibeh/25.3.2020/satellite-subsystems/demo/../..//hal/hal/lib\libHALD.a(WatchDogTimerNoOS.o)
 .comment       0x00000000       0x71 C:/ISIS/workspace/Taibeh/25.3.2020/satellite-subsystems/demo/../..//hal/hal/lib\libHALD.a(WatchDogTimerOS.o)
 .comment       0x00000000       0x71 C:/ISIS/workspace/Taibeh/25.3.2020/satellite-subsystems/demo/../..//hal/hal/lib\libHALD.a(util.o)